Change component parameters: Designator = "C34A" ("C34"); Footprint = "0603_CAP"; UniqueID = "\JSKGTNTT\YULIZLTC\XFNRZTCG" ("\JSKGTNTT\YULIZLTC\XFNRZTCG")
Change component parameters (AddParameter): Name = "Casing"; Value = "0603"; VariantName = "[No Variations]"
Change component parameters (AddParameter): Name = "Dielectric"; Value = "X7R"; VariantName = "[No Variations]"
Change component parameters (AddParameter): Name = "Tolerance"; Value = "5%"; VariantName = "[No Variations]"
Change component parameters (AddParameter): Name = "Value"; Value = "10nF"; VariantName = "[No Variations]"
Change component parameters (AddParameter): Name = "Voltage"; Value = "35V"; VariantName = "[No Variations]"
Change component parameters: Designator = "C34B" ("C34"); Footprint = "0603_CAP"; UniqueID = "\JSKGTNTT\WHIDIEHS\XFNRZTCG" ("\JSKGTNTT\WHIDIEHS\XFNRZTCG")
Change component parameters (AddParameter): Name = "Casing"; Value = "0603"; VariantName = "[No Variations]"
Change component parameters (AddParameter): Name = "Dielectric"; Value = "X7R"; VariantName = "[No Variations]"
Change component parameters (AddParameter): Name = "Tolerance"; Value = "5%"; VariantName = "[No Variations]"
Change component parameters (AddParameter): Name = "Value"; Value = "10nF"; VariantName = "[No Variations]"
Change component parameters (AddParameter): Name = "Voltage"; Value = "35V"; VariantName = "[No Variations]"
Change component parameters: Designator = "C36A" ("C36"); Footprint = "0603_CAP"; UniqueID = "\JSKGTNTT\YULIZLTC\ZERABEGO" ("\JSKGTNTT\YULIZLTC\ZERABEGO")
Change component parameters (AddParameter): Name = "Casing"; Value = "0603"; VariantName = "[No Variations]"
Change component parameters (AddParameter): Name = "Dielectric"; Value = "X7R"; VariantName = "[No Variations]"
Change component parameters (AddParameter): Name = "Tolerance"; Value = "5%"; VariantName = "[No Variations]"
Change component parameters (AddParameter): Name = "Value"; Value = "10nF"; VariantName = "[No Variations]"
Change component parameters (AddParameter): Name = "Voltage"; Value = "35V"; VariantName = "[No Variations]"
Change component parameters: Designator = "C36B" ("C36"); Footprint = "0603_CAP"; UniqueID = "\JSKGTNTT\WHIDIEHS\ZERABEGO" ("\JSKGTNTT\WHIDIEHS\ZERABEGO")
Change component parameters (AddParameter): Name = "Casing"; Value = "0603"; VariantName = "[No Variations]"
Change component parameters (AddParameter): Name = "Dielectric"; Value = "X7R"; VariantName = "[No Variations]"
Change component parameters (AddParameter): Name = "Tolerance"; Value = "5%"; VariantName = "[No Variations]"
Change component parameters (AddParameter): Name = "Value"; Value = "10nF"; VariantName = "[No Variations]"
Change component parameters (AddParameter): Name = "Voltage"; Value = "35V"; VariantName = "[No Variations]"
