Added Class: Name=Voltage = 20.00
Added Member To Class: ClassName=U_USBPD Member=Component C1 10u 25V
Added Member To Class: ClassName=U_USBPD Member=Component C2 10u 25V
Added Member To Class: ClassName=U_USBPD Member=Component C3 1uF_10V
Added Member To Class: ClassName=U_USBPD Member=Component C4 100n 10V
Added Member To Class: ClassName=U_USBPD Member=Component C5 100n 25V
Added Member To Class: ClassName=U_DCDCreg5 Member=Component C6_U_DCDCreg5 (C6) 100n 25V
Added Member To Class: ClassName=U_DCDCreg Member=Component C6_U_DCDCreg (C6) 100n 25V
Added Member To Class: ClassName=U_DCDCreg5 Member=Component C7_U_DCDCreg5 (C7) 100n 25V
Added Member To Class: ClassName=U_DCDCreg Member=Component C7_U_DCDCreg (C7) 100n 25V
Added Member To Class: ClassName=U_DCDCreg5 Member=Component C8_U_DCDCreg5 (C8) A768EB107M1ELAS036
Added Member To Class: ClassName=U_DCDCreg Member=Component C8_U_DCDCreg (C8) A768EB107M1ELAS036
Added Member To Class: ClassName=U_DCDCreg5 Member=Component C9_U_DCDCreg5 (C9) 10u 25V
Added Member To Class: ClassName=U_DCDCreg Member=Component C9_U_DCDCreg (C9) 10u 25V
Added Member To Class: ClassName=U_DCDCreg5 Member=Component C10_U_DCDCreg5 (C10) 1uF 25V
Added Member To Class: ClassName=U_DCDCreg Member=Component C10_U_DCDCreg (C10) 1uF 25V
Added Member To Class: ClassName=U_DCDCreg5 Member=Component C11_U_DCDCreg5 (C11) A768EB107M1ELAS036
Added Member To Class: ClassName=U_DCDCreg Member=Component C11_U_DCDCreg (C11) A768EB107M1ELAS036
Added Member To Class: ClassName=U_DCDCreg5 Member=Component C12_U_DCDCreg5 (C12) 1uF 25V
Added Member To Class: ClassName=U_DCDCreg Member=Component C12_U_DCDCreg (C12) 1uF 25V
Added Member To Class: ClassName=U_DCDCreg5 Member=Component C13_U_DCDCreg5 (C13) 22u 25V
Added Member To Class: ClassName=U_DCDCreg Member=Component C13_U_DCDCreg (C13) 22u 25V
Added Member To Class: ClassName=U_DCDCreg5 Member=Component C14_U_DCDCreg5 (C14) 22u 25V
Added Member To Class: ClassName=U_DCDCreg Member=Component C14_U_DCDCreg (C14) 22u 25V
Added Member To Class: ClassName=U_DCDCreg5 Member=Component C15_U_DCDCreg5 (C15) 22u 25V
Added Member To Class: ClassName=U_DCDCreg Member=Component C15_U_DCDCreg (C15) 22u 25V
Added Member To Class: ClassName=U_DCDCreg5 Member=Component C16_U_DCDCreg5 (C16) A768EB107M1ELAS036
Added Member To Class: ClassName=U_DCDCreg Member=Component C16_U_DCDCreg (C16) A768EB107M1ELAS036
Added Member To Class: ClassName=U_DCDCreg5 Member=Component C17_U_DCDCreg5 (C17) 4u7 16V
Added Member To Class: ClassName=U_DCDCreg Member=Component C17_U_DCDCreg (C17) 4u7 16V
Added Member To Class: ClassName=U_DCDC3 Member=Component C18 100n 10V
Added Member To Class: ClassName=U_DCDC3 Member=Component C19 120pF 10V
Added Member To Class: ClassName=U_DCDC3 Member=Component C20 22u 25V
Added Member To Class: ClassName=U_DCDC3 Member=Component C21 100n 25V
Added Member To Class: ClassName=U_DCDC3 Member=Component C22 22u 10V
Added Member To Class: ClassName=U_DCDC3 Member=Component C23 22u 10V
Added Member To Class: ClassName=U_PowerAssembly Member=Component C24 35PX470MEFC10X12.5
Added Member To Class: ClassName=U_PowerAssembly Member=Component C25 22n 25V
Added Member To Class: ClassName=U_PowerAssembly Member=Component C26 22n 25V
Added Member To Class: ClassName=U_PowerAssembly Member=Component C27 22n 25V
Added Member To Class: ClassName=U_PowerAssembly Member=Component C28 22n 25V
Added Member To Class: ClassName=U_PowerAssembly Member=Component C29 22u 25V
Added Member To Class: ClassName=U_PowerAssembly Member=Component C30 1uF_10V
Added Member To Class: ClassName=U_PowerIO_1 Member=Component C31_U_PowerIO_1 (C31) 35PX470MEFC10X12.5
Added Member To Class: ClassName=U_PowerIO_2 Member=Component C31_U_PowerIO_2 (C31) 35PX470MEFC10X12.5
Added Member To Class: ClassName=U_PowerIO_1 Member=Component C32_U_PowerIO_1 (C32) 1uF 25V
Added Member To Class: ClassName=U_PowerIO_2 Member=Component C32_U_PowerIO_2 (C32) 1uF 25V
Added Member To Class: ClassName=U_PowerIO_1 Member=Component C33_U_PowerIO_1 (C33) 10nF 25V
Added Member To Class: ClassName=U_PowerIO_2 Member=Component C33_U_PowerIO_2 (C33) 10nF 25V
Added Member To Class: ClassName=U_PowerIO_1 Member=Component C34_U_PowerIO_1 (C34) 1uF_10V
Added Member To Class: ClassName=U_PowerIO_2 Member=Component C34_U_PowerIO_2 (C34) 1uF_10V
Added Member To Class: ClassName=U_PowerIO_1 Member=Component C35_U_PowerIO_1 (C35) 100n 25V
Added Member To Class: ClassName=U_PowerIO_2 Member=Component C35_U_PowerIO_2 (C35) 100n 25V
Added Member To Class: ClassName=U_PowerIO_1 Member=Component C36_U_PowerIO_1 (C36) 1uF_10V
Added Member To Class: ClassName=U_PowerIO_2 Member=Component C36_U_PowerIO_2 (C36) 1uF_10V
Added Member To Class: ClassName=U_PWMExpander Member=Component C37 1uF_10V
Added Member To Class: ClassName=U_PWMExpander Member=Component C38 35PX470MEFC10X12.5
Added Member To Class: ClassName=U_MCU Member=Component C39 100n 25V
Added Member To Class: ClassName=U_MCU Member=Component C40 10u 10V
Added Member To Class: ClassName=U_MCU Member=Component C41 10u 10V
Added Member To Class: ClassName=U_MCU Member=Component C42 100n 10V
Added Member To Class: ClassName=U_MCU Member=Component C43 1uF_10V
Added Member To Class: ClassName=U_MCU Member=Component C44 100n 25V
Added Member To Class: ClassName=U_GPIOExpander Member=Component C45 1uF_10V
Added Member To Class: ClassName=U_GPIOExpander Member=Component C46 1uF_10V
Added Member To Class: ClassName=U_MuxVM_1 Member=Component C47_U_MuxVM_1 (C47) 35PX470MEFC10X12.5
Added Member To Class: ClassName=U_MuxVM_2 Member=Component C47_U_MuxVM_2 (C47) 35PX470MEFC10X12.5
Added Member To Class: ClassName=U_MuxVM_1 Member=Component C48_U_MuxVM_1 (C48) 1uF 25V
Added Member To Class: ClassName=U_MuxVM_2 Member=Component C48_U_MuxVM_2 (C48) 1uF 25V
Added Member To Class: ClassName=U_MuxVM_1 Member=Component C49_U_MuxVM_1 (C49) 3n3 25V
Added Member To Class: ClassName=U_MuxVM_2 Member=Component C49_U_MuxVM_2 (C49) 3n3 25V
Added Member To Class: ClassName=U_MuxVM_1 Member=Component C50_U_MuxVM_1 (C50) 35PX470MEFC10X12.5
Added Member To Class: ClassName=U_MuxVM_2 Member=Component C50_U_MuxVM_2 (C50) 35PX470MEFC10X12.5
Added Member To Class: ClassName=U_MuxVM_1 Member=Component C51_U_MuxVM_1 (C51) 1uF 25V
Added Member To Class: ClassName=U_MuxVM_2 Member=Component C51_U_MuxVM_2 (C51) 1uF 25V
Added Member To Class: ClassName=U_MuxVM_1 Member=Component C52_U_MuxVM_1 (C52) 3n3 25V
Added Member To Class: ClassName=U_MuxVM_2 Member=Component C52_U_MuxVM_2 (C52) 3n3 25V
Added Member To Class: ClassName=U_ADCHighVoltageInputsSchDoc Member=Component C53 22u 10V
Added Member To Class: ClassName=U_ADCHighVoltageInputsSchDoc Member=Component C54 1uF_10V
Added Member To Class: ClassName=U_ADCHighVoltageInputsSchDoc Member=Component C55 1uF_10V
Added Member To Class: ClassName=U_ADCHighVoltageInputsSchDoc Member=Component C56 1uF_10V
Added Member To Class: ClassName=U_DAC Member=Component C57 22u 10V
Added Member To Class: ClassName=U_DAC Member=Component C58 1uF_10V
Added Member To Class: ClassName=U_DAC Member=Component C59 100n 10V
Added Member To Class: ClassName=U_DAC Member=Component C60 1uF_10V
Added Member To Class: ClassName=U_DAC Member=Component C61 1uF_10V
Added Member To Class: ClassName=U_DCDCreg5 Member=Component C*1_U_DCDCreg5 (C*1) 120pF 10V
Added Member To Class: ClassName=U_DCDCreg Member=Component C*1_U_DCDCreg (C*1) 120pF 10V
Added Member To Class: ClassName=U_DCDCreg5 Member=Component C*2_U_DCDCreg5 (C*2) 4u7 16V
Added Member To Class: ClassName=U_DCDCreg Member=Component C*2_U_DCDCreg (C*2) 4u7 16V
Added Member To Class: ClassName=U_DCDC3 Member=Component C*3 100n 10V
Added Member To Class: ClassName=U_USBPD Member=Component D1 SMBJ20A
Added Member To Class: ClassName=U_USBPD Member=Component D2 SMBJ20A
Added Member To Class: ClassName=U_USBPD Member=Component D3 RED
Added Member To Class: ClassName=U_DCDC3 Member=Component D4 RED
Added Member To Class: ClassName=U_PowerAssembly Member=Component D5 SL12-E3/61T
Added Member To Class: ClassName=U_PowerAssembly Member=Component D6 SMBJ20A
Added Member To Class: ClassName=U_PWMExpander Member=Component D7 CUS520,H3F
Added Member To Class: ClassName=U_PWMExpander Member=Component D8 CUS520,H3F
Added Member To Class: ClassName=U_PWMExpander Member=Component D9 CUS520,H3F
Added Member To Class: ClassName=U_PWMExpander Member=Component D10 CUS520,H3F
Added Member To Class: ClassName=U_PWMExpander Member=Component D11 CUS520,H3F
Added Member To Class: ClassName=U_PWMExpander Member=Component D12 CUS520,H3F
Added Member To Class: ClassName=U_PWMExpander Member=Component D13 CUS520,H3F
Added Member To Class: ClassName=U_PWMExpander Member=Component D14 CUS520,H3F
Added Member To Class: ClassName=U_PWMExpander Member=Component D15 USBLC6-4SC6
Added Member To Class: ClassName=U_PWMExpander Member=Component D16 USBLC6-4SC6
Added Member To Class: ClassName=U_MCU Member=Component D17 USBLC6-4SC6
Added Member To Class: ClassName=U_MCU Member=Component D18 USBLC6-4SC6
Added Member To Class: ClassName=U_MCU Member=Component D19 USBLC6-4SC6
Added Member To Class: ClassName=U_GPIOExpander Member=Component D20 RED
Added Member To Class: ClassName=U_GPIOExpander Member=Component D21 RED
Added Member To Class: ClassName=U_ADCHighVoltageInputsSchDoc Member=Component D22 USBLC6-4SC6
Added Member To Class: ClassName=U_ADCHighVoltageInputsSchDoc Member=Component D23 USBLC6-4SC6
Added Member To Class: ClassName=U_PowerAssembly Member=Component D24 SMBJ20A
Added Member To Class: ClassName=U_USBPD Member=Component F1 RUEF500
Added Member To Class: ClassName=U_PowerAssembly Member=Component F2 SD110-08
Added Member To Class: ClassName=U_PowerAssembly Member=Component F3 RUEF500
Added Member To Class: ClassName=U_PowerAssembly Member=Component F4 RUEF500
Added Member To Class: ClassName=U_PowerIO_1 Member=Component FB1_U_PowerIO_1 (FB1) MH2029-300T
Added Member To Class: ClassName=U_PowerIO_2 Member=Component FB1_U_PowerIO_2 (FB1) MH2029-300T
Added Member To Class: ClassName=U_PowerIO_1 Member=Component FB2_U_PowerIO_1 (FB2) MH2029-300T
Added Member To Class: ClassName=U_PowerIO_2 Member=Component FB2_U_PowerIO_2 (FB2) MH2029-300T
Added Member To Class: ClassName=U_PowerIO_1 Member=Component FB3_U_PowerIO_1 (FB3) MH2029-300T
Added Member To Class: ClassName=U_PowerIO_2 Member=Component FB3_U_PowerIO_2 (FB3) MH2029-300T
Added Member To Class: ClassName=U_PowerIO_1 Member=Component FB4_U_PowerIO_1 (FB4) MH2029-300T
Added Member To Class: ClassName=U_PowerIO_2 Member=Component FB4_U_PowerIO_2 (FB4) MH2029-300T
Added Member To Class: ClassName=U_USBPD Member=Component J1 USB4105-GF-A-120.
Added Member To Class: ClassName=U_PowerAssembly Member=Component J2 XT60U-M
Added Member To Class: ClassName=U_PowerAssembly Member=Component J3 TB001-500-02BE
Added Member To Class: ClassName=U_PowerAssembly Member=Component J4 TB001-500-02BE
Added Member To Class: ClassName=U_PowerAssembly Member=Component J5 TB001-500-02BE
Added Member To Class: ClassName=U_PowerAssembly Member=Component J6 TB001-500-02BE
Added Member To Class: ClassName=U_PowerIO_1 Member=Component J7_U_PowerIO_1 (J7) TB001-500-02BE
Added Member To Class: ClassName=U_PowerIO_2 Member=Component J7_U_PowerIO_2 (J7) TB001-500-02BE
Added Member To Class: ClassName=U_PowerIO_1 Member=Component J8_U_PowerIO_1 (J8) TB001-500-02BE
Added Member To Class: ClassName=U_PowerIO_2 Member=Component J8_U_PowerIO_2 (J8) TB001-500-02BE
Added Member To Class: ClassName=U_PWMExpander Member=Component J9 Goldpin
Added Member To Class: ClassName=U_PWMExpander Member=Component J10 Goldpin
Added Member To Class: ClassName=U_PWMExpander Member=Component J11 Goldpin
Added Member To Class: ClassName=U_MCU Member=Component J12 Goldpin
Added Member To Class: ClassName=U_MCU Member=Component J13 Goldpin
Added Member To Class: ClassName=U_MCU Member=Component J14 Goldpin
Added Member To Class: ClassName=U_ADCHighVoltageInputsSchDoc Member=Component J15 TB001-500-02BE
Added Member To Class: ClassName=U_ADCHighVoltageInputsSchDoc Member=Component J16 TB001-500-02BE
Added Member To Class: ClassName=U_ADCHighVoltageInputsSchDoc Member=Component J17 TB001-500-02BE
Added Member To Class: ClassName=U_ADCHighVoltageInputsSchDoc Member=Component J18 TB001-500-02BE
Added Member To Class: ClassName=U_PowerIO_1 Member=Component JP1_U_PowerIO_1 (JP1) JUMPER
Added Member To Class: ClassName=U_PowerIO_2 Member=Component JP1_U_PowerIO_2 (JP1) JUMPER
Added Member To Class: ClassName=U_PowerIO_1 Member=Component JP2_U_PowerIO_1 (JP2) JUMPER
Added Member To Class: ClassName=U_PowerIO_2 Member=Component JP2_U_PowerIO_2 (JP2) JUMPER
Added Member To Class: ClassName=U_PWMExpander Member=Component JP3 JUMPER
Added Member To Class: ClassName=U_PWMExpander Member=Component JP4 JUMPER
Added Member To Class: ClassName=U_PWMExpander Member=Component JP5 JUMPER
Added Member To Class: ClassName=U_PWMExpander Member=Component JP6 JUMPER
Added Member To Class: ClassName=U_GPIOExpander Member=Component JP7 JUMPER
Added Member To Class: ClassName=U_GPIOExpander Member=Component JP8 JUMPER
Added Member To Class: ClassName=U_ADCHighVoltageInputsSchDoc Member=Component JP9 JUMPER
Added Member To Class: ClassName=U_USBPD Member=Component JP10 JUMPER
Added Member To Class: ClassName=U_PowerAssembly Member=Component JP11 JUMPER
Added Member To Class: ClassName=U_PowerAssembly Member=Component JP12 JUMPER
Added Member To Class: ClassName=U_PowerAssembly Member=Component JP13 JUMPER
Added Member To Class: ClassName=U_PowerAssembly Member=Component JP14 JUMPER
Added Member To Class: ClassName=U_PowerAssembly Member=Component JP15 JUMPER
Added Member To Class: ClassName=U_PowerAssembly Member=Component JP16 JUMPER
Added Member To Class: ClassName=U_PowerAssembly Member=Component JP17 JUMPER
Added Member To Class: ClassName=U_MuxVM_1 Member=Component JP18_U_MuxVM_1 (JP18) JUMPER
Added Member To Class: ClassName=U_MuxVM_2 Member=Component JP18_U_MuxVM_2 (JP18) JUMPER
Added Member To Class: ClassName=U_MuxVM_1 Member=Component JP19_U_MuxVM_1 (JP19) JUMPER
Added Member To Class: ClassName=U_MuxVM_2 Member=Component JP19_U_MuxVM_2 (JP19) JUMPER
Added Member To Class: ClassName=U_DCDCreg5 Member=Component L1_U_DCDCreg5 (L1) SRP1265A-4R7M
Added Member To Class: ClassName=U_DCDCreg Member=Component L1_U_DCDCreg (L1) SRP1265A-4R7M
Added Member To Class: ClassName=U_DCDC3 Member=Component L2 DR74-2R2-R
Added Member To Class: ClassName=U_ADCHighVoltageInputsSchDoc Member=Component L3 1mH
Added Member To Class: ClassName=U_DAC Member=Component L4 1mH
Added Member To Class: ClassName=U_USBPD Member=Component Q1 DMG7430LFG
Added Member To Class: ClassName=U_USBPD Member=Component Q2 DMG7430LFG
Added Member To Class: ClassName=U_USBPD Member=Component R1 5k1
Added Member To Class: ClassName=U_USBPD Member=Component R2 5k1
Added Member To Class: ClassName=U_USBPD Member=Component R3 CRF0805-FZ-R005ELF
Added Member To Class: ClassName=U_USBPD Member=Component R4 27R
Added Member To Class: ClassName=U_USBPD Member=Component R5 5k1
Added Member To Class: ClassName=U_USBPD Member=Component R6 10k
Added Member To Class: ClassName=U_USBPD Member=Component R7 5k1
Added Member To Class: ClassName=U_USBPD Member=Component R8 5k1
Added Member To Class: ClassName=U_USBPD Member=Component R9 10k
Added Member To Class: ClassName=U_DCDCreg5 Member=Component R10_U_DCDCreg5 (R10) PA1206FRE070R01Z
Added Member To Class: ClassName=U_DCDCreg Member=Component R10_U_DCDCreg (R10) PA1206FRE070R01Z
Added Member To Class: ClassName=U_DCDCreg5 Member=Component R11_U_DCDCreg5 (R11) 100k
Added Member To Class: ClassName=U_DCDCreg Member=Component R11_U_DCDCreg (R11) 100k
Added Member To Class: ClassName=U_DCDC3 Member=Component R12 48k7
Added Member To Class: ClassName=U_DCDC3 Member=Component R13 5k1
Added Member To Class: ClassName=U_DCDC3 Member=Component R14 10k
Added Member To Class: ClassName=U_DCDC3 Member=Component R15 10k
Added Member To Class: ClassName=U_PowerAssembly Member=Component R16 PA1206FRE070R01Z
Added Member To Class: ClassName=U_PowerAssembly Member=Component R17 470k
Added Member To Class: ClassName=U_PowerAssembly Member=Component R18 R_169k
Added Member To Class: ClassName=U_PowerAssembly Member=Component R19 100k
Added Member To Class: ClassName=U_PowerAssembly Member=Component R20 100R
Added Member To Class: ClassName=U_PowerAssembly Member=Component R21 604R
Added Member To Class: ClassName=U_PowerAssembly Member=Component R22 470k
Added Member To Class: ClassName=U_PowerAssembly Member=Component R23 100k
Added Member To Class: ClassName=U_PowerAssembly Member=Component R24 R_169k
Added Member To Class: ClassName=U_PowerAssembly Member=Component R25 100R
Added Member To Class: ClassName=U_PowerAssembly Member=Component R26 604R
Added Member To Class: ClassName=U_PowerIO_1 Member=Component R27_U_PowerIO_1 (R27) 3k09
Added Member To Class: ClassName=U_PowerIO_2 Member=Component R27_U_PowerIO_2 (R27) 3k09
Added Member To Class: ClassName=U_PowerIO_1 Member=Component R28_U_PowerIO_1 (R28) 3k09
Added Member To Class: ClassName=U_PowerIO_2 Member=Component R28_U_PowerIO_2 (R28) 3k09
Added Member To Class: ClassName=U_PowerIO_1 Member=Component R29_U_PowerIO_1 (R29) 3k09
Added Member To Class: ClassName=U_PowerIO_2 Member=Component R29_U_PowerIO_2 (R29) 3k09
Added Member To Class: ClassName=U_PowerIO_1 Member=Component R30_U_PowerIO_1 (R30) 3k09
Added Member To Class: ClassName=U_PowerIO_2 Member=Component R30_U_PowerIO_2 (R30) 3k09
Added Member To Class: ClassName=U_PowerIO_1 Member=Component R31_U_PowerIO_1 (R31) 10k
Added Member To Class: ClassName=U_PowerIO_2 Member=Component R31_U_PowerIO_2 (R31) 10k
Added Member To Class: ClassName=U_PWMExpander Member=Component R32 10k
Added Member To Class: ClassName=U_PWMExpander Member=Component R33 10k
Added Member To Class: ClassName=U_PWMExpander Member=Component R34 10k
Added Member To Class: ClassName=U_PWMExpander Member=Component R35 10k
Added Member To Class: ClassName=U_PWMExpander Member=Component R36 10k
Added Member To Class: ClassName=U_PWMExpander Member=Component R37 10k
Added Member To Class: ClassName=U_PWMExpander Member=Component R38 10k
Added Member To Class: ClassName=U_PWMExpander Member=Component R39 10k
Added Member To Class: ClassName=U_PWMExpander Member=Component R40 10k
Added Member To Class: ClassName=U_MCU Member=Component R41 5k1
Added Member To Class: ClassName=U_MCU Member=Component R42 5k1
Added Member To Class: ClassName=U_MCU Member=Component R43 10k
Added Member To Class: ClassName=U_GPIOExpander Member=Component R44 5k1
Added Member To Class: ClassName=U_GPIOExpander Member=Component R45 5k1
Added Member To Class: ClassName=U_GPIOExpander Member=Component R46 10k
Added Member To Class: ClassName=U_GPIOExpander Member=Component R47 10k
Added Member To Class: ClassName=U_MuxVM_1 Member=Component R47_U_MuxVM_1 (R47) 549
Added Member To Class: ClassName=U_MuxVM_2 Member=Component R47_U_MuxVM_2 (R47) 549
Added Member To Class: ClassName=U_MuxVM_1 Member=Component R48_U_MuxVM_1 (R48) 549
Added Member To Class: ClassName=U_MuxVM_2 Member=Component R48_U_MuxVM_2 (R48) 549
Added Member To Class: ClassName=U_ADCHighVoltageInputsSchDoc Member=Component R50 51k
Added Member To Class: ClassName=U_ADCHighVoltageInputsSchDoc Member=Component R51 51k
Added Member To Class: ClassName=U_ADCHighVoltageInputsSchDoc Member=Component R52 51k
Added Member To Class: ClassName=U_ADCHighVoltageInputsSchDoc Member=Component R53 51k
Added Member To Class: ClassName=U_ADCHighVoltageInputsSchDoc Member=Component R54 10k
Added Member To Class: ClassName=U_ADCHighVoltageInputsSchDoc Member=Component R55 10k
Added Member To Class: ClassName=U_ADCHighVoltageInputsSchDoc Member=Component R56 10k
Added Member To Class: ClassName=U_ADCHighVoltageInputsSchDoc Member=Component R57 10k
Added Member To Class: ClassName=U_ADCHighVoltageInputsSchDoc Member=Component R58 10k
Added Member To Class: ClassName=U_ADCHighVoltageInputsSchDoc Member=Component R59 10k
Added Member To Class: ClassName=U_ADCHighVoltageInputsSchDoc Member=Component R60 10k
Added Member To Class: ClassName=U_ADCHighVoltageInputsSchDoc Member=Component R61 10k
Added Member To Class: ClassName=U_ADCHighVoltageInputsSchDoc Member=Component R62 51k
Added Member To Class: ClassName=U_ADCHighVoltageInputsSchDoc Member=Component R63 51k
Added Member To Class: ClassName=U_ADCHighVoltageInputsSchDoc Member=Component R64 51k
Added Member To Class: ClassName=U_ADCHighVoltageInputsSchDoc Member=Component R65 51k
Added Member To Class: ClassName=U_DAC Member=Component R66 10k
Added Member To Class: ClassName=U_DCDCreg5 Member=Component R*1_U_DCDCreg5 (R*1) 27k4
Added Member To Class: ClassName=U_DCDCreg Member=Component R*1_U_DCDCreg (R*1) 27k4
Added Member To Class: ClassName=U_DCDCreg5 Member=Component R*2_U_DCDCreg5 (R*2) 48k7
Added Member To Class: ClassName=U_DCDCreg Member=Component R*2_U_DCDCreg (R*2) 48k7
Added Member To Class: ClassName=U_MCU Member=Component SW1 PTS526 SM15 SMTR2 LFS
Added Member To Class: ClassName=U_MCU Member=Component SW2 PTS526 SM15 SMTR2 LFS
Added Member To Class: ClassName=U_USBPD Member=Component U1 AP33772SDKZ-13
Added Member To Class: ClassName=U_USBPD Member=Component U2 TPD2E2U06DCKR
Added Member To Class: ClassName=U_USBPD Member=Component U3 TPD2E2U06DCKR
Added Member To Class: ClassName=U_DCDCreg5 Member=Component U4_U_DCDCreg5 (U4) TPS55289RYQR
Added Member To Class: ClassName=U_DCDCreg Member=Component U4_U_DCDCreg (U4) TPS55289RYQR
Added Member To Class: ClassName=U_DCDC3 Member=Component U5 TPS56837RPAR
Added Member To Class: ClassName=U_PowerAssembly Member=Component U6 TPS259474LRPWR
Added Member To Class: ClassName=U_PowerAssembly Member=Component U7 TPS259474LRPWR
Added Member To Class: ClassName=U_PowerAssembly Member=Component U8 INA3221AIRGVR
Added Member To Class: ClassName=U_PowerIO_1 Member=Component U9_U_PowerIO_1 (U9) PDRV8962DDWR
Added Member To Class: ClassName=U_PowerIO_2 Member=Component U9_U_PowerIO_2 (U9) PDRV8962DDWR
Added Member To Class: ClassName=U_PWMExpander Member=Component U10 IC_pca9685_PCA9685BS
Added Member To Class: ClassName=U_MCU Member=Component U11 ESP32-S3-WROOM-1U-N16R8
Added Member To Class: ClassName=U_GPIOExpander Member=Component U12 TCA6424ARGJR
Added Member To Class: ClassName=U_MuxVM_1 Member=Component U13_U_MuxVM_1 (U13) IC_lm73100_LM73100RPWR
Added Member To Class: ClassName=U_MuxVM_2 Member=Component U13_U_MuxVM_2 (U13) IC_lm73100_LM73100RPWR
Added Member To Class: ClassName=U_MuxVM_1 Member=Component U14_U_MuxVM_1 (U14) IC_lm73100_LM73100RPWR
Added Member To Class: ClassName=U_MuxVM_2 Member=Component U14_U_MuxVM_2 (U14) IC_lm73100_LM73100RPWR
Added Member To Class: ClassName=U_ADCHighVoltageInputsSchDoc Member=Component U15 ADS7128IRTER
Added Member To Class: ClassName=U_DAC Member=Component U16 IC_dac53202_DAC53202RTER
Added Rule: Name=Schematic Supply Nets_6
Added Rule: Name=Schematic Supply Nets_7
Added Rule: Name=Schematic Supply Nets_8
Added Rule: Name=Schematic Supply Nets_9
