Change Component Comment : Designator=R67 Old Comment=150 New Comment=220
Change Component Comment : Designator=R68 Old Comment=150 New Comment=220
Change Component Comment : Designator=R69 Old Comment=150 New Comment=220
Change Component Comment : Designator=R70 Old Comment=150 New Comment=220
Change Component Comment : Designator=R71 Old Comment=150 New Comment=220
Change Component Comment : Designator=R72 Old Comment=150 New Comment=220
Change Component Comment : Designator=R73 Old Comment=150 New Comment=220
Change Component Comment : Designator=R74 Old Comment=150 New Comment=220
Change component parameters: Designator = "R67" ("R67"); Footprint = "R_0603"; UniqueID = "\TZDEMZSY\QJZOAAPF" ("\TZDEMZSY\QJZOAAPF")
Change component parameters (AddParameter): Name = "Casing"; Value = "0603"; VariantName = "[No Variations]"
Change component parameters (AddParameter): Name = "Power"; Value = "100mW"; VariantName = "[No Variations]"
Change component parameters (AddParameter): Name = "Tolerance"; Value = "1%"; VariantName = "[No Variations]"
Change component parameters (AddParameter): Name = "Value"; Value = "220"; VariantName = "[No Variations]"
Change component parameters: Designator = "R68" ("R68"); Footprint = "R_0603"; UniqueID = "\TZDEMZSY\NVUYFLDB" ("\TZDEMZSY\NVUYFLDB")
Change component parameters (AddParameter): Name = "Casing"; Value = "0603"; VariantName = "[No Variations]"
Change component parameters (AddParameter): Name = "Power"; Value = "100mW"; VariantName = "[No Variations]"
Change component parameters (AddParameter): Name = "Tolerance"; Value = "1%"; VariantName = "[No Variations]"
Change component parameters (AddParameter): Name = "Value"; Value = "220"; VariantName = "[No Variations]"
Change component parameters: Designator = "R69" ("R69"); Footprint = "R_0603"; UniqueID = "\TZDEMZSY\MCMKYVII" ("\TZDEMZSY\MCMKYVII")
Change component parameters (AddParameter): Name = "Casing"; Value = "0603"; VariantName = "[No Variations]"
Change component parameters (AddParameter): Name = "Power"; Value = "100mW"; VariantName = "[No Variations]"
Change component parameters (AddParameter): Name = "Tolerance"; Value = "1%"; VariantName = "[No Variations]"
Change component parameters (AddParameter): Name = "Value"; Value = "220"; VariantName = "[No Variations]"
Change component parameters: Designator = "R70" ("R70"); Footprint = "R_0603"; UniqueID = "\TZDEMZSY\SXNBEBLK" ("\TZDEMZSY\SXNBEBLK")
Change component parameters (AddParameter): Name = "Casing"; Value = "0603"; VariantName = "[No Variations]"
Change component parameters (AddParameter): Name = "Power"; Value = "100mW"; VariantName = "[No Variations]"
Change component parameters (AddParameter): Name = "Tolerance"; Value = "1%"; VariantName = "[No Variations]"
Change component parameters (AddParameter): Name = "Value"; Value = "220"; VariantName = "[No Variations]"
Change component parameters: Designator = "R71" ("R71"); Footprint = "R_0603"; UniqueID = "\TZDEMZSY\OJPLHSHV" ("\TZDEMZSY\OJPLHSHV")
Change component parameters (AddParameter): Name = "Casing"; Value = "0603"; VariantName = "[No Variations]"
Change component parameters (AddParameter): Name = "Power"; Value = "100mW"; VariantName = "[No Variations]"
Change component parameters (AddParameter): Name = "Tolerance"; Value = "1%"; VariantName = "[No Variations]"
Change component parameters (AddParameter): Name = "Value"; Value = "220"; VariantName = "[No Variations]"
Change component parameters: Designator = "R72" ("R72"); Footprint = "R_0603"; UniqueID = "\TZDEMZSY\WAMSNVTO" ("\TZDEMZSY\WAMSNVTO")
Change component parameters (AddParameter): Name = "Casing"; Value = "0603"; VariantName = "[No Variations]"
Change component parameters (AddParameter): Name = "Power"; Value = "100mW"; VariantName = "[No Variations]"
Change component parameters (AddParameter): Name = "Tolerance"; Value = "1%"; VariantName = "[No Variations]"
Change component parameters (AddParameter): Name = "Value"; Value = "220"; VariantName = "[No Variations]"
Change component parameters: Designator = "R73" ("R73"); Footprint = "R_0603"; UniqueID = "\TZDEMZSY\CCERXCEX" ("\TZDEMZSY\CCERXCEX")
Change component parameters (AddParameter): Name = "Casing"; Value = "0603"; VariantName = "[No Variations]"
Change component parameters (AddParameter): Name = "Power"; Value = "100mW"; VariantName = "[No Variations]"
Change component parameters (AddParameter): Name = "Tolerance"; Value = "1%"; VariantName = "[No Variations]"
Change component parameters (AddParameter): Name = "Value"; Value = "220"; VariantName = "[No Variations]"
Change component parameters: Designator = "R74" ("R74"); Footprint = "R_0603"; UniqueID = "\TZDEMZSY\VGNINXXB" ("\TZDEMZSY\VGNINXXB")
Change component parameters (AddParameter): Name = "Casing"; Value = "0603"; VariantName = "[No Variations]"
Change component parameters (AddParameter): Name = "Power"; Value = "100mW"; VariantName = "[No Variations]"
Change component parameters (AddParameter): Name = "Tolerance"; Value = "1%"; VariantName = "[No Variations]"
Change component parameters (AddParameter): Name = "Value"; Value = "220"; VariantName = "[No Variations]"
Added Member To Class: ClassName=U_PWMExpander Member=Component C40 100n 10V
