Change Component Description : Designator=U6 Old Description=2.7-V to 23-V, 28-mâ„ New Description=2.7-V to 23-V, 28-mâ„|, 5.5-A eFuse with integrated reverse polarity protection 10-VQFN-HR -40 to 125
Change Component Description : Designator=U7 Old Description=2.7-V to 23-V, 28-mâ„ New Description=2.7-V to 23-V, 28-mâ„|, 5.5-A eFuse with integrated reverse polarity protection 10-VQFN-HR -40 to 125
Added Component: Designator=C2(C_0805)
Add component (AddParameter): Name = "Casing"; Value = "0805"; VariantName = "[No Variations]"
Add component (AddParameter): Name = "Dielectric"; Value = "X5R"; VariantName = "[No Variations]"
Add component (AddParameter): Name = "Technology"; Value = "Ceramic"; VariantName = "[No Variations]"
Add component (AddParameter): Name = "Tolerance"; Value = "10%"; VariantName = "[No Variations]"
Add component (AddParameter): Name = "Value"; Value = "10u"; VariantName = "[No Variations]"
Add component (AddParameter): Name = "Voltage"; Value = "25V"; VariantName = "[No Variations]"
Added Component: Designator=C3(C_0603)
Add component (AddParameter): Name = "Casing"; Value = "0603"; VariantName = "[No Variations]"
Add component (AddParameter): Name = "Dielectric"; Value = "X7R"; VariantName = "[No Variations]"
Add component (AddParameter): Name = "Technology"; Value = "Ceramic"; VariantName = "[No Variations]"
Add component (AddParameter): Name = "Tolerance"; Value = "10%"; VariantName = "[No Variations]"
Add component (AddParameter): Name = "Value"; Value = "1u"; VariantName = "[No Variations]"
Add component (AddParameter): Name = "Voltage"; Value = "10V"; VariantName = "[No Variations]"
Added Component: Designator=C4(C_0603)
Add component (AddParameter): Name = "Casing"; Value = "0603"; VariantName = "[No Variations]"
Add component (AddParameter): Name = "Dielectric"; Value = "X7R"; VariantName = "[No Variations]"
Add component (AddParameter): Name = "Technology"; Value = "Ceramic"; VariantName = "[No Variations]"
Add component (AddParameter): Name = "Tolerance"; Value = "10%"; VariantName = "[No Variations]"
Add component (AddParameter): Name = "Value"; Value = "100n"; VariantName = "[No Variations]"
Add component (AddParameter): Name = "Voltage"; Value = "10V"; VariantName = "[No Variations]"
Added Component: Designator=C5(C_0603)
Add component (AddParameter): Name = "Casing"; Value = "0603"; VariantName = "[No Variations]"
Add component (AddParameter): Name = "Dielectric"; Value = "X7R"; VariantName = "[No Variations]"
Add component (AddParameter): Name = "Technology"; Value = "Ceramic"; VariantName = "[No Variations]"
Add component (AddParameter): Name = "Tolerance"; Value = "10%"; VariantName = "[No Variations]"
Add component (AddParameter): Name = "Value"; Value = "100n"; VariantName = "[No Variations]"
Add component (AddParameter): Name = "Voltage"; Value = "25V"; VariantName = "[No Variations]"
Added Component: Designator=F1(RUEF500)
Added Component: Designator=R1(R_0603)
Add component (AddParameter): Name = "Casing"; Value = "0603"; VariantName = "[No Variations]"
Add component (AddParameter): Name = "Power"; Value = "100mW"; VariantName = "[No Variations]"
Add component (AddParameter): Name = "Tolerance"; Value = "1%"; VariantName = "[No Variations]"
Add component (AddParameter): Name = "Value"; Value = "5k1"; VariantName = "[No Variations]"
Added Component: Designator=R2(R_0603)
Add component (AddParameter): Name = "Casing"; Value = "0603"; VariantName = "[No Variations]"
Add component (AddParameter): Name = "Power"; Value = "100mW"; VariantName = "[No Variations]"
Add component (AddParameter): Name = "Tolerance"; Value = "1%"; VariantName = "[No Variations]"
Add component (AddParameter): Name = "Value"; Value = "5k1"; VariantName = "[No Variations]"
Added Component: Designator=R3(R_0805)
Add component (AddParameter): Name = "Casing"; Value = "0805"; VariantName = "[No Variations]"
Add component (AddParameter): Name = "Power"; Value = "500mW"; VariantName = "[No Variations]"
Add component (AddParameter): Name = "Tolerance"; Value = "1%"; VariantName = "[No Variations]"
Add component (AddParameter): Name = "Value"; Value = "5mR"; VariantName = "[No Variations]"
Added Component: Designator=R4(R_0603)
Add component (AddParameter): Name = "Casing"; Value = "0603"; VariantName = "[No Variations]"
Add component (AddParameter): Name = "Power"; Value = "100mW"; VariantName = "[No Variations]"
Add component (AddParameter): Name = "Tolerance"; Value = "1%"; VariantName = "[No Variations]"
Add component (AddParameter): Name = "Value"; Value = "27R"; VariantName = "[No Variations]"
Added Component: Designator=R5(R_0603)
Add component (AddParameter): Name = "Casing"; Value = "0603"; VariantName = "[No Variations]"
Add component (AddParameter): Name = "Power"; Value = "100mW"; VariantName = "[No Variations]"
Add component (AddParameter): Name = "Tolerance"; Value = "1%"; VariantName = "[No Variations]"
Add component (AddParameter): Name = "Value"; Value = "5k1"; VariantName = "[No Variations]"
Added Component: Designator=R7(R_0603)
Add component (AddParameter): Name = "Casing"; Value = "0603"; VariantName = "[No Variations]"
Add component (AddParameter): Name = "Power"; Value = "100mW"; VariantName = "[No Variations]"
Add component (AddParameter): Name = "Tolerance"; Value = "1%"; VariantName = "[No Variations]"
Add component (AddParameter): Name = "Value"; Value = "5k1"; VariantName = "[No Variations]"
Added Component: Designator=R8(R_0603)
Add component (AddParameter): Name = "Casing"; Value = "0603"; VariantName = "[No Variations]"
Add component (AddParameter): Name = "Power"; Value = "100mW"; VariantName = "[No Variations]"
Add component (AddParameter): Name = "Tolerance"; Value = "1%"; VariantName = "[No Variations]"
Add component (AddParameter): Name = "Value"; Value = "5k1"; VariantName = "[No Variations]"
Added Component: Designator=R9(R_0603)
Add component (AddParameter): Name = "Casing"; Value = "0603"; VariantName = "[No Variations]"
Add component (AddParameter): Name = "Power"; Value = "100mW"; VariantName = "[No Variations]"
Add component (AddParameter): Name = "Tolerance"; Value = "1%"; VariantName = "[No Variations]"
Add component (AddParameter): Name = "Value"; Value = "10k"; VariantName = "[No Variations]"
Added Component: Designator=R50(R_0603)
Add component (AddParameter): Name = "Casing"; Value = "0603"; VariantName = "[No Variations]"
Add component (AddParameter): Name = "Power"; Value = "100mW"; VariantName = "[No Variations]"
Add component (AddParameter): Name = "Tolerance"; Value = "0.1%"; VariantName = "[No Variations]"
Add component (AddParameter): Name = "Value"; Value = "51k"; VariantName = "[No Variations]"
Added Component: Designator=R51(R_0603)
Add component (AddParameter): Name = "Casing"; Value = "0603"; VariantName = "[No Variations]"
Add component (AddParameter): Name = "Power"; Value = "100mW"; VariantName = "[No Variations]"
Add component (AddParameter): Name = "Tolerance"; Value = "0.1%"; VariantName = "[No Variations]"
Add component (AddParameter): Name = "Value"; Value = "51k"; VariantName = "[No Variations]"
Added Component: Designator=R52(R_0603)
Add component (AddParameter): Name = "Casing"; Value = "0603"; VariantName = "[No Variations]"
Add component (AddParameter): Name = "Power"; Value = "100mW"; VariantName = "[No Variations]"
Add component (AddParameter): Name = "Tolerance"; Value = "0.1%"; VariantName = "[No Variations]"
Add component (AddParameter): Name = "Value"; Value = "51k"; VariantName = "[No Variations]"
Added Component: Designator=R53(R_0603)
Add component (AddParameter): Name = "Casing"; Value = "0603"; VariantName = "[No Variations]"
Add component (AddParameter): Name = "Power"; Value = "100mW"; VariantName = "[No Variations]"
Add component (AddParameter): Name = "Tolerance"; Value = "0.1%"; VariantName = "[No Variations]"
Add component (AddParameter): Name = "Value"; Value = "51k"; VariantName = "[No Variations]"
Added Component: Designator=R62(R_0603)
Add component (AddParameter): Name = "Casing"; Value = "0603"; VariantName = "[No Variations]"
Add component (AddParameter): Name = "Power"; Value = "100mW"; VariantName = "[No Variations]"
Add component (AddParameter): Name = "Tolerance"; Value = "0.1%"; VariantName = "[No Variations]"
Add component (AddParameter): Name = "Value"; Value = "51k"; VariantName = "[No Variations]"
Added Component: Designator=R63(R_0603)
Add component (AddParameter): Name = "Casing"; Value = "0603"; VariantName = "[No Variations]"
Add component (AddParameter): Name = "Power"; Value = "100mW"; VariantName = "[No Variations]"
Add component (AddParameter): Name = "Tolerance"; Value = "0.1%"; VariantName = "[No Variations]"
Add component (AddParameter): Name = "Value"; Value = "51k"; VariantName = "[No Variations]"
Added Component: Designator=R64(R_0603)
Add component (AddParameter): Name = "Casing"; Value = "0603"; VariantName = "[No Variations]"
Add component (AddParameter): Name = "Power"; Value = "100mW"; VariantName = "[No Variations]"
Add component (AddParameter): Name = "Tolerance"; Value = "0.1%"; VariantName = "[No Variations]"
Add component (AddParameter): Name = "Value"; Value = "51k"; VariantName = "[No Variations]"
Added Component: Designator=R65(R_0603)
Add component (AddParameter): Name = "Casing"; Value = "0603"; VariantName = "[No Variations]"
Add component (AddParameter): Name = "Power"; Value = "100mW"; VariantName = "[No Variations]"
Add component (AddParameter): Name = "Tolerance"; Value = "0.1%"; VariantName = "[No Variations]"
Add component (AddParameter): Name = "Value"; Value = "51k"; VariantName = "[No Variations]"
Added Component: Designator=U1(W-QFN4040-24_Type_A1_DIO-M)
Add component (AddParameter): Name = "Copyright"; Value = "Copyright (C) 2026 Ultra Librarian. All rights reserved."; VariantName = "[No Variations]"
Add component (AddParameter): Name = "Manufacturer_Name"; Value = "Diodes Inc"; VariantName = "[No Variations]"
Add component (AddParameter): Name = "Manufacturer_Part_Number"; Value = "AP33772SDKZ-13"; VariantName = "[No Variations]"
Add component (AddParameter): Name = "RefDes"; Value = "RefDes"; VariantName = "[No Variations]"
Add component (AddParameter): Name = "Type"; Value = "Type"; VariantName = "[No Variations]"
Added Component: Designator=U2(DCK0003A-MFG)
Add component (AddParameter): Name = "Copyright"; Value = "Copyright (C) 2026 Ultra Librarian. All rights reserved."; VariantName = "[No Variations]"
Add component (AddParameter): Name = "Manufacturer_Name"; Value = "Texas Instruments"; VariantName = "[No Variations]"
Add component (AddParameter): Name = "Manufacturer_Part_Number"; Value = "TPD2E2U06DCKR"; VariantName = "[No Variations]"
Add component (AddParameter): Name = "RefDes"; Value = "RefDes"; VariantName = "[No Variations]"
Add component (AddParameter): Name = "TYPE"; Value = "TYPE"; VariantName = "[No Variations]"
Added Component: Designator=U3(DCK0003A-MFG)
Add component (AddParameter): Name = "Copyright"; Value = "Copyright (C) 2026 Ultra Librarian. All rights reserved."; VariantName = "[No Variations]"
Add component (AddParameter): Name = "Manufacturer_Name"; Value = "Texas Instruments"; VariantName = "[No Variations]"
Add component (AddParameter): Name = "Manufacturer_Part_Number"; Value = "TPD2E2U06DCKR"; VariantName = "[No Variations]"
Add component (AddParameter): Name = "RefDes"; Value = "RefDes"; VariantName = "[No Variations]"
Add component (AddParameter): Name = "TYPE"; Value = "TYPE"; VariantName = "[No Variations]"
Added Pin To Net: NetName=GND Pin=C2-1
Added Pin To Net: NetName=VUSB Pin=C2-2
Added Pin To Net: NetName=GND Pin=C3-1
Added Pin To Net: NetName=V5V Pin=C3-2
Added Pin To Net: NetName=GND Pin=C4-1
Added Pin To Net: NetName=V18 Pin=C4-2
Added Pin To Net: NetName=GND Pin=C5-1
Added Pin To Net: NetName=IFB Pin=C5-2
Add Pin To Net: Unknown Pin: Pin D5-1
Add Pin To Net: Unknown Pin: Pin D5-2
Added Pin To Net: NetName=VBUS Pin=F1-1
Added Pin To Net: NetName=VBUS_PROT Pin=F1-2
Added Pin To Net: NetName=GND Pin=R1-1
Added Pin To Net: NetName=CC2 Pin=R1-2
Added Pin To Net: NetName=GND Pin=R2-1
Added Pin To Net: NetName=CC1 Pin=R2-2
Added Pin To Net: NetName=VBUS_PROT Pin=R3-1
Added Pin To Net: NetName=VBUS_SEN Pin=R3-2
Added Pin To Net: NetName=NetR4_1 Pin=R4-1
Added Pin To Net: NetName=VUSB Pin=R4-2
Added Pin To Net: NetName=NetR5_1 Pin=R5-1
Added Pin To Net: NetName=NetQ1_4 Pin=R5-2
Added Pin To Net: NetName=L_USB_OK Pin=R7-1
Added Pin To Net: NetName=NetR7_2 Pin=R7-2
Added Pin To Net: NetName=INT_3V Pin=R8-1
Added Pin To Net: NetName=INT Pin=R8-2
Added Pin To Net: NetName=GND Pin=R9-1
Added Pin To Net: NetName=INT_3V Pin=R9-2
Added Pin To Net: NetName=AIN3_DIV Pin=R50-1
Added Pin To Net: NetName=AIN3 Pin=R50-2
Added Pin To Net: NetName=AIN2_DIV Pin=R51-1
Added Pin To Net: NetName=AIN2 Pin=R51-2
Added Pin To Net: NetName=AIN1_DIV Pin=R52-1
Added Pin To Net: NetName=AIN1 Pin=R52-2
Added Pin To Net: NetName=AIN0_DIV Pin=R53-1
Added Pin To Net: NetName=AIN0 Pin=R53-2
Added Pin To Net: NetName=AIN4_DIV Pin=R62-1
Added Pin To Net: NetName=AIN4 Pin=R62-2
Added Pin To Net: NetName=AIN5_DIV Pin=R63-1
Added Pin To Net: NetName=AIN5 Pin=R63-2
Added Pin To Net: NetName=AIN6_DIV Pin=R64-1
Added Pin To Net: NetName=AIN6 Pin=R64-2
Added Pin To Net: NetName=AIN7_DIV Pin=R65-1
Added Pin To Net: NetName=AIN7 Pin=R65-2
Added Pin To Net: NetName=VBUS_PROT Pin=U1-1
Added Pin To Net: NetName=GND Pin=U1-3
Added Pin To Net: NetName=INTERNAL_I2C_SDA Pin=U1-4
Added Pin To Net: NetName=INTERNAL_I2C_SCL Pin=U1-5
Added Pin To Net: NetName=NetR7_2 Pin=U1-8
Added Pin To Net: NetName=INT Pin=U1-9
Added Pin To Net: NetName=V18 Pin=U1-12
Added Pin To Net: NetName=OTP Pin=U1-13
Added Pin To Net: NetName=IFB Pin=U1-15
Added Pin To Net: NetName=CC2 Pin=U1-16
Added Pin To Net: NetName=CC1 Pin=U1-17
Added Pin To Net: NetName=V5V Pin=U1-20
Added Pin To Net: NetName=NetR4_1 Pin=U1-22
Added Pin To Net: NetName=NetR5_1 Pin=U1-23
Added Pin To Net: NetName=VBUS_SEN Pin=U1-24
Added Pin To Net: NetName=GND Pin=U1-25
Added Pin To Net: NetName=USB_DN Pin=U2-1
Added Pin To Net: NetName=USB_DP Pin=U2-2
Added Pin To Net: NetName=GND Pin=U2-3
Added Pin To Net: NetName=CC1 Pin=U3-1
Added Pin To Net: NetName=CC2 Pin=U3-2
Added Pin To Net: NetName=GND Pin=U3-3
Added Member To Class: ClassName=U_USBPD Member=Component C2 10u 25V
Added Member To Class: ClassName=U_USBPD Member=Component C3 1uF_10V
Added Member To Class: ClassName=U_USBPD Member=Component C4 100n 10V
Added Member To Class: ClassName=U_USBPD Member=Component C5 100n 25V
Added Member To Class: ClassName=U_USBPD Member=Component F1 RUEF500
Added Member To Class: ClassName=U_USBPD Member=Component R1 5k1
Added Member To Class: ClassName=U_USBPD Member=Component R2 5k1
Added Member To Class: ClassName=U_USBPD Member=Component R3 CRF0805-FZ-R005ELF
Added Member To Class: ClassName=U_USBPD Member=Component R4 27R
Added Member To Class: ClassName=U_USBPD Member=Component R5 5k1
Added Member To Class: ClassName=U_USBPD Member=Component R7 5k1
Added Member To Class: ClassName=U_USBPD Member=Component R8 5k1
Added Member To Class: ClassName=U_USBPD Member=Component R9 10k
Added Member To Class: ClassName=U_ADCHighVoltageInputsSchDoc Member=Component R50 51k
Added Member To Class: ClassName=U_ADCHighVoltageInputsSchDoc Member=Component R51 51k
Added Member To Class: ClassName=U_ADCHighVoltageInputsSchDoc Member=Component R52 51k
Added Member To Class: ClassName=U_ADCHighVoltageInputsSchDoc Member=Component R53 51k
Added Member To Class: ClassName=U_ADCHighVoltageInputsSchDoc Member=Component R62 51k
Added Member To Class: ClassName=U_ADCHighVoltageInputsSchDoc Member=Component R63 51k
Added Member To Class: ClassName=U_ADCHighVoltageInputsSchDoc Member=Component R64 51k
Added Member To Class: ClassName=U_ADCHighVoltageInputsSchDoc Member=Component R65 51k
Added Member To Class: ClassName=U_USBPD Member=Component U1 AP33772SDKZ-13
Added Member To Class: ClassName=U_USBPD Member=Component U2 TPD2E2U06DCKR
Added Member To Class: ClassName=U_USBPD Member=Component U3 TPD2E2U06DCKR
