Added Member To Class: ClassName=NoRelief Member=Component C6A (C6) 100n 25V
Added Member To Class: ClassName=NoRelief Member=Component C6B (C6) 100n 25V
Added Member To Class: ClassName=NoRelief Member=Component C7A (C7) 100n 25V
Added Member To Class: ClassName=NoRelief Member=Component C7B (C7) 100n 25V
Added Member To Class: ClassName=NoRelief Member=Component C9A (C9) 10u 25V
Added Member To Class: ClassName=NoRelief Member=Component C9B (C9) 10u 25V
Added Member To Class: ClassName=NoRelief Member=Component C10A (C10) 1uF 25V
Added Member To Class: ClassName=NoRelief Member=Component C10B (C10) 1uF 25V
Added Member To Class: ClassName=NoRelief Member=Component C12A (C12) 22u 25V
Added Member To Class: ClassName=NoRelief Member=Component C12B (C12) 22u 25V
Added Member To Class: ClassName=NoRelief Member=Component C13A (C13) 1uF 25V
Added Member To Class: ClassName=NoRelief Member=Component C13B (C13) 1uF 25V
Added Member To Class: ClassName=NoRelief Member=Component C14A (C14) 22u 25V
Added Member To Class: ClassName=NoRelief Member=Component C14B (C14) 22u 25V
Added Member To Class: ClassName=NoRelief Member=Component C15A (C15) 22u 25V
Added Member To Class: ClassName=NoRelief Member=Component C15B (C15) 22u 25V
Added Member To Class: ClassName=NoRelief Member=Component C19 100n 10V
Added Member To Class: ClassName=NoRelief Member=Component C20 120pF 10V
Added Member To Class: ClassName=NoRelief Member=Component C21 22u 25V
Added Member To Class: ClassName=NoRelief Member=Component C22 100n 25V
Added Member To Class: ClassName=NoRelief Member=Component C23 22u 10V
Added Member To Class: ClassName=NoRelief Member=Component C24 22u 10V
Added Member To Class: ClassName=NoRelief Member=Component L1A (L1) SRP1265A-4R7M
Added Member To Class: ClassName=NoRelief Member=Component L1B (L1) SRP1265A-4R7M
Added Member To Class: ClassName=NoRelief Member=Component L_1 DR74-2R2-R
Added Member To Class: ClassName=NoRelief Member=Component R_S1A (R_S1) PA1206FRE070R01Z
Added Member To Class: ClassName=NoRelief Member=Component R_S1B (R_S1) PA1206FRE070R01Z
Added Member To Class: ClassName=NoRelief Member=Component TP1 TP
Added Member To Class: ClassName=NoRelief Member=Component U4A (U4) TPS55289RYQR
Added Member To Class: ClassName=NoRelief Member=Component U4B (U4) TPS55289RYQR
Added Member To Class: ClassName=NoRelief Member=Component U5 TPS56837RPAR
