Removed Pin From Net: NetName=VSUP Pin=JP5A-1
Removed Pin From Net: NetName=VREG5 Pin=JP5B-1
Removed Pin From Net: NetName=VREG Pin=JP6A-1
Removed Pin From Net: NetName=VSUP Pin=JP6B-1
Removed Member From Class: ClassName=U_MuxVM_1 Member=JP5A
Removed Member From Class: ClassName=U_MuxVM_2 Member=JP5B
Removed Member From Class: ClassName=U_MuxVM_1 Member=JP6A
Removed Member From Class: ClassName=U_MuxVM_2 Member=JP6B
Added Component: Designator=JP5(Jumper)
Added Component: Designator=JP6(Jumper)
Added Pin To Net: NetName=VSUP Pin=C51A-2
Added Pin To Net: NetName=VSUP Pin=C54B-2
Added Pin To Net: NetName=VSUP Pin=U13A-5
Added Pin To Net: NetName=VSUP Pin=U14B-5
Added Pin To Net: NetName=MuxInAB Pin=C51B-2
Added Pin To Net: NetName=MuxInAB Pin=JP6-2
Added Pin To Net: NetName=MuxInAB Pin=U13B-5
Added Net: Name=MuxInAB
Added Pin To Net: NetName=MuxInBA Pin=C54A-2
Added Pin To Net: NetName=MuxInBA Pin=JP5-2
Added Pin To Net: NetName=MuxInBA Pin=U14A-5
Added Net: Name=MuxInBA
Added Class: Name=U_PowerOutputsAssembly
