Removed Pin From Net: NetName=DVR_1_VM Pin=C53A-1
Removed Pin From Net: NetName=GND Pin=C53A-2
Removed Pin From Net: NetName=DVR_2_VM Pin=C53B-1
Removed Pin From Net: NetName=GND Pin=C53B-2
Removed Member From Class: ClassName=U_DAC Member=C40
Removed Member From Class: ClassName=U_DAC Member=C44
Removed Member From Class: ClassName=U_PWMExpander Member=C44
Removed Member From Class: ClassName=U_MuxVM_1 Member=C53A
Removed Member From Class: ClassName=U_MuxVM_2 Member=C53B
Removed Member From Class: ClassName=U_ADCHighVoltageInputsSchDoc Member=C66
Removed Member From Class: ClassName=U_ADCHighVoltageInputsSchDoc Member=D9
Removed Member From Class: ClassName=U_ADCHighVoltageInputsSchDoc Member=D10
Removed Member From Class: ClassName=U_MCU Member=D10
Removed Member From Class: ClassName=U_GPIOExpander Member=D18
Removed Member From Class: ClassName=U_PowerAssembly Member=D18
Removed Member From Class: ClassName=U_MCU Member=D25
Removed Member From Class: ClassName=U_PWMExpander Member=D25
Removed Member From Class: ClassName=U_ADCHighVoltageInputsSchDoc Member=JP3
Removed Member From Class: ClassName=U_PowerAssembly Member=R10
Removed Member From Class: ClassName=U_PowerAssembly Member=R11
Removed Member From Class: ClassName=U_GPIOExpander Member=R29
Removed Member From Class: ClassName=U_MCU Member=R29
Removed Member From Class: ClassName=U_GPIOExpander Member=R30
Removed Member From Class: ClassName=U_MCU Member=R30
Removed Member From Class: ClassName=U_GPIOExpander Member=R37
Removed Member From Class: ClassName=U_MCU Member=R37
Removed Member From Class: ClassName=U_ADCHighVoltageInputsSchDoc Member=R44
Change Component Description : Designator=U6 Old Description=2.7-V to 23-V, 28-mâ„ New Description=2.7-V to 23-V, 28-mâ„|, 5.5-A eFuse with integrated reverse polarity protection 10-VQFN-HR -40 to 125
Change Component Description : Designator=U7 Old Description=2.7-V to 23-V, 28-mâ„ New Description=2.7-V to 23-V, 28-mâ„|, 5.5-A eFuse with integrated reverse polarity protection 10-VQFN-HR -40 to 125
Added Member To Class: ClassName=Reg Member=Component C11A (C11) 220nF 25V
Added Member To Class: ClassName=Reg5 Member=Component C11B (C11) 220nF 25V
Added Member To Class: ClassName=Reg Member=Component C13A (C13) 1uF 25V
Added Member To Class: ClassName=Reg5 Member=Component C13B (C13) 1uF 25V
Added Member To Class: ClassName=Reg Member=Component C15A (C15) 22u 25V
Added Member To Class: ClassName=Reg5 Member=Component C15B (C15) 22u 25V
Added Member To Class: ClassName=Reg5 Member=Component C17B (C17) A768EB107M1ELAS036
Added Member To Class: ClassName=U_DCDC3 Member=Component C19 100n 10V
Added Member To Class: ClassName=U_DCDC3 Member=Component C20 120pF 10V
Added Member To Class: ClassName=U_DCDC3 Member=Component C22 100n 25V
Added Member To Class: ClassName=U_DCDC3 Member=Component C23 22u 10V
Added Member To Class: ClassName=U_PowerAssembly Member=Component C25 35PX470MEFC10X12.5
Added Member To Class: ClassName=U_PowerAssembly Member=Component C26 22n 25V
Added Member To Class: ClassName=U_PowerAssembly Member=Component C28 22n 25V
Added Member To Class: ClassName=U_PowerAssembly Member=Component C29 22n 25V
Added Member To Class: ClassName=U_PowerAssembly Member=Component C30 22u 25V
Added Member To Class: ClassName=DRV1 Member=Component C32A (C32) 35PX470MEFC10X12.5
Added Member To Class: ClassName=DRV2 Member=Component C32B (C32) 35PX470MEFC10X12.5
Added Member To Class: ClassName=DRV1 Member=Component C34A (C34) 10nF 25V
Added Member To Class: ClassName=DRV2 Member=Component C35B (C35) 1uF_10V
Added Member To Class: ClassName=DRV1 Member=Component C36A (C36) 10nF 25V
Added Member To Class: ClassName=DRV2 Member=Component C36B (C36) 10nF 25V
Added Member To Class: ClassName=U_PWMExpander Member=Component C41 100n 10V
Added Member To Class: ClassName=U_MCU Member=Component C42 100n 25V
Added Member To Class: ClassName=U_MuxVM_1 Member=Component C50A (C50) 35PX470MEFC10X12.5
Added Member To Class: ClassName=U_MuxVM_2 Member=Component C50B (C50) 35PX470MEFC10X12.5
Added Member To Class: ClassName=U_MuxVM_2 Member=Component C51B (C51) 1uF 25V
Added Member To Class: ClassName=U_ADCHighVoltageInputsSchDoc Member=Component C61 100n 10V
Added Member To Class: ClassName=U_DAC Member=Component C63 1uF_10V
Added Member To Class: ClassName=U_DAC Member=Component C64 100n 10V
Added Member To Class: ClassName=U_PowerAssembly Member=Component D6 MSMP20A-M3/89A
Added Member To Class: ClassName=U_PowerAssembly Member=Component D7 MSMP20A-M3/89A
Added Member To Class: ClassName=U_PWMExpander Member=Component D11 CUS520,H3F
Added Member To Class: ClassName=U_PWMExpander Member=Component D13 CUS520,H3F
Added Member To Class: ClassName=U_PWMExpander Member=Component D15 CUS520,H3F
Added Member To Class: ClassName=U_PWMExpander Member=Component D17 CUS520,H3F
Added Member To Class: ClassName=U_PWMExpander Member=Component D20 USBLC6-4SC6
Added Member To Class: ClassName=U_MCU Member=Component D21 USBLC6-4SC6
Added Member To Class: ClassName=U_MCU Member=Component D23 USBLC6-4SC6
Added Member To Class: ClassName=U_GPIOExpander Member=Component D24 RED
Added Member To Class: ClassName=U_ADCHighVoltageInputsSchDoc Member=Component D26 USBLC6-4SC6
Added Member To Class: ClassName=U_ADCHighVoltageInputsSchDoc Member=Component D27 USBLC6-4SC6
Added Member To Class: ClassName=U_ADCHighVoltageInputsSchDoc Member=Component JP7 JUMPER
Added Member To Class: ClassName=U_USBPD Member=Component R4 5k1
Added Member To Class: ClassName=U_DCDC3 Member=Component R12 10k
Added Member To Class: ClassName=U_DCDC3 Member=Component R13 10k
Added Member To Class: ClassName=U_PowerAssembly Member=Component R14 470k
Added Member To Class: ClassName=U_PowerAssembly Member=Component R15 R_169k
Added Member To Class: ClassName=U_PowerAssembly Member=Component R20 100k
Added Member To Class: ClassName=U_PowerAssembly Member=Component R22 100R
Added Member To Class: ClassName=U_PowerAssembly Member=Component R23 604R
Added Member To Class: ClassName=DRV1 Member=Component R27A (R27) 3k09
Added Member To Class: ClassName=DRV1 Member=Component R28A (R28) 10k
Added Member To Class: ClassName=DRV2 Member=Component R28B (R28) 10k
Added Member To Class: ClassName=U_PWMExpander Member=Component R32 10k
Added Member To Class: ClassName=U_PWMExpander Member=Component R33 10k
Added Member To Class: ClassName=U_PWMExpander Member=Component R34 10k
Added Member To Class: ClassName=U_PWMExpander Member=Component R35 10k
Added Member To Class: ClassName=U_PWMExpander Member=Component R36 10k
Added Member To Class: ClassName=U_MCU Member=Component R38 5k1
Added Member To Class: ClassName=U_MCU Member=Component R39 5k1
Added Member To Class: ClassName=U_MCU Member=Component R40 10k
Added Member To Class: ClassName=U_GPIOExpander Member=Component R41 5k1
Added Member To Class: ClassName=U_GPIOExpander Member=Component R42 5k1
Added Member To Class: ClassName=U_GPIOExpander Member=Component R43 10k
Added Member To Class: ClassName=U_ADCHighVoltageInputsSchDoc Member=Component R47 51k
Added Member To Class: ClassName=U_ADCHighVoltageInputsSchDoc Member=Component R51 10k
Added Member To Class: ClassName=U_ADCHighVoltageInputsSchDoc Member=Component R53 10k
Added Member To Class: ClassName=U_ADCHighVoltageInputsSchDoc Member=Component R57 10k
Added Member To Class: ClassName=U_ADCHighVoltageInputsSchDoc Member=Component R58 10k
Added Member To Class: ClassName=U_ADCHighVoltageInputsSchDoc Member=Component R62 51k
Added Member To Class: ClassName=U_USBPD Member=Component U3 TPD2E2U06DCKR
