Change Component Comment : Designator=U9A Old Comment=PDRV8962DDWR New Comment=DRV8962DDWR
Change Component Comment : Designator=U9B Old Comment=PDRV8962DDWR New Comment=DRV8962DDWR
Change Component Description : Designator=U16 Old Description= New Description=DAC53202RTER
Change Component Description : Designator=U13A Old Description= New Description=Ideal diode ORing controller 5.5A 23V
Change Component Description : Designator=U13B Old Description= New Description=Ideal diode ORing controller 5.5A 23V
Change Component Description : Designator=U14A Old Description= New Description=Ideal diode ORing controller 5.5A 23V
Change Component Description : Designator=U14B Old Description= New Description=Ideal diode ORing controller 5.5A 23V
Change Component Description : Designator=U6 Old Description=2.7-V to 23-V, 28-mâ„|, 5.5-A eFuse with integrated reverse polarity protection 10-VQFN-HR -40 to 125 New Description=2.7-V to 23-V, 5.5-A eFuse with integrated reverse polarity protection 10-VQFN-HR 
Change Component Description : Designator=U7 Old Description=2.7-V to 23-V, 28-mâ„|, 5.5-A eFuse with integrated reverse polarity protection 10-VQFN-HR -40 to 125 New Description=2.7-V to 23-V, 5.5-A eFuse with integrated reverse polarity protection 10-VQFN-HR 
Change Component Description : Designator=U9A Old Description=65-V four-channel half-bridge driver with current sense outputs 44-HTSSOP -40 to 125 New Description=65-V four-channel half-bridge driver with current sense outputs 44-HTSSOP
Change Component Description : Designator=U9B Old Description=65-V four-channel half-bridge driver with current sense outputs 44-HTSSOP -40 to 125 New Description=65-V four-channel half-bridge driver with current sense outputs 44-HTSSOP
Change Component Description : Designator=C8A Old Description=100uF New Description=Aluminum Organic Polymer Capacitors 25Vol 100uF SMD 2KHr ESR=36 mOhms AECQ200
Change Component Description : Designator=C8B Old Description=100uF New Description=Aluminum Organic Polymer Capacitors 25Vol 100uF SMD 2KHr ESR=36 mOhms AECQ200
Change Component Description : Designator=C12A Old Description=100uF New Description=Aluminum Organic Polymer Capacitors 25Vol 100uF SMD 2KHr ESR=36 mOhms AECQ200
Change Component Description : Designator=C12B Old Description=100uF New Description=Aluminum Organic Polymer Capacitors 25Vol 100uF SMD 2KHr ESR=36 mOhms AECQ200
Change Component Description : Designator=C17A Old Description=100uF New Description=Aluminum Organic Polymer Capacitors 25Vol 100uF SMD 2KHr ESR=36 mOhms AECQ200
Change Component Description : Designator=C17B Old Description=100uF New Description=Aluminum Organic Polymer Capacitors 25Vol 100uF SMD 2KHr ESR=36 mOhms AECQ200
Change Component Description : Designator=C25 Old Description=470uF 35V Aluminium Capacitor New Description= 470 µF 35 V Aluminum Electrolytic Capacitors Radial, Can 2000 Hrs @ 105°C
Change Component Description : Designator=C32A Old Description=470uF 35V Aluminium Capacitor New Description= 470 µF 35 V Aluminum Electrolytic Capacitors Radial, Can 2000 Hrs @ 105°C
Change Component Description : Designator=C32B Old Description=470uF 35V Aluminium Capacitor New Description= 470 µF 35 V Aluminum Electrolytic Capacitors Radial, Can 2000 Hrs @ 105°C
Change Component Description : Designator=C55A Old Description=470uF 35V Aluminium Capacitor New Description= 470 µF 35 V Aluminum Electrolytic Capacitors Radial, Can 2000 Hrs @ 105°C
Change Component Description : Designator=C55B Old Description=470uF 35V Aluminium Capacitor New Description= 470 µF 35 V Aluminum Electrolytic Capacitors Radial, Can 2000 Hrs @ 105°C
Change Component Description : Designator=Q1 Old Description=DMG7430LFG New Description=DMG7430LFG, N-mosfet 
Change Component Description : Designator=Q2 Old Description=DMG7430LFG New Description=DMG7430LFG, N-mosfet 
Change Component Description : Designator=U2 Old Description=Dual 1.5-pF, 5.5-V, ±25-kV  ESD protection diode with 5.5-A 8/20-uS surge rating  for USB 2.0 3-SC70 -40 to 125 New Description=Dual 1.5-pF, 5.5-V, ±25-kV  ESD protection diode with 5.5-A 8/20-uS surge rating  for USB 2.0 3-SC70 
Change Component Description : Designator=U3 Old Description=Dual 1.5-pF, 5.5-V, ±25-kV  ESD protection diode with 5.5-A 8/20-uS surge rating  for USB 2.0 3-SC70 -40 to 125 New Description=Dual 1.5-pF, 5.5-V, ±25-kV  ESD protection diode with 5.5-A 8/20-uS surge rating  for USB 2.0 3-SC70 
Change Component Description : Designator=FB1A Old Description=Inductor New Description=Ferrite bead 
Change Component Description : Designator=FB1B Old Description=Inductor New Description=Ferrite bead 
Change Component Description : Designator=FB2A Old Description=Inductor New Description=Ferrite bead 
Change Component Description : Designator=FB2B Old Description=Inductor New Description=Ferrite bead 
Change Component Description : Designator=FB3A Old Description=Inductor New Description=Ferrite bead 
Change Component Description : Designator=FB3B Old Description=Inductor New Description=Ferrite bead 
Change Component Description : Designator=FB4A Old Description=Inductor New Description=Ferrite bead 
Change Component Description : Designator=FB4B Old Description=Inductor New Description=Ferrite bead 
Change Component Description : Designator=L_1 Old Description=Inductor New Description=Inductor, 2.2uF 4.76A
Change Component Description : Designator=L1A Old Description=Inductor New Description=Inductor, 4.7 uF , 10A
Change Component Description : Designator=L1B Old Description=Inductor New Description=Inductor, 4.7 uF , 10A
Change Component Description : Designator=R3 Old Description=NTC Thermistor New Description=NTC Thermistor, 10k
Change Component Description : Designator=R_SUSB1 Old Description=Shunt Resistor 5mR New Description=Shunt Resistor 5mR, 0805
Change Component Description : Designator=R_S1A Old Description=Shunt Resistor 10 mR New Description=Shunt Resistor 10 mR, 1206, 250mW
Change Component Description : Designator=R_S1B Old Description=Shunt Resistor 10 mR New Description=Shunt Resistor 10 mR, 1206, 250mW
Change Component Description : Designator=R_S2 Old Description=Shunt Resistor 10 mR New Description=Shunt Resistor 10 mR, 1206, 250mW
Change Component Description : Designator=J1 Old Description=USB - C connector famale New Description=USB - C connector  16 pin, 100W, famale paraller to board 
Change Component Description : Designator=J2 Old Description=XT60 male connector Dostępny w zasobach własnych New Description=XT60 male connector, ewentualnie dostępny w zasobach prywatnych (5szt)
Change component parameters: Designator = "C8A" ("C8"); Footprint = "CAP_A768EB_6.8X6.8_KEM"; UniqueID = "\QJONJVLH\WARPQETJ\FFSRTRFZ" ("\QJONJVLH\WARPQETJ\FFSRTRFZ")
Change component parameters (AddParameter): Name = "ComponentLink1Description"; Value = "Datasheet"; VariantName = "[No Variations]"
Change component parameters (AddParameter): Name = "ComponentLink1URL"; Value = "https://yageogroup.com/content/datasheet/asset/file/KEM_A4088_A768"; VariantName = "[No Variations]"
Change component parameters (AddParameter): Name = "ComponentLink2Description"; Value = "Supplier"; VariantName = "[No Variations]"
Change component parameters (AddParameter): Name = "ComponentLink2URL"; Value = "https://www.digikey.pl/pl/products/detail/kemet/A768EB107M1ELAS036/13420071"; VariantName = "[No Variations]"
Change component parameters (AddParameter): Name = "Dielectric"; Value = ""; VariantName = "[No Variations]"
Change component parameters (AddParameter): Name = "Manufacturer"; Value = "KEMET"; VariantName = "[No Variations]"
Change component parameters (AddParameter): Name = "Package"; Value = ""; VariantName = "[No Variations]"
Change component parameters (AddParameter): Name = "Tolerance"; Value = "20%"; VariantName = "[No Variations]"
Change component parameters (AddParameter): Name = "Value"; Value = "100uF"; VariantName = "[No Variations]"
Change component parameters (AddParameter): Name = "Voltage"; Value = "25V"; VariantName = "[No Variations]"
Change component parameters: Designator = "C8B" ("C8"); Footprint = "CAP_A768EB_6.8X6.8_KEM"; UniqueID = "\QJONJVLH\TMKBROST\FFSRTRFZ" ("\QJONJVLH\TMKBROST\FFSRTRFZ")
Change component parameters (AddParameter): Name = "ComponentLink1Description"; Value = "Datasheet"; VariantName = "[No Variations]"
Change component parameters (AddParameter): Name = "ComponentLink1URL"; Value = "https://yageogroup.com/content/datasheet/asset/file/KEM_A4088_A768"; VariantName = "[No Variations]"
Change component parameters (AddParameter): Name = "ComponentLink2Description"; Value = "Supplier"; VariantName = "[No Variations]"
Change component parameters (AddParameter): Name = "ComponentLink2URL"; Value = "https://www.digikey.pl/pl/products/detail/kemet/A768EB107M1ELAS036/13420071"; VariantName = "[No Variations]"
Change component parameters (AddParameter): Name = "Dielectric"; Value = ""; VariantName = "[No Variations]"
Change component parameters (AddParameter): Name = "Manufacturer"; Value = "KEMET"; VariantName = "[No Variations]"
Change component parameters (AddParameter): Name = "Package"; Value = ""; VariantName = "[No Variations]"
Change component parameters (AddParameter): Name = "Tolerance"; Value = "20%"; VariantName = "[No Variations]"
Change component parameters (AddParameter): Name = "Value"; Value = "100uF"; VariantName = "[No Variations]"
Change component parameters (AddParameter): Name = "Voltage"; Value = "25V"; VariantName = "[No Variations]"
Change component parameters: Designator = "C12A" ("C12"); Footprint = "CAP_A768EB_6.8X6.8_KEM"; UniqueID = "\QJONJVLH\WARPQETJ\RAKILOCK" ("\QJONJVLH\WARPQETJ\RAKILOCK")
Change component parameters (AddParameter): Name = "ComponentLink1Description"; Value = "Datasheet"; VariantName = "[No Variations]"
Change component parameters (AddParameter): Name = "ComponentLink1URL"; Value = "https://yageogroup.com/content/datasheet/asset/file/KEM_A4088_A768"; VariantName = "[No Variations]"
Change component parameters (AddParameter): Name = "ComponentLink2Description"; Value = "Supplier"; VariantName = "[No Variations]"
Change component parameters (AddParameter): Name = "ComponentLink2URL"; Value = "https://www.digikey.pl/pl/products/detail/kemet/A768EB107M1ELAS036/13420071"; VariantName = "[No Variations]"
Change component parameters (AddParameter): Name = "Dielectric"; Value = ""; VariantName = "[No Variations]"
Change component parameters (AddParameter): Name = "Manufacturer"; Value = "KEMET"; VariantName = "[No Variations]"
Change component parameters (AddParameter): Name = "Package"; Value = ""; VariantName = "[No Variations]"
Change component parameters (AddParameter): Name = "Tolerance"; Value = "20%"; VariantName = "[No Variations]"
Change component parameters (AddParameter): Name = "Value"; Value = "100uF"; VariantName = "[No Variations]"
Change component parameters (AddParameter): Name = "Voltage"; Value = "25V"; VariantName = "[No Variations]"
Change component parameters: Designator = "C12B" ("C12"); Footprint = "CAP_A768EB_6.8X6.8_KEM"; UniqueID = "\QJONJVLH\TMKBROST\RAKILOCK" ("\QJONJVLH\TMKBROST\RAKILOCK")
Change component parameters (AddParameter): Name = "ComponentLink1Description"; Value = "Datasheet"; VariantName = "[No Variations]"
Change component parameters (AddParameter): Name = "ComponentLink1URL"; Value = "https://yageogroup.com/content/datasheet/asset/file/KEM_A4088_A768"; VariantName = "[No Variations]"
Change component parameters (AddParameter): Name = "ComponentLink2Description"; Value = "Supplier"; VariantName = "[No Variations]"
Change component parameters (AddParameter): Name = "ComponentLink2URL"; Value = "https://www.digikey.pl/pl/products/detail/kemet/A768EB107M1ELAS036/13420071"; VariantName = "[No Variations]"
Change component parameters (AddParameter): Name = "Dielectric"; Value = ""; VariantName = "[No Variations]"
Change component parameters (AddParameter): Name = "Manufacturer"; Value = "KEMET"; VariantName = "[No Variations]"
Change component parameters (AddParameter): Name = "Package"; Value = ""; VariantName = "[No Variations]"
Change component parameters (AddParameter): Name = "Tolerance"; Value = "20%"; VariantName = "[No Variations]"
Change component parameters (AddParameter): Name = "Value"; Value = "100uF"; VariantName = "[No Variations]"
Change component parameters (AddParameter): Name = "Voltage"; Value = "25V"; VariantName = "[No Variations]"
Change component parameters: Designator = "C17A" ("C17"); Footprint = "CAP_A768EB_6.8X6.8_KEM"; UniqueID = "\QJONJVLH\WARPQETJ\ORJKGANW" ("\QJONJVLH\WARPQETJ\ORJKGANW")
Change component parameters (AddParameter): Name = "ComponentLink1Description"; Value = "Datasheet"; VariantName = "[No Variations]"
Change component parameters (AddParameter): Name = "ComponentLink1URL"; Value = "https://yageogroup.com/content/datasheet/asset/file/KEM_A4088_A768"; VariantName = "[No Variations]"
Change component parameters (AddParameter): Name = "ComponentLink2Description"; Value = "Supplier"; VariantName = "[No Variations]"
Change component parameters (AddParameter): Name = "ComponentLink2URL"; Value = "https://www.digikey.pl/pl/products/detail/kemet/A768EB107M1ELAS036/13420071"; VariantName = "[No Variations]"
Change component parameters (AddParameter): Name = "Dielectric"; Value = ""; VariantName = "[No Variations]"
Change component parameters (AddParameter): Name = "Manufacturer"; Value = "KEMET"; VariantName = "[No Variations]"
Change component parameters (AddParameter): Name = "Package"; Value = ""; VariantName = "[No Variations]"
Change component parameters (AddParameter): Name = "Tolerance"; Value = "20%"; VariantName = "[No Variations]"
Change component parameters (AddParameter): Name = "Value"; Value = "100uF"; VariantName = "[No Variations]"
Change component parameters (AddParameter): Name = "Voltage"; Value = "25V"; VariantName = "[No Variations]"
Change component parameters: Designator = "C17B" ("C17"); Footprint = "CAP_A768EB_6.8X6.8_KEM"; UniqueID = "\QJONJVLH\TMKBROST\ORJKGANW" ("\QJONJVLH\TMKBROST\ORJKGANW")
Change component parameters (AddParameter): Name = "ComponentLink1Description"; Value = "Datasheet"; VariantName = "[No Variations]"
Change component parameters (AddParameter): Name = "ComponentLink1URL"; Value = "https://yageogroup.com/content/datasheet/asset/file/KEM_A4088_A768"; VariantName = "[No Variations]"
Change component parameters (AddParameter): Name = "ComponentLink2Description"; Value = "Supplier"; VariantName = "[No Variations]"
Change component parameters (AddParameter): Name = "ComponentLink2URL"; Value = "https://www.digikey.pl/pl/products/detail/kemet/A768EB107M1ELAS036/13420071"; VariantName = "[No Variations]"
Change component parameters (AddParameter): Name = "Dielectric"; Value = ""; VariantName = "[No Variations]"
Change component parameters (AddParameter): Name = "Manufacturer"; Value = "KEMET"; VariantName = "[No Variations]"
Change component parameters (AddParameter): Name = "Package"; Value = ""; VariantName = "[No Variations]"
Change component parameters (AddParameter): Name = "Tolerance"; Value = "20%"; VariantName = "[No Variations]"
Change component parameters (AddParameter): Name = "Value"; Value = "100uF"; VariantName = "[No Variations]"
Change component parameters (AddParameter): Name = "Voltage"; Value = "25V"; VariantName = "[No Variations]"
Change component parameters: Designator = "C25" ("C25"); Footprint = "CAP_PKPZ_10X12P5_LOW_RUB"; UniqueID = "\QJONJVLH\FPGTLKVH" ("\QJONJVLH\FPGTLKVH")
Change component parameters (AddParameter): Name = "Casing"; Value = ""; VariantName = "[No Variations]"
Change component parameters (AddParameter): Name = "Dielectric"; Value = ""; VariantName = "[No Variations]"
Change component parameters (AddParameter): Name = "Manufacturer"; Value = "Rubycon"; VariantName = "[No Variations]"
Change component parameters (AddParameter): Name = "Technology"; Value = ""; VariantName = "[No Variations]"
Change component parameters (AddParameter): Name = "Tolerance"; Value = "20%"; VariantName = "[No Variations]"
Change component parameters (AddParameter): Name = "Value"; Value = "470u"; VariantName = "[No Variations]"
Change component parameters (AddParameter): Name = "Voltage"; Value = "35V"; VariantName = "[No Variations]"
Change component parameters: Designator = "C32A" ("C32"); Footprint = "CAP_PKPZ_10X12P5_LOW_RUB"; UniqueID = "\JSKGTNTT\YULIZLTC\ISFFLOHH" ("\JSKGTNTT\YULIZLTC\ISFFLOHH")
Change component parameters (AddParameter): Name = "Casing"; Value = ""; VariantName = "[No Variations]"
Change component parameters (AddParameter): Name = "Dielectric"; Value = ""; VariantName = "[No Variations]"
Change component parameters (AddParameter): Name = "Manufacturer"; Value = "Rubycon"; VariantName = "[No Variations]"
Change component parameters (AddParameter): Name = "Technology"; Value = ""; VariantName = "[No Variations]"
Change component parameters (AddParameter): Name = "Tolerance"; Value = "20%"; VariantName = "[No Variations]"
Change component parameters (AddParameter): Name = "Value"; Value = "470u"; VariantName = "[No Variations]"
Change component parameters (AddParameter): Name = "Voltage"; Value = "35V"; VariantName = "[No Variations]"
Change component parameters: Designator = "C32B" ("C32"); Footprint = "CAP_PKPZ_10X12P5_LOW_RUB"; UniqueID = "\JSKGTNTT\WHIDIEHS\ISFFLOHH" ("\JSKGTNTT\WHIDIEHS\ISFFLOHH")
Change component parameters (AddParameter): Name = "Casing"; Value = ""; VariantName = "[No Variations]"
Change component parameters (AddParameter): Name = "Dielectric"; Value = ""; VariantName = "[No Variations]"
Change component parameters (AddParameter): Name = "Manufacturer"; Value = "Rubycon"; VariantName = "[No Variations]"
Change component parameters (AddParameter): Name = "Technology"; Value = ""; VariantName = "[No Variations]"
Change component parameters (AddParameter): Name = "Tolerance"; Value = "20%"; VariantName = "[No Variations]"
Change component parameters (AddParameter): Name = "Value"; Value = "470u"; VariantName = "[No Variations]"
Change component parameters (AddParameter): Name = "Voltage"; Value = "35V"; VariantName = "[No Variations]"
Change component parameters: Designator = "C55A" ("C55"); Footprint = "CAP_PKPZ_10X12P5_LOW_RUB"; UniqueID = "\JSKGTNTT\SXJWCKSP\YQSTHNMT" ("\JSKGTNTT\SXJWCKSP\YQSTHNMT")
Change component parameters (AddParameter): Name = "Casing"; Value = ""; VariantName = "[No Variations]"
Change component parameters (AddParameter): Name = "Dielectric"; Value = ""; VariantName = "[No Variations]"
Change component parameters (AddParameter): Name = "Manufacturer"; Value = "Rubycon"; VariantName = "[No Variations]"
Change component parameters (AddParameter): Name = "Technology"; Value = ""; VariantName = "[No Variations]"
Change component parameters (AddParameter): Name = "Tolerance"; Value = "20%"; VariantName = "[No Variations]"
Change component parameters (AddParameter): Name = "Value"; Value = "470u"; VariantName = "[No Variations]"
Change component parameters (AddParameter): Name = "Voltage"; Value = "35V"; VariantName = "[No Variations]"
Change component parameters: Designator = "C55B" ("C55"); Footprint = "CAP_PKPZ_10X12P5_LOW_RUB"; UniqueID = "\JSKGTNTT\YEZFITTQ\YQSTHNMT" ("\JSKGTNTT\YEZFITTQ\YQSTHNMT")
Change component parameters (AddParameter): Name = "Casing"; Value = ""; VariantName = "[No Variations]"
Change component parameters (AddParameter): Name = "Dielectric"; Value = ""; VariantName = "[No Variations]"
Change component parameters (AddParameter): Name = "Manufacturer"; Value = "Rubycon"; VariantName = "[No Variations]"
Change component parameters (AddParameter): Name = "Technology"; Value = ""; VariantName = "[No Variations]"
Change component parameters (AddParameter): Name = "Tolerance"; Value = "20%"; VariantName = "[No Variations]"
Change component parameters (AddParameter): Name = "Value"; Value = "470u"; VariantName = "[No Variations]"
Change component parameters (AddParameter): Name = "Voltage"; Value = "35V"; VariantName = "[No Variations]"
Change component parameters: Designator = "FB1A" ("FB1"); Footprint = "MH2029-300T"; UniqueID = "\JSKGTNTT\YULIZLTC\RPHOOQCD" ("\JSKGTNTT\YULIZLTC\RPHOOQCD")
Change component parameters (AddParameter): Name = "Manufacturer"; Value = "Bourns Inc."; VariantName = "[No Variations]"
Change component parameters: Designator = "FB1B" ("FB1"); Footprint = "MH2029-300T"; UniqueID = "\JSKGTNTT\WHIDIEHS\RPHOOQCD" ("\JSKGTNTT\WHIDIEHS\RPHOOQCD")
Change component parameters (AddParameter): Name = "Manufacturer"; Value = "Bourns Inc."; VariantName = "[No Variations]"
Change component parameters: Designator = "FB2A" ("FB2"); Footprint = "MH2029-300T"; UniqueID = "\JSKGTNTT\YULIZLTC\HDGLLBEY" ("\JSKGTNTT\YULIZLTC\HDGLLBEY")
Change component parameters (AddParameter): Name = "Manufacturer"; Value = "Bourns Inc."; VariantName = "[No Variations]"
Change component parameters: Designator = "FB2B" ("FB2"); Footprint = "MH2029-300T"; UniqueID = "\JSKGTNTT\WHIDIEHS\HDGLLBEY" ("\JSKGTNTT\WHIDIEHS\HDGLLBEY")
Change component parameters (AddParameter): Name = "Manufacturer"; Value = "Bourns Inc."; VariantName = "[No Variations]"
Change component parameters: Designator = "FB3A" ("FB3"); Footprint = "MH2029-300T"; UniqueID = "\JSKGTNTT\YULIZLTC\ABIENIFK" ("\JSKGTNTT\YULIZLTC\ABIENIFK")
Change component parameters (AddParameter): Name = "Manufacturer"; Value = "Bourns Inc."; VariantName = "[No Variations]"
Change component parameters: Designator = "FB3B" ("FB3"); Footprint = "MH2029-300T"; UniqueID = "\JSKGTNTT\WHIDIEHS\ABIENIFK" ("\JSKGTNTT\WHIDIEHS\ABIENIFK")
Change component parameters (AddParameter): Name = "Manufacturer"; Value = "Bourns Inc."; VariantName = "[No Variations]"
Change component parameters: Designator = "FB4A" ("FB4"); Footprint = "MH2029-300T"; UniqueID = "\JSKGTNTT\YULIZLTC\TSHNSTUH" ("\JSKGTNTT\YULIZLTC\TSHNSTUH")
Change component parameters (AddParameter): Name = "Manufacturer"; Value = "Bourns Inc."; VariantName = "[No Variations]"
Change component parameters: Designator = "FB4B" ("FB4"); Footprint = "MH2029-300T"; UniqueID = "\JSKGTNTT\WHIDIEHS\TSHNSTUH" ("\JSKGTNTT\WHIDIEHS\TSHNSTUH")
Change component parameters (AddParameter): Name = "Manufacturer"; Value = "Bourns Inc."; VariantName = "[No Variations]"
Change component parameters: Designator = "J2" ("J2"); Footprint = "XT60U-M"; UniqueID = "\QJONJVLH\UAVIPHMW" ("\QJONJVLH\UAVIPHMW")
Change component parameters (AddParameter): Name = "Manufacturer"; Value = "AMASS"; VariantName = "[No Variations]"
Change component parameters: Designator = "L1A" ("L1"); Footprint = "SRP1265A-4R7M"; UniqueID = "\QJONJVLH\WARPQETJ\JEOKBQRN" ("\QJONJVLH\WARPQETJ\JEOKBQRN")
Change component parameters (AddParameter): Name = "IDC"; Value = "10A"; VariantName = "[No Variations]"
Change component parameters (AddParameter): Name = "Manufacturer"; Value = "Bourns Inc."; VariantName = "[No Variations]"
Change component parameters (AddParameter): Name = "Tolerance"; Value = "20%"; VariantName = "[No Variations]"
Change component parameters (AddParameter): Name = "Value"; Value = "4u7"; VariantName = "[No Variations]"
Change component parameters: Designator = "L1B" ("L1"); Footprint = "SRP1265A-4R7M"; UniqueID = "\QJONJVLH\TMKBROST\JEOKBQRN" ("\QJONJVLH\TMKBROST\JEOKBQRN")
Change component parameters (AddParameter): Name = "IDC"; Value = "10A"; VariantName = "[No Variations]"
Change component parameters (AddParameter): Name = "Manufacturer"; Value = "Bourns Inc."; VariantName = "[No Variations]"
Change component parameters (AddParameter): Name = "Tolerance"; Value = "20%"; VariantName = "[No Variations]"
Change component parameters (AddParameter): Name = "Value"; Value = "4u7"; VariantName = "[No Variations]"
Change component parameters: Designator = "L_1" ("L_1"); Footprint = "DR74-2R2-R"; UniqueID = "\QJONJVLH\JALIOGXP\PXDDDRCK" ("\QJONJVLH\JALIOGXP\PXDDDRCK")
Change component parameters (AddParameter): Name = "ComponentLink1Description"; Value = "Datasheet"; VariantName = "[No Variations]"
Change component parameters (AddParameter): Name = "ComponentLink1URL"; Value = "https://www.eaton.com/content/dam/eaton/products/electronic-components/resources/data-sheet/eaton-dr-high-power-density-high-efficiency-shielded-drum-core-power-inductors-data-sheet.pdf"; VariantName = "[No Variations]"
Change component parameters (AddParameter): Name = "ComponentLink2Description"; Value = "Supplier"; VariantName = "[No Variations]"
Change component parameters (AddParameter): Name = "ComponentLink2URL"; Value = "https://www.digikey.pl/pl/products/detail/eaton-electronics-division/DR74-2R2-R/667219"; VariantName = "[No Variations]"
Change component parameters (AddParameter): Name = "IDC"; Value = "7.06A"; VariantName = "[No Variations]"
Change component parameters (AddParameter): Name = "Manufacturer"; Value = "EATON ELECTRONICS"; VariantName = "[No Variations]"
Change component parameters (AddParameter): Name = "Tolerance"; Value = "20%"; VariantName = "[No Variations]"
Change component parameters (AddParameter): Name = "Value"; Value = "2u2"; VariantName = "[No Variations]"
Change component parameters: Designator = "Q1" ("Q1"); Footprint = "POWERDI3333-8"; UniqueID = "\QJONJVLH\RRBZTQNZ\WZPDBWEO" ("\QJONJVLH\RRBZTQNZ\WZPDBWEO")
Change component parameters (AddParameter): Name = "Casing"; Value = "8-PowerVDFN"; VariantName = "[No Variations]"
Change component parameters (AddParameter): Name = "Manufacturer"; Value = "Diodes Incorporated"; VariantName = "[No Variations]"
Change component parameters: Designator = "Q2" ("Q2"); Footprint = "POWERDI3333-8"; UniqueID = "\QJONJVLH\RRBZTQNZ\DQLHKJQN" ("\QJONJVLH\RRBZTQNZ\DQLHKJQN")
Change component parameters (AddParameter): Name = "Casing"; Value = "8-PowerVDFN"; VariantName = "[No Variations]"
Change component parameters (AddParameter): Name = "Manufacturer"; Value = "Diodes Incorporated"; VariantName = "[No Variations]"
Change component parameters: Designator = "U13A" ("U13"); Footprint = "LM73100_RPW0010A"; UniqueID = "\JSKGTNTT\SXJWCKSP\XPRGLZFT" ("\JSKGTNTT\SXJWCKSP\XPRGLZFT")
Change component parameters (AddParameter): Name = "Manufacturer"; Value = "Texas Instruments"; VariantName = "[No Variations]"
Change component parameters: Designator = "U13B" ("U13"); Footprint = "LM73100_RPW0010A"; UniqueID = "\JSKGTNTT\YEZFITTQ\XPRGLZFT" ("\JSKGTNTT\YEZFITTQ\XPRGLZFT")
Change component parameters (AddParameter): Name = "Manufacturer"; Value = "Texas Instruments"; VariantName = "[No Variations]"
Change component parameters: Designator = "U14A" ("U14"); Footprint = "LM73100_RPW0010A"; UniqueID = "\JSKGTNTT\SXJWCKSP\NOFKQLDR" ("\JSKGTNTT\SXJWCKSP\NOFKQLDR")
Change component parameters (AddParameter): Name = "Manufacturer"; Value = "Texas Instruments"; VariantName = "[No Variations]"
Change component parameters: Designator = "U14B" ("U14"); Footprint = "LM73100_RPW0010A"; UniqueID = "\JSKGTNTT\YEZFITTQ\NOFKQLDR" ("\JSKGTNTT\YEZFITTQ\NOFKQLDR")
Change component parameters (AddParameter): Name = "Manufacturer"; Value = "Texas Instruments"; VariantName = "[No Variations]"
Change component parameters: Designator = "U16" ("U16"); Footprint = "DAC53202_RTE0016C"; UniqueID = "\JSKGTNTT\RNTCZECF\VQKCSXFU" ("\JSKGTNTT\RNTCZECF\VQKCSXFU")
Change component parameters (AddParameter): Name = "Manufacturer"; Value = "Texas Instruments"; VariantName = "[No Variations]"
Change component parameters: Designator = "F_ST1" ("F_ST1"); Footprint = "0603_FUSE"; UniqueID = "\QJONJVLH\HQJOBRSR" ("\QJONJVLH\HQJOBRSR")
Change component parameters (AddParameter): Name = "Current"; Value = "7A"; VariantName = "[No Variations]"
Change component parameters (AddParameter): Name = "Manufacturer"; Value = "Bel fuse Inc."; VariantName = "[No Variations]"
Change component parameters: Designator = "F_USB1" ("F_USB1"); Footprint = "0603_FUSE"; UniqueID = "\QJONJVLH\RRBZTQNZ\KETVCCOL" ("\QJONJVLH\RRBZTQNZ\KETVCCOL")
Change component parameters (AddParameter): Name = "Current"; Value = "7A"; VariantName = "[No Variations]"
Change component parameters (AddParameter): Name = "Manufacturer"; Value = "Bel fuse Inc."; VariantName = "[No Variations]"
Change component parameters: Designator = "F_XT1" ("F_XT1"); Footprint = "0603_FUSE"; UniqueID = "\QJONJVLH\DUTDFXBO" ("\QJONJVLH\DUTDFXBO")
Change component parameters (AddParameter): Name = "Current"; Value = "7A"; VariantName = "[No Variations]"
Change component parameters (AddParameter): Name = "Manufacturer"; Value = "Bel fuse Inc."; VariantName = "[No Variations]"
Change component parameters: Designator = "L2" ("L2"); Footprint = "L_1007"; UniqueID = "\CYJWJKSO\XKJQTFHR" ("\CYJWJKSO\XKJQTFHR")
Change component parameters (AddParameter): Name = "Casing"; Value = "1007"; VariantName = "[No Variations]"
Change component parameters (AddParameter): Name = "Idc"; Value = "15mA"; VariantName = "[No Variations]"
Change component parameters (AddParameter): Name = "Tolerance"; Value = "20%"; VariantName = "[No Variations]"
Change component parameters (AddParameter): Name = "Value"; Value = "1mH"; VariantName = "[No Variations]"
Change component parameters: Designator = "L3" ("L3"); Footprint = "L_1007"; UniqueID = "\JSKGTNTT\RNTCZECF\TOLJDQQJ" ("\JSKGTNTT\RNTCZECF\TOLJDQQJ")
Change component parameters (AddParameter): Name = "Casing"; Value = "1007"; VariantName = "[No Variations]"
Change component parameters (AddParameter): Name = "Idc"; Value = "15mA"; VariantName = "[No Variations]"
Change component parameters (AddParameter): Name = "Tolerance"; Value = "20%"; VariantName = "[No Variations]"
Change component parameters (AddParameter): Name = "Value"; Value = "1mH"; VariantName = "[No Variations]"
Change component parameters: Designator = "U4A" ("U4"); Footprint = "RYQ0021A-MFG"; UniqueID = "\QJONJVLH\WARPQETJ\FLALHIJK" ("\QJONJVLH\WARPQETJ\FLALHIJK")
Change component parameters (AddParameter): Name = "ComponentLink1Description"; Value = "Datasheet"; VariantName = "[No Variations]"
Change component parameters (AddParameter): Name = "ComponentLink1URL"; Value = "https://www.ti.com/lit/ds/symlink/tps55289.pdf"; VariantName = "[No Variations]"
Change component parameters (AddParameter): Name = "ComponentLink2Description"; Value = "Supplier"; VariantName = "[No Variations]"
Change component parameters (AddParameter): Name = "ComponentLink2URL"; Value = "https://www.digikey.pl/pl/products/detail/texas-instruments/TPS55289RYQR/16928303?s=N4IgTCBcDaIC4AcDOBWFYAcBOASgTwEcAnEAXQF8g"; VariantName = "[No Variations]"
Change component parameters (AddParameter): Name = "ComponentLink3Description"; Value = "Supplier"; VariantName = "[No Variations]"
Change component parameters (AddParameter): Name = "ComponentLink3URL"; Value = "https://www.mouser.pl/ProductDetail/Texas-Instruments/TPS55289RYQR?qs=T%252BzbugeAwjhgaIN94Lbpjg%3D%3D&utm_id=20109199562&utm_source=google&utm_medium=cpc&utm_marketing_tactic=emeacorp"; VariantName = "[No Variations]"
Change component parameters (AddParameter): Name = "Manufacturer"; Value = "Texas Instruments"; VariantName = "[No Variations]"
Change component parameters (AddParameter): Name = "Manufacturer_Part_Number"; Value = "TPS55289RYQR"; VariantName = "[No Variations]"
Change component parameters: Designator = "U4B" ("U4"); Footprint = "RYQ0021A-MFG"; UniqueID = "\QJONJVLH\TMKBROST\FLALHIJK" ("\QJONJVLH\TMKBROST\FLALHIJK")
Change component parameters (AddParameter): Name = "ComponentLink1Description"; Value = "Datasheet"; VariantName = "[No Variations]"
Change component parameters (AddParameter): Name = "ComponentLink1URL"; Value = "https://www.ti.com/lit/ds/symlink/tps55289.pdf"; VariantName = "[No Variations]"
Change component parameters (AddParameter): Name = "ComponentLink2Description"; Value = "Supplier"; VariantName = "[No Variations]"
Change component parameters (AddParameter): Name = "ComponentLink2URL"; Value = "https://www.digikey.pl/pl/products/detail/texas-instruments/TPS55289RYQR/16928303?s=N4IgTCBcDaIC4AcDOBWFYAcBOASgTwEcAnEAXQF8g"; VariantName = "[No Variations]"
Change component parameters (AddParameter): Name = "ComponentLink3Description"; Value = "Supplier"; VariantName = "[No Variations]"
Change component parameters (AddParameter): Name = "ComponentLink3URL"; Value = "https://www.mouser.pl/ProductDetail/Texas-Instruments/TPS55289RYQR?qs=T%252BzbugeAwjhgaIN94Lbpjg%3D%3D&utm_id=20109199562&utm_source=google&utm_medium=cpc&utm_marketing_tactic=emeacorp"; VariantName = "[No Variations]"
Change component parameters (AddParameter): Name = "Manufacturer"; Value = "Texas Instruments"; VariantName = "[No Variations]"
Change component parameters (AddParameter): Name = "Manufacturer_Part_Number"; Value = "TPS55289RYQR"; VariantName = "[No Variations]"
Change component parameters: Designator = "U5" ("U5"); Footprint = "RPA0010A-MFG"; UniqueID = "\QJONJVLH\JALIOGXP\KJWLDZJN" ("\QJONJVLH\JALIOGXP\KJWLDZJN")
Change component parameters (AddParameter): Name = "Manufacturer"; Value = "Texas Instruments"; VariantName = "[No Variations]"
Change component parameters (AddParameter): Name = "Manufacturer_Part_Number"; Value = "TPS56837RPAR"; VariantName = "[No Variations]"
Change component parameters: Designator = "D21" ("D21"); Footprint = "SOT23-6L_STM"; UniqueID = "\NBOWZNLK\IQQHREKE" ("\NBOWZNLK\IQQHREKE")
Change component parameters (AddParameter): Name = "Manufacturer"; Value = "STMicroelectronics"; VariantName = "[No Variations]"
Change component parameters (AddParameter): Name = "Manufacturer_Part_Number"; Value = "USBLC6-4SC6"; VariantName = "[No Variations]"
Change component parameters: Designator = "D22" ("D22"); Footprint = "SOT23-6L_STM"; UniqueID = "\NBOWZNLK\GDGECEQT" ("\NBOWZNLK\GDGECEQT")
Change component parameters (AddParameter): Name = "Manufacturer"; Value = "STMicroelectronics"; VariantName = "[No Variations]"
Change component parameters (AddParameter): Name = "Manufacturer_Part_Number"; Value = "USBLC6-4SC6"; VariantName = "[No Variations]"
Change component parameters: Designator = "D23" ("D23"); Footprint = "SOT23-6L_STM"; UniqueID = "\NBOWZNLK\CMMODPDT" ("\NBOWZNLK\CMMODPDT")
Change component parameters (AddParameter): Name = "Manufacturer"; Value = "STMicroelectronics"; VariantName = "[No Variations]"
Change component parameters (AddParameter): Name = "Manufacturer_Part_Number"; Value = "USBLC6-4SC6"; VariantName = "[No Variations]"
Change component parameters: Designator = "D26" ("D26"); Footprint = "SOT23-6L_STM"; UniqueID = "\CYJWJKSO\HNWKPSJL" ("\CYJWJKSO\HNWKPSJL")
Change component parameters (AddParameter): Name = "Manufacturer"; Value = "STMicroelectronics"; VariantName = "[No Variations]"
Change component parameters (AddParameter): Name = "Manufacturer_Part_Number"; Value = "USBLC6-4SC6"; VariantName = "[No Variations]"
Change component parameters: Designator = "D27" ("D27"); Footprint = "SOT23-6L_STM"; UniqueID = "\CYJWJKSO\YWNIFIIQ" ("\CYJWJKSO\YWNIFIIQ")
Change component parameters (AddParameter): Name = "Manufacturer"; Value = "STMicroelectronics"; VariantName = "[No Variations]"
Change component parameters (AddParameter): Name = "Manufacturer_Part_Number"; Value = "USBLC6-4SC6"; VariantName = "[No Variations]"
Change component parameters: Designator = "D28" ("D28"); Footprint = "SOT23-6L_STM"; UniqueID = "\NBOWZNLK\MHSUAZYY" ("\NBOWZNLK\MHSUAZYY")
Change component parameters (AddParameter): Name = "Manufacturer"; Value = "STMicroelectronics"; VariantName = "[No Variations]"
Change component parameters (AddParameter): Name = "Manufacturer_Part_Number"; Value = "USBLC6-4SC6"; VariantName = "[No Variations]"
Change component parameters: Designator = "SW_EN1" ("SW_EN1"); Footprint = "PTS526SK15SMTR2LFS"; UniqueID = "\NBOWZNLK\ELLKKQHL" ("\NBOWZNLK\ELLKKQHL")
Change component parameters (AddParameter): Name = "Manufacturer"; Value = "C&K Components"; VariantName = "[No Variations]"
Change component parameters (AddParameter): Name = "Manufacturer_Part_Number"; Value = "PTS526 SM15 SMTR2 LFS"; VariantName = "[No Variations]"
Change component parameters: Designator = "SW_IO1" ("SW_IO1"); Footprint = "PTS526SK15SMTR2LFS"; UniqueID = "\NBOWZNLK\YKOBGTVQ" ("\NBOWZNLK\YKOBGTVQ")
Change component parameters (AddParameter): Name = "Manufacturer"; Value = "C&K Components"; VariantName = "[No Variations]"
Change component parameters (AddParameter): Name = "Manufacturer_Part_Number"; Value = "PTS526 SM15 SMTR2 LFS"; VariantName = "[No Variations]"
Change component parameters: Designator = "U1" ("U1"); Footprint = "W-QFN4040-24_TYPE_A1_DIO-M"; UniqueID = "\QJONJVLH\RRBZTQNZ\CMEZOQOT" ("\QJONJVLH\RRBZTQNZ\CMEZOQOT")
Change component parameters (AddParameter): Name = "Manufacturer"; Value = "Diodes Inc"; VariantName = "[No Variations]"
Change component parameters (AddParameter): Name = "Manufacturer_Part_Number"; Value = "AP33772SDKZ-13"; VariantName = "[No Variations]"
Change component parameters: Designator = "U2" ("U2"); Footprint = "DCK0003A-MFG"; UniqueID = "\QJONJVLH\RRBZTQNZ\ZJYVJLNV" ("\QJONJVLH\RRBZTQNZ\ZJYVJLNV")
Change component parameters (AddParameter): Name = "Manufacturer"; Value = "Texas Instruments"; VariantName = "[No Variations]"
Change component parameters (AddParameter): Name = "Manufacturer_Part_Number"; Value = "TPD2E2U06DCKR"; VariantName = "[No Variations]"
Change component parameters: Designator = "U3" ("U3"); Footprint = "DCK0003A-MFG"; UniqueID = "\QJONJVLH\RRBZTQNZ\SZHRTXLU" ("\QJONJVLH\RRBZTQNZ\SZHRTXLU")
Change component parameters (AddParameter): Name = "Manufacturer"; Value = "Texas Instruments"; VariantName = "[No Variations]"
Change component parameters (AddParameter): Name = "Manufacturer_Part_Number"; Value = "TPD2E2U06DCKR"; VariantName = "[No Variations]"
Change component parameters: Designator = "U6" ("U6"); Footprint = "RPW0010A-MFG"; UniqueID = "\QJONJVLH\NGWNMOJT" ("\QJONJVLH\NGWNMOJT")
Change component parameters (AddParameter): Name = "Manufacturer"; Value = "Texas Instruments"; VariantName = "[No Variations]"
Change component parameters (AddParameter): Name = "Manufacturer_Part_Number"; Value = "TPS259474LRPWR"; VariantName = "[No Variations]"
Change component parameters: Designator = "U7" ("U7"); Footprint = "RPW0010A-MFG"; UniqueID = "\QJONJVLH\VSQQDHLY" ("\QJONJVLH\VSQQDHLY")
Change component parameters (AddParameter): Name = "Manufacturer"; Value = "Texas Instruments"; VariantName = "[No Variations]"
Change component parameters (AddParameter): Name = "Manufacturer_Part_Number"; Value = "TPS259474LRPWR"; VariantName = "[No Variations]"
Change component parameters: Designator = "U8" ("U8"); Footprint = "RGV16_2P16X2P16"; UniqueID = "\QJONJVLH\KTAPZTRW" ("\QJONJVLH\KTAPZTRW")
Change component parameters (AddParameter): Name = "Datasheet"; Value = "https://www.ti.com/lit/gpn/ina3221"; VariantName = "[No Variations]"
Change component parameters (AddParameter): Name = "Manufacturer"; Value = "Texas Instruments"; VariantName = "[No Variations]"
Change component parameters (AddParameter): Name = "Manufacturer_Part_Number"; Value = "INA3221AIRGVR"; VariantName = "[No Variations]"
Change component parameters: Designator = "J3" ("J3"); Footprint = "TB00150002BE"; UniqueID = "\QJONJVLH\RSBNSRFN" ("\QJONJVLH\RSBNSRFN")
Change component parameters (AddParameter): Name = "Manufacturer"; Value = "Same Sky"; VariantName = "[No Variations]"
Change component parameters (AddParameter): Name = "MP"; Value = "TB001-500-02BE"; VariantName = "[No Variations]"
Change component parameters: Designator = "J_1" ("J_1"); Footprint = "TB00150002BE"; UniqueID = "\QJONJVLH\RXHQPKPW" ("\QJONJVLH\RXHQPKPW")
Change component parameters (AddParameter): Name = "Manufacturer"; Value = "Same Sky"; VariantName = "[No Variations]"
Change component parameters (AddParameter): Name = "MP"; Value = "TB001-500-02BE"; VariantName = "[No Variations]"
Change component parameters: Designator = "J_IN_1" ("J_IN_1"); Footprint = "TB00150002BE"; UniqueID = "\CYJWJKSO\QPWEQCRB" ("\CYJWJKSO\QPWEQCRB")
Change component parameters (AddParameter): Name = "Manufacturer"; Value = "Same Sky"; VariantName = "[No Variations]"
Change component parameters (AddParameter): Name = "MP"; Value = "TB001-500-02BE"; VariantName = "[No Variations]"
Change component parameters: Designator = "J_IN_2" ("J_IN_2"); Footprint = "TB00150002BE"; UniqueID = "\CYJWJKSO\CWDXAJDN" ("\CYJWJKSO\CWDXAJDN")
Change component parameters (AddParameter): Name = "Manufacturer"; Value = "Same Sky"; VariantName = "[No Variations]"
Change component parameters (AddParameter): Name = "MP"; Value = "TB001-500-02BE"; VariantName = "[No Variations]"
Change component parameters: Designator = "J_IN_3" ("J_IN_3"); Footprint = "TB00150002BE"; UniqueID = "\CYJWJKSO\TCXKFGPQ" ("\CYJWJKSO\TCXKFGPQ")
Change component parameters (AddParameter): Name = "Manufacturer"; Value = "Same Sky"; VariantName = "[No Variations]"
Change component parameters (AddParameter): Name = "MP"; Value = "TB001-500-02BE"; VariantName = "[No Variations]"
Change component parameters: Designator = "J_IN_4" ("J_IN_4"); Footprint = "TB00150002BE"; UniqueID = "\CYJWJKSO\ZVQSYEZQ" ("\CYJWJKSO\ZVQSYEZQ")
Change component parameters (AddParameter): Name = "Manufacturer"; Value = "Same Sky"; VariantName = "[No Variations]"
Change component parameters (AddParameter): Name = "MP"; Value = "TB001-500-02BE"; VariantName = "[No Variations]"
Change component parameters: Designator = "J_SUP1" ("J_SUP1"); Footprint = "TB00150002BE"; UniqueID = "\QJONJVLH\JOUDALJN" ("\QJONJVLH\JOUDALJN")
Change component parameters (AddParameter): Name = "Manufacturer"; Value = "Same Sky"; VariantName = "[No Variations]"
Change component parameters (AddParameter): Name = "MP"; Value = "TB001-500-02BE"; VariantName = "[No Variations]"
Change component parameters: Designator = "J_VREG1" ("J_VREG1"); Footprint = "TB00150002BE"; UniqueID = "\QJONJVLH\OPDUZSJI" ("\QJONJVLH\OPDUZSJI")
Change component parameters (AddParameter): Name = "Manufacturer"; Value = "Same Sky"; VariantName = "[No Variations]"
Change component parameters (AddParameter): Name = "MP"; Value = "TB001-500-02BE"; VariantName = "[No Variations]"
Change component parameters: Designator = "J_VREG2" ("J_VREG2"); Footprint = "TB00150002BE"; UniqueID = "\QJONJVLH\QGLMCNLD" ("\QJONJVLH\QGLMCNLD")
Change component parameters (AddParameter): Name = "Manufacturer"; Value = "Same Sky"; VariantName = "[No Variations]"
Change component parameters (AddParameter): Name = "MP"; Value = "TB001-500-02BE"; VariantName = "[No Variations]"
Change component parameters: Designator = "OUT_A1A" ("OUT_A1"); Footprint = "TB00150002BE"; UniqueID = "\JSKGTNTT\YULIZLTC\KKUYRVOH" ("\JSKGTNTT\YULIZLTC\KKUYRVOH")
Change component parameters (AddParameter): Name = "Manufacturer"; Value = "Same Sky"; VariantName = "[No Variations]"
Change component parameters (AddParameter): Name = "MP"; Value = "TB001-500-02BE"; VariantName = "[No Variations]"
Change component parameters: Designator = "OUT_A1B" ("OUT_A1"); Footprint = "TB00150002BE"; UniqueID = "\JSKGTNTT\WHIDIEHS\KKUYRVOH" ("\JSKGTNTT\WHIDIEHS\KKUYRVOH")
Change component parameters (AddParameter): Name = "Manufacturer"; Value = "Same Sky"; VariantName = "[No Variations]"
Change component parameters (AddParameter): Name = "MP"; Value = "TB001-500-02BE"; VariantName = "[No Variations]"
Change component parameters: Designator = "OUT_B1A" ("OUT_B1"); Footprint = "TB00150002BE"; UniqueID = "\JSKGTNTT\YULIZLTC\WIJIMNOP" ("\JSKGTNTT\YULIZLTC\WIJIMNOP")
Change component parameters (AddParameter): Name = "Manufacturer"; Value = "Same Sky"; VariantName = "[No Variations]"
Change component parameters (AddParameter): Name = "MP"; Value = "TB001-500-02BE"; VariantName = "[No Variations]"
Change component parameters: Designator = "OUT_B1B" ("OUT_B1"); Footprint = "TB00150002BE"; UniqueID = "\JSKGTNTT\WHIDIEHS\WIJIMNOP" ("\JSKGTNTT\WHIDIEHS\WIJIMNOP")
Change component parameters (AddParameter): Name = "Manufacturer"; Value = "Same Sky"; VariantName = "[No Variations]"
Change component parameters (AddParameter): Name = "MP"; Value = "TB001-500-02BE"; VariantName = "[No Variations]"
Change component parameters: Designator = "U9A" ("U9"); Footprint = "DDW0044E-MFG"; UniqueID = "\JSKGTNTT\YULIZLTC\KNSZGZKO" ("\JSKGTNTT\YULIZLTC\KNSZGZKO")
Change component parameters (AddParameter): Name = "Manufacturer"; Value = "Texas Instruments"; VariantName = "[No Variations]"
Change component parameters (AddParameter): Name = "Manufacturer_Part_Number"; Value = "DRV8962DDWR"; VariantName = "[No Variations]"
Change component parameters: Designator = "U9B" ("U9"); Footprint = "DDW0044E-MFG"; UniqueID = "\JSKGTNTT\WHIDIEHS\KNSZGZKO" ("\JSKGTNTT\WHIDIEHS\KNSZGZKO")
Change component parameters (AddParameter): Name = "Manufacturer"; Value = "Texas Instruments"; VariantName = "[No Variations]"
Change component parameters (AddParameter): Name = "Manufacturer_Part_Number"; Value = "DRV8962DDWR"; VariantName = "[No Variations]"
Change component parameters: Designator = "J1" ("J1"); Footprint = "CONN_USB4105-XX-A-XXX_GCT"; UniqueID = "\QJONJVLH\RRBZTQNZ\OPQAEMCF" ("\QJONJVLH\RRBZTQNZ\OPQAEMCF")
Change component parameters (AddParameter): Name = "Manufacturer"; Value = "Global Connector Technology"; VariantName = "[No Variations]"
Change component parameters (AddParameter): Name = "Manufacturer_Part_Number"; Value = "USB4105-GF-A-120."; VariantName = "[No Variations]"
Change component parameters (AddParameter): Name = "Power"; Value = "100W"; VariantName = "[No Variations]"
Change component parameters: Designator = "U12" ("U12"); Footprint = "TCA6424A_RGJ0032A"; UniqueID = "\XDRKVGBD\BZWOPRWZ" ("\XDRKVGBD\BZWOPRWZ")
Change component parameters (AddParameter): Name = "Manufacturer"; Value = "Texas Instruments"; VariantName = "[No Variations]"
Change component parameters (AddParameter): Name = "Manufacturer_Part_Number"; Value = "TCA6424ARGJR"; VariantName = "[No Variations]"
Change component parameters (AddParameter): Name = "PackageReference"; Value = "RGJ0032A"; VariantName = "[No Variations]"
Change component parameters (AddParameter): Name = "PartNumber"; Value = "TCA6424ARGJR"; VariantName = "[No Variations]"
