Change Component Description : Designator=U6 Old Description=2.7-V to 23-V, 28-mâ„ New Description=2.7-V to 23-V, 28-mâ„|, 5.5-A eFuse with integrated reverse polarity protection 10-VQFN-HR -40 to 125
Change Component Description : Designator=U7 Old Description=2.7-V to 23-V, 28-mâ„ New Description=2.7-V to 23-V, 28-mâ„|, 5.5-A eFuse with integrated reverse polarity protection 10-VQFN-HR -40 to 125
Added Component: Designator=C38(C_0603)
Add component (AddParameter): Name = "Casing"; Value = "0603"; VariantName = "[No Variations]"
Add component (AddParameter): Name = "Dielectric"; Value = "X7R"; VariantName = "[No Variations]"
Add component (AddParameter): Name = "Technology"; Value = "Ceramic"; VariantName = "[No Variations]"
Add component (AddParameter): Name = "Tolerance"; Value = "10%"; VariantName = "[No Variations]"
Add component (AddParameter): Name = "Value"; Value = "100n"; VariantName = "[No Variations]"
Add component (AddParameter): Name = "Voltage"; Value = "10V"; VariantName = "[No Variations]"
Added Component: Designator=C62(C_0603)
Add component (AddParameter): Name = "Casing"; Value = "0603"; VariantName = "[No Variations]"
Add component (AddParameter): Name = "Dielectric"; Value = "X7R"; VariantName = "[No Variations]"
Add component (AddParameter): Name = "Technology"; Value = "Ceramic"; VariantName = "[No Variations]"
Add component (AddParameter): Name = "Tolerance"; Value = "10%"; VariantName = "[No Variations]"
Add component (AddParameter): Name = "Value"; Value = "100n"; VariantName = "[No Variations]"
Add component (AddParameter): Name = "Voltage"; Value = "10V"; VariantName = "[No Variations]"
Added Pin To Net: NetName=GND Pin=C38-1
Added Pin To Net: NetName=3V5 Pin=C38-2
Added Pin To Net: NetName=GND Pin=C62-1
Added Pin To Net: NetName=3V5 Pin=C62-2
Added Member To Class: ClassName=U_ADCHighVoltageInputsSchDoc Member=Component C38 100n 10V
Added Member To Class: ClassName=U_ADCHighVoltageInputsSchDoc Member=Component C62 100n 10V
Added Member To Class: ClassName=U_ADCHighVoltageInputsSchDoc Member=Component R52 51k
