Removed Pin From Net: NetName=VSUP_SENS+ Pin=OUT_EXT-2
Removed Pin From Net: NetName=VSUP_SENS+ Pin=OUT_USB-2
Removed Pin From Net: NetName=VREG5 Pin=OUT_VREG5-2
Removed Pin From Net: NetName=VREG Pin=OUT_VREG-2
Removed Pin From Net: NetName=REG5_R_SENS+ Pin=U4_U_DCDCreg5-12
Removed Pin From Net: NetName=REG_R_SENS+ Pin=U4_U_DCDCreg-12
Removed Member From Class: ClassName=U_PowerAssembly Member=OUT_EXT
Removed Member From Class: ClassName=U_PowerAssembly Member=OUT_USB
Removed Member From Class: ClassName=U_PowerAssembly Member=OUT_VREG5
Removed Member From Class: ClassName=U_PowerAssembly Member=OUT_VREG
Added Component: Designator=C65_U_DCDCreg5(C_0603)
Add component (AddParameter): Name = "Casing"; Value = "0603"; VariantName = "[No Variations]"
Add component (AddParameter): Name = "Dielectric"; Value = "XR7"; VariantName = "[No Variations]"
Add component (AddParameter): Name = "Technology"; Value = "Ceramic"; VariantName = "[No Variations]"
Add component (AddParameter): Name = "Tolerance"; Value = "10%"; VariantName = "[No Variations]"
Add component (AddParameter): Name = "Value"; Value = "220n"; VariantName = "[No Variations]"
Add component (AddParameter): Name = "Voltage"; Value = "25V"; VariantName = "[No Variations]"
Added Component: Designator=C65_U_DCDCreg(C_0603)
Add component (AddParameter): Name = "Casing"; Value = "0603"; VariantName = "[No Variations]"
Add component (AddParameter): Name = "Dielectric"; Value = "XR7"; VariantName = "[No Variations]"
Add component (AddParameter): Name = "Technology"; Value = "Ceramic"; VariantName = "[No Variations]"
Add component (AddParameter): Name = "Tolerance"; Value = "10%"; VariantName = "[No Variations]"
Add component (AddParameter): Name = "Value"; Value = "220n"; VariantName = "[No Variations]"
Add component (AddParameter): Name = "Voltage"; Value = "25V"; VariantName = "[No Variations]"
Added Component: Designator=R1_U_DCDCreg5(R_0603)
Add component (AddParameter): Name = "Casing"; Value = "0603"; VariantName = "[No Variations]"
Add component (AddParameter): Name = "Power"; Value = "100mW"; VariantName = "[No Variations]"
Add component (AddParameter): Name = "Tolerance"; Value = "1%"; VariantName = "[No Variations]"
Add component (AddParameter): Name = "Value"; Value = "10"; VariantName = "[No Variations]"
Added Component: Designator=R1_U_DCDCreg(R_0603)
Add component (AddParameter): Name = "Casing"; Value = "0603"; VariantName = "[No Variations]"
Add component (AddParameter): Name = "Power"; Value = "100mW"; VariantName = "[No Variations]"
Add component (AddParameter): Name = "Tolerance"; Value = "1%"; VariantName = "[No Variations]"
Add component (AddParameter): Name = "Value"; Value = "10"; VariantName = "[No Variations]"
Added Component: Designator=R2_U_DCDCreg5(R_0603)
Add component (AddParameter): Name = "Casing"; Value = "0603"; VariantName = "[No Variations]"
Add component (AddParameter): Name = "Power"; Value = "100mW"; VariantName = "[No Variations]"
Add component (AddParameter): Name = "Tolerance"; Value = "1%"; VariantName = "[No Variations]"
Add component (AddParameter): Name = "Value"; Value = "10"; VariantName = "[No Variations]"
Added Component: Designator=R2_U_DCDCreg(R_0603)
Add component (AddParameter): Name = "Casing"; Value = "0603"; VariantName = "[No Variations]"
Add component (AddParameter): Name = "Power"; Value = "100mW"; VariantName = "[No Variations]"
Add component (AddParameter): Name = "Tolerance"; Value = "1%"; VariantName = "[No Variations]"
Add component (AddParameter): Name = "Value"; Value = "10"; VariantName = "[No Variations]"
Added Pin To Net: NetName=REG5_R_SENS+ Pin=R1_U_DCDCreg5-1
Added Pin To Net: NetName=REG_R_SENS+ Pin=R1_U_DCDCreg-1
Added Pin To Net: NetName=VREG5 Pin=R2_U_DCDCreg5-1
Added Pin To Net: NetName=VREG Pin=R2_U_DCDCreg-1
Added Pin To Net: NetName=VREG5 Pin=R_S2_U_DCDCreg5-2
Added Pin To Net: NetName=VREG Pin=R_S2_U_DCDCreg-2
Added Pin To Net: NetName=VSUP_SENS+ Pin=U6-6
Added Pin To Net: NetName=VSUP_SENS+ Pin=U7-6
Added Pin To Net: NetName=NetC65_U_DCDCreg5_1 Pin=C65_U_DCDCreg5-1
Added Pin To Net: NetName=NetC65_U_DCDCreg5_1 Pin=R2_U_DCDCreg5-2
Added Pin To Net: NetName=NetC65_U_DCDCreg5_1 Pin=U4_U_DCDCreg5-13
Added Net: Name=NetC65_U_DCDCreg5_1
Added Pin To Net: NetName=NetC65_U_DCDCreg5_2 Pin=C65_U_DCDCreg5-2
Added Pin To Net: NetName=NetC65_U_DCDCreg5_2 Pin=R1_U_DCDCreg5-2
Added Pin To Net: NetName=NetC65_U_DCDCreg5_2 Pin=U4_U_DCDCreg5-12
Added Net: Name=NetC65_U_DCDCreg5_2
Added Pin To Net: NetName=NetC65_U_DCDCreg_1 Pin=C65_U_DCDCreg-1
Added Pin To Net: NetName=NetC65_U_DCDCreg_1 Pin=R2_U_DCDCreg-2
Added Pin To Net: NetName=NetC65_U_DCDCreg_1 Pin=U4_U_DCDCreg-13
Added Net: Name=NetC65_U_DCDCreg_1
Added Pin To Net: NetName=NetC65_U_DCDCreg_2 Pin=C65_U_DCDCreg-2
Added Pin To Net: NetName=NetC65_U_DCDCreg_2 Pin=R1_U_DCDCreg-2
Added Pin To Net: NetName=NetC65_U_DCDCreg_2 Pin=U4_U_DCDCreg-12
Added Net: Name=NetC65_U_DCDCreg_2
Added Member To Class: ClassName=U_DCDCreg5 Member=Component C65_U_DCDCreg5 (C65) 220nF 25V
Added Member To Class: ClassName=U_DCDCreg Member=Component C65_U_DCDCreg (C65) 220nF 25V
Added Member To Class: ClassName=U_DCDCreg5 Member=Component R1_U_DCDCreg5 (R1) 10
Added Member To Class: ClassName=U_DCDCreg Member=Component R1_U_DCDCreg (R1) 10
Added Member To Class: ClassName=U_DCDCreg5 Member=Component R2_U_DCDCreg5 (R2) 10
Added Member To Class: ClassName=U_DCDCreg Member=Component R2_U_DCDCreg (R2) 10
Added Member To Class: ClassName=U_PowerAssembly Member=Component U8 INA3221AIRGVR
