Removed Pin From Net: NetName=GND Pin=R48_U_MuxVM_1-1
Removed Pin From Net: NetName=GND Pin=R48_U_MuxVM_2-1
Removed Pin From Net: NetName=GND Pin=R49_U_MuxVM_1-1
Removed Pin From Net: NetName=GND Pin=R49_U_MuxVM_2-1
Removed Member From Class: ClassName=U_PowerAssembly Member=D5
Removed Member From Class: ClassName=U_MuxVM_1 Member=R48_U_MuxVM_1
Removed Member From Class: ClassName=U_MuxVM_2 Member=R48_U_MuxVM_2
Removed Member From Class: ClassName=U_MuxVM_1 Member=R49_U_MuxVM_1
Removed Member From Class: ClassName=U_MuxVM_2 Member=R49_U_MuxVM_2
Added Component: Designator=D?(DIONM5127X229N)
Add component (AddParameter): Name = "Casing"; Value = "SMA (DO-214AC)"; VariantName = "[No Variations]"
Add component (AddParameter): Name = "Reverse standoff voltage"; Value = "20V"; VariantName = "[No Variations]"
Add component (AddParameter): Name = "VFm"; Value = "380mV@1000mA"; VariantName = "[No Variations]"
Added Component: Designator=R47_U_MuxVM_1(R_0603)
Add component (AddParameter): Name = "Casing"; Value = "0603"; VariantName = "[No Variations]"
Add component (AddParameter): Name = "Power"; Value = "100mW"; VariantName = "[No Variations]"
Add component (AddParameter): Name = "Tolerance"; Value = "1%"; VariantName = "[No Variations]"
Add component (AddParameter): Name = "Value"; Value = "549"; VariantName = "[No Variations]"
Added Component: Designator=R47_U_MuxVM_2(R_0603)
Add component (AddParameter): Name = "Casing"; Value = "0603"; VariantName = "[No Variations]"
Add component (AddParameter): Name = "Power"; Value = "100mW"; VariantName = "[No Variations]"
Add component (AddParameter): Name = "Tolerance"; Value = "1%"; VariantName = "[No Variations]"
Add component (AddParameter): Name = "Value"; Value = "549"; VariantName = "[No Variations]"
Added Component: Designator=R?_U_MuxVM_1(R_0603)
Add component (AddParameter): Name = "Casing"; Value = "0603"; VariantName = "[No Variations]"
Add component (AddParameter): Name = "Power"; Value = "100mW"; VariantName = "[No Variations]"
Add component (AddParameter): Name = "Tolerance"; Value = "1%"; VariantName = "[No Variations]"
Add component (AddParameter): Name = "Value"; Value = "549"; VariantName = "[No Variations]"
Added Component: Designator=R?_U_MuxVM_2(R_0603)
Add component (AddParameter): Name = "Casing"; Value = "0603"; VariantName = "[No Variations]"
Add component (AddParameter): Name = "Power"; Value = "100mW"; VariantName = "[No Variations]"
Add component (AddParameter): Name = "Tolerance"; Value = "1%"; VariantName = "[No Variations]"
Add component (AddParameter): Name = "Value"; Value = "549"; VariantName = "[No Variations]"
Added Pin To Net: NetName=3V5_F Pin=D?-A
Added Pin To Net: NetName=3V3PROT Pin=D?-K
Added Pin To Net: NetName=GND Pin=R47_U_MuxVM_1-2
Added Pin To Net: NetName=GND Pin=R47_U_MuxVM_2-2
Added Pin To Net: NetName=GND Pin=R?_U_MuxVM_1-2
Added Pin To Net: NetName=GND Pin=R?_U_MuxVM_2-2
Added Pin To Net: NetName=R_LMA_IMON_U_MuxVM_1 Pin=R47_U_MuxVM_1-1
Added Pin To Net: NetName=R_LMA_IMON_U_MuxVM_1 Pin=U13_U_MuxVM_1-9
Added Net: Name=R_LMA_IMON_U_MuxVM_1
Added Pin To Net: NetName=R_LMA_IMON_U_MuxVM_2 Pin=R47_U_MuxVM_2-1
Added Pin To Net: NetName=R_LMA_IMON_U_MuxVM_2 Pin=U13_U_MuxVM_2-9
Added Net: Name=R_LMA_IMON_U_MuxVM_2
Added Pin To Net: NetName=R_LMB_IMON_U_MuxVM_1 Pin=R?_U_MuxVM_1-1
Added Pin To Net: NetName=R_LMB_IMON_U_MuxVM_1 Pin=U14_U_MuxVM_1-9
Added Net: Name=R_LMB_IMON_U_MuxVM_1
Added Pin To Net: NetName=R_LMB_IMON_U_MuxVM_2 Pin=R?_U_MuxVM_2-1
Added Pin To Net: NetName=R_LMB_IMON_U_MuxVM_2 Pin=U14_U_MuxVM_2-9
Added Net: Name=R_LMB_IMON_U_MuxVM_2
Added Member To Class: ClassName=U_PowerAssembly Member=Component D? SL12-E3/61T
Added Member To Class: ClassName=U_MuxVM_1 Member=Component R47_U_MuxVM_1 (R47) 549
Added Member To Class: ClassName=U_MuxVM_2 Member=Component R47_U_MuxVM_2 (R47) 549
Added Member To Class: ClassName=U_MuxVM_1 Member=Component R?_U_MuxVM_1 (R?) 549
Added Member To Class: ClassName=U_MuxVM_2 Member=Component R?_U_MuxVM_2 (R?) 549
