Removed Member From Class: ClassName=U_PWMExpander Member=C44
Removed Member From Class: ClassName=U_ADCHighVoltageInputsSchDoc Member=C66
Removed Member From Class: ClassName=U_MCU Member=D25
Removed Member From Class: ClassName=U_GPIOExpander Member=D28
Removed Member From Class: ClassName=U_ADCHighVoltageInputsSchDoc Member=R31
Removed Member From Class: ClassName=U_ADCHighVoltageInputsSchDoc Member=R33
Removed Member From Class: ClassName=U_ADCHighVoltageInputsSchDoc Member=R34
Removed Member From Class: ClassName=U_ADCHighVoltageInputsSchDoc Member=R35
Removed Member From Class: ClassName=U_ADCHighVoltageInputsSchDoc Member=R37
Removed Member From Class: ClassName=U_DAC Member=R37
Removed Member From Class: ClassName=U_GPIOExpander Member=R37
Removed Member From Class: ClassName=U_ADCHighVoltageInputsSchDoc Member=R46
Removed Member From Class: ClassName=U_ADCHighVoltageInputsSchDoc Member=R47
Removed Member From Class: ClassName=U_PWMExpander Member=R48
Removed Member From Class: ClassName=U_PWMExpander Member=R49
Removed Member From Class: ClassName=U_PWMExpander Member=R53
Removed Member From Class: ClassName=U_PWMExpander Member=R54
Removed Member From Class: ClassName=U_MCU Member=R61
Removed Member From Class: ClassName=U_PWMExpander Member=R61
Removed Member From Class: ClassName=U_GPIOExpander Member=R73
Added Member To Class: ClassName=Reg5 Member=Component C12B (C12) 22u 25V
Added Member To Class: ClassName=Reg Member=Component C15A (C15) 22u 25V
Added Member To Class: ClassName=Reg5 Member=Component C15B (C15) 22u 25V
Added Member To Class: ClassName=Reg Member=Component C17A (C17) A768EB107M1ELAS036
Added Member To Class: ClassName=U_PWMExpander Member=Component C42 35PX470MEFC10X12.5
Added Member To Class: ClassName=U_MCU Member=Component C43 100n 25V
Added Member To Class: ClassName=U_MCU Member=Component C45 10u 10V
Added Member To Class: ClassName=U_MCU Member=Component C46 100n 10V
Added Member To Class: ClassName=U_MCU Member=Component C48 100n 25V
Added Member To Class: ClassName=U_MCU Member=Component C49 100n 25V
Added Member To Class: ClassName=U_GPIOExpander Member=Component C52 1uF_10V
Added Member To Class: ClassName=U_MuxVM_1 Member=Component C54A (C54) 1uF 25V
Added Member To Class: ClassName=U_MuxVM_2 Member=Component C55B (C55) 3n3 25V
Added Member To Class: ClassName=U_MuxVM_1 Member=Component C57A (C57) 1uF 25V
Added Member To Class: ClassName=U_ADCHighVoltageInputsSchDoc Member=Component C59 22u 10V
Added Member To Class: ClassName=U_ADCHighVoltageInputsSchDoc Member=Component C61 1uF_10V
Added Member To Class: ClassName=U_ADCHighVoltageInputsSchDoc Member=Component C62 1uF_10V
Added Member To Class: ClassName=U_ADCHighVoltageInputsSchDoc Member=Component C64 100n 10V
Added Member To Class: ClassName=U_DAC Member=Component C65 22u 10V
Added Member To Class: ClassName=U_DAC Member=Component C67 100n 10V
Added Member To Class: ClassName=U_DAC Member=Component C68 1uF_10V
Added Member To Class: ClassName=U_MCU Member=Component D21 USBLC6-4SC6
Added Member To Class: ClassName=U_MCU Member=Component D22 USBLC6-4SC6
Added Member To Class: ClassName=U_MCU Member=Component D23 USBLC6-4SC6
Added Member To Class: ClassName=U_MCU Member=Component D24 USBLC6-4SC6
Added Member To Class: ClassName=U_GPIOExpander Member=Component D26 RED
Added Member To Class: ClassName=U_ADCHighVoltageInputsSchDoc Member=Component D27 USBLC6-4SC6
Added Member To Class: ClassName=U_DCDC3 Member=Component R11 10k
Added Member To Class: ClassName=U_DCDC3 Member=Component R12 1k
Added Member To Class: ClassName=U_PWMExpander Member=Component R30 220
Added Member To Class: ClassName=U_PWMExpander Member=Component R31 220
Added Member To Class: ClassName=U_PWMExpander Member=Component R32 220
Added Member To Class: ClassName=U_PWMExpander Member=Component R33 220
Added Member To Class: ClassName=U_PWMExpander Member=Component R34 220
Added Member To Class: ClassName=U_PWMExpander Member=Component R35 220
Added Member To Class: ClassName=U_PWMExpander Member=Component R36 220
Added Member To Class: ClassName=U_PWMExpander Member=Component R37 220
Added Member To Class: ClassName=U_PWMExpander Member=Component R38 10k
Added Member To Class: ClassName=U_PWMExpander Member=Component R39 10k
Added Member To Class: ClassName=U_PWMExpander Member=Component R41 10k
Added Member To Class: ClassName=U_PWMExpander Member=Component R42 10k
Added Member To Class: ClassName=U_PWMExpander Member=Component R44 10k
Added Member To Class: ClassName=U_MCU Member=Component R50 10k
Added Member To Class: ClassName=U_GPIOExpander Member=Component R51 1k
Added Member To Class: ClassName=U_GPIOExpander Member=Component R52 1k
Added Member To Class: ClassName=U_ADCHighVoltageInputsSchDoc Member=Component R57 10k
Added Member To Class: ClassName=U_ADCHighVoltageInputsSchDoc Member=Component R60 51k
Added Member To Class: ClassName=U_ADCHighVoltageInputsSchDoc Member=Component R62 10k
Added Member To Class: ClassName=U_ADCHighVoltageInputsSchDoc Member=Component R63 10k
Added Member To Class: ClassName=U_ADCHighVoltageInputsSchDoc Member=Component R64 10k
Added Member To Class: ClassName=U_ADCHighVoltageInputsSchDoc Member=Component R65 10k
Added Member To Class: ClassName=U_ADCHighVoltageInputsSchDoc Member=Component R66 10k
Added Member To Class: ClassName=U_ADCHighVoltageInputsSchDoc Member=Component R70 51k
Added Member To Class: ClassName=U_ADCHighVoltageInputsSchDoc Member=Component R71 51k
Added Member To Class: ClassName=U_ADCHighVoltageInputsSchDoc Member=Component R72 51k
Added Member To Class: ClassName=U_DAC Member=Component R74 10k
