Change Component Designator: OldDesignator=J_SPI? NewDesignator=J_SPI1
Added Component: Designator=C43(C_0603)
Add component (AddParameter): Name = "Casing"; Value = "0603"; VariantName = "[No Variations]"
Add component (AddParameter): Name = "Dielectric"; Value = "X7R"; VariantName = "[No Variations]"
Add component (AddParameter): Name = "Technology"; Value = "Ceramic"; VariantName = "[No Variations]"
Add component (AddParameter): Name = "Tolerance"; Value = "10%"; VariantName = "[No Variations]"
Add component (AddParameter): Name = "Value"; Value = "100n"; VariantName = "[No Variations]"
Add component (AddParameter): Name = "Voltage"; Value = "25V"; VariantName = "[No Variations]"
Added Component: Designator=D28(SOT23-6L_STM)
Add component (AddParameter): Name = "Copyright"; Value = "Copyright (C) 2025 Ultra Librarian. All rights reserved."; VariantName = "[No Variations]"
Add component (AddParameter): Name = "Manufacturer_Name"; Value = "STMicroelectronics"; VariantName = "[No Variations]"
Add component (AddParameter): Name = "Manufacturer_Part_Number"; Value = "USBLC6-4SC6"; VariantName = "[No Variations]"
Add component (AddParameter): Name = "RefDes"; Value = "RefDes"; VariantName = "[No Variations]"
Add component (AddParameter): Name = "Type"; Value = "Type"; VariantName = "[No Variations]"
Added Pin To Net: NetName=GND Pin=C43-1
Added Pin To Net: NetName=3V5 Pin=C43-2
Added Pin To Net: NetName=GPIO3 Pin=D28-1
Added Pin To Net: NetName=GND Pin=D28-2
Added Pin To Net: NetName=GPIO17 Pin=D28-3
Added Pin To Net: NetName=GPIO18 Pin=D28-4
Added Pin To Net: NetName=3V5 Pin=D28-5
Added Pin To Net: NetName=GPIO46 Pin=D28-6
Added Pin To Net: NetName=GPIO3 Pin=J_MISC1-1
Added Pin To Net: NetName=GPIO17 Pin=J_MISC1-2
Added Pin To Net: NetName=GPIO18 Pin=J_MISC1-3
Added Pin To Net: NetName=GPIO46 Pin=J_MISC1-4
Added Pin To Net: NetName=TCA6424_nRESET Pin=U11-12
Added Member To Class: ClassName=U_MCU Member=Component C43 100n 25V
Added Member To Class: ClassName=U_MCU Member=Component D28 USBLC6-4SC6
