Removed Pin From Net: NetName=PWM_PROT_7 Pin=D11-A
Removed Pin From Net: NetName=PWM_PROT_6 Pin=D12-A
Removed Pin From Net: NetName=PWM_PROT_5 Pin=D13-A
Removed Pin From Net: NetName=PWM_PROT_4 Pin=D14-A
Removed Pin From Net: NetName=PWM_PROT_3 Pin=D15-A
Removed Pin From Net: NetName=PWM_PROT_2 Pin=D16-A
Removed Pin From Net: NetName=PWM_PROT_1 Pin=D17-A
Removed Pin From Net: NetName=PWM_PROT_0 Pin=D18-A
Change Component Designator: OldDesignator=J2 NewDesignator=J_EXT_1
Change Component Designator: OldDesignator=J3 NewDesignator=J_EXT_2
Change Component Designator: OldDesignator=J_1 NewDesignator=J_3V3
Change Component Designator: OldDesignator=R_CC1 NewDesignator=R_CC2
Added Component: Designator=R67(R_0603)
Add component (AddParameter): Name = "Casing"; Value = "0603"; VariantName = "[No Variations]"
Add component (AddParameter): Name = "Power"; Value = "100mW"; VariantName = "[No Variations]"
Add component (AddParameter): Name = "Tolerance"; Value = "1%"; VariantName = "[No Variations]"
Add component (AddParameter): Name = "Value"; Value = "150"; VariantName = "[No Variations]"
Added Component: Designator=R68(R_0603)
Add component (AddParameter): Name = "Casing"; Value = "0603"; VariantName = "[No Variations]"
Add component (AddParameter): Name = "Power"; Value = "100mW"; VariantName = "[No Variations]"
Add component (AddParameter): Name = "Tolerance"; Value = "1%"; VariantName = "[No Variations]"
Add component (AddParameter): Name = "Value"; Value = "150"; VariantName = "[No Variations]"
Added Component: Designator=R69(R_0603)
Add component (AddParameter): Name = "Casing"; Value = "0603"; VariantName = "[No Variations]"
Add component (AddParameter): Name = "Power"; Value = "100mW"; VariantName = "[No Variations]"
Add component (AddParameter): Name = "Tolerance"; Value = "1%"; VariantName = "[No Variations]"
Add component (AddParameter): Name = "Value"; Value = "150"; VariantName = "[No Variations]"
Added Component: Designator=R70(R_0603)
Add component (AddParameter): Name = "Casing"; Value = "0603"; VariantName = "[No Variations]"
Add component (AddParameter): Name = "Power"; Value = "100mW"; VariantName = "[No Variations]"
Add component (AddParameter): Name = "Tolerance"; Value = "1%"; VariantName = "[No Variations]"
Add component (AddParameter): Name = "Value"; Value = "150"; VariantName = "[No Variations]"
Added Component: Designator=R71(R_0603)
Add component (AddParameter): Name = "Casing"; Value = "0603"; VariantName = "[No Variations]"
Add component (AddParameter): Name = "Power"; Value = "100mW"; VariantName = "[No Variations]"
Add component (AddParameter): Name = "Tolerance"; Value = "1%"; VariantName = "[No Variations]"
Add component (AddParameter): Name = "Value"; Value = "150"; VariantName = "[No Variations]"
Added Component: Designator=R72(R_0603)
Add component (AddParameter): Name = "Casing"; Value = "0603"; VariantName = "[No Variations]"
Add component (AddParameter): Name = "Power"; Value = "100mW"; VariantName = "[No Variations]"
Add component (AddParameter): Name = "Tolerance"; Value = "1%"; VariantName = "[No Variations]"
Add component (AddParameter): Name = "Value"; Value = "150"; VariantName = "[No Variations]"
Added Component: Designator=R73(R_0603)
Add component (AddParameter): Name = "Casing"; Value = "0603"; VariantName = "[No Variations]"
Add component (AddParameter): Name = "Power"; Value = "100mW"; VariantName = "[No Variations]"
Add component (AddParameter): Name = "Tolerance"; Value = "1%"; VariantName = "[No Variations]"
Add component (AddParameter): Name = "Value"; Value = "150"; VariantName = "[No Variations]"
Added Component: Designator=R74(R_0603)
Add component (AddParameter): Name = "Casing"; Value = "0603"; VariantName = "[No Variations]"
Add component (AddParameter): Name = "Power"; Value = "100mW"; VariantName = "[No Variations]"
Add component (AddParameter): Name = "Tolerance"; Value = "1%"; VariantName = "[No Variations]"
Add component (AddParameter): Name = "Value"; Value = "150"; VariantName = "[No Variations]"
Added Pin To Net: NetName=PWM_PROT_7 Pin=R67-1
Added Pin To Net: NetName=PWM_PROT_6 Pin=R68-1
Added Pin To Net: NetName=PWM_PROT_5 Pin=R69-1
Added Pin To Net: NetName=PWM_PROT_4 Pin=R70-1
Added Pin To Net: NetName=PWM_PROT_3 Pin=R71-1
Added Pin To Net: NetName=PWM_PROT_2 Pin=R72-1
Added Pin To Net: NetName=PWM_PROT_1 Pin=R73-1
Added Pin To Net: NetName=PWM_PROT_0 Pin=R74-1
Added Pin To Net: NetName=NetD11_A Pin=D11-A
Added Pin To Net: NetName=NetD11_A Pin=R67-2
Added Net: Name=NetD11_A
Added Pin To Net: NetName=NetD12_A Pin=D12-A
Added Pin To Net: NetName=NetD12_A Pin=R68-2
Added Net: Name=NetD12_A
Added Pin To Net: NetName=NetD13_A Pin=D13-A
Added Pin To Net: NetName=NetD13_A Pin=R69-2
Added Net: Name=NetD13_A
Added Pin To Net: NetName=NetD14_A Pin=D14-A
Added Pin To Net: NetName=NetD14_A Pin=R70-2
Added Net: Name=NetD14_A
Added Pin To Net: NetName=NetD15_A Pin=D15-A
Added Pin To Net: NetName=NetD15_A Pin=R71-2
Added Net: Name=NetD15_A
Added Pin To Net: NetName=NetD16_A Pin=D16-A
Added Pin To Net: NetName=NetD16_A Pin=R72-2
Added Net: Name=NetD16_A
Added Pin To Net: NetName=NetD17_A Pin=D17-A
Added Pin To Net: NetName=NetD17_A Pin=R73-2
Added Net: Name=NetD17_A
Added Pin To Net: NetName=NetD18_A Pin=D18-A
Added Pin To Net: NetName=NetD18_A Pin=R74-2
Added Net: Name=NetD18_A
Added Member To Class: ClassName=U_PWMExpander Member=Component R67 150
Added Member To Class: ClassName=U_PWMExpander Member=Component R68 150
Added Member To Class: ClassName=U_PWMExpander Member=Component R69 150
Added Member To Class: ClassName=U_PWMExpander Member=Component R70 150
Added Member To Class: ClassName=U_PWMExpander Member=Component R71 150
Added Member To Class: ClassName=U_PWMExpander Member=Component R72 150
Added Member To Class: ClassName=U_PWMExpander Member=Component R73 150
Added Member To Class: ClassName=U_PWMExpander Member=Component R74 150
