Removed Pin From Net: NetName=EXTERNAL_RXD0 Pin=D21-1
Removed Pin From Net: NetName=EXTERNAL_TXD0 Pin=D21-3
Removed Pin From Net: NetName=CHIP_PU Pin=D21-4
Removed Pin From Net: NetName=IO0 Pin=D21-6
Removed Pin From Net: NetName=EXTERNAL_I2C_SDA Pin=D22-1
Removed Pin From Net: NetName=EXTERNAL_I2C_SCL Pin=D22-3
Change Component Designator: OldDesignator=C47 NewDesignator=C50
Change Component Designator: OldDesignator=C48 NewDesignator=C51
Change Component Designator: OldDesignator=C49 NewDesignator=C52
Change Component Designator: OldDesignator=C50A NewDesignator=C55A
Change Component Designator: OldDesignator=C50B NewDesignator=C55B
Change Component Designator: OldDesignator=C51A NewDesignator=C53A
Change Component Designator: OldDesignator=C51B NewDesignator=C53B
Change Component Designator: OldDesignator=C52A NewDesignator=C54A
Change Component Designator: OldDesignator=C52B NewDesignator=C54B
Change Component Designator: OldDesignator=C54A NewDesignator=C56A
Change Component Designator: OldDesignator=C54B NewDesignator=C56B
Change Component Designator: OldDesignator=C55A NewDesignator=C57A
Change Component Designator: OldDesignator=C55B NewDesignator=C57B
Change Component Designator: OldDesignator=C56 NewDesignator=C58
Change Component Designator: OldDesignator=C57 NewDesignator=C59
Change Component Designator: OldDesignator=C58 NewDesignator=C60
Change Component Designator: OldDesignator=C59 NewDesignator=C61
Change Component Designator: OldDesignator=C60 NewDesignator=C62
Change Component Designator: OldDesignator=C61 NewDesignator=C63
Change Component Designator: OldDesignator=C62 NewDesignator=C64
Change Component Designator: OldDesignator=C63 NewDesignator=C65
Change Component Designator: OldDesignator=C64 NewDesignator=C66
Change Component Designator: OldDesignator=C65 NewDesignator=C67
Change Component Designator: OldDesignator=C66 NewDesignator=C68
Change Component Designator: OldDesignator=JP5 NewDesignator=JP6
Change Component Designator: OldDesignator=JP6 NewDesignator=JP7
Change Component Designator: OldDesignator=JP7 NewDesignator=JP5
Added Component: Designator=C47(C_0603)
Add component (AddParameter): Name = "Casing"; Value = "0603"; VariantName = "[No Variations]"
Add component (AddParameter): Name = "Dielectric"; Value = "X7R"; VariantName = "[No Variations]"
Add component (AddParameter): Name = "Technology"; Value = "Ceramic"; VariantName = "[No Variations]"
Add component (AddParameter): Name = "Tolerance"; Value = "10%"; VariantName = "[No Variations]"
Add component (AddParameter): Name = "Value"; Value = "100n"; VariantName = "[No Variations]"
Add component (AddParameter): Name = "Voltage"; Value = "25V"; VariantName = "[No Variations]"
Added Component: Designator=C48(C_0603)
Add component (AddParameter): Name = "Casing"; Value = "0603"; VariantName = "[No Variations]"
Add component (AddParameter): Name = "Dielectric"; Value = "X7R"; VariantName = "[No Variations]"
Add component (AddParameter): Name = "Technology"; Value = "Ceramic"; VariantName = "[No Variations]"
Add component (AddParameter): Name = "Tolerance"; Value = "10%"; VariantName = "[No Variations]"
Add component (AddParameter): Name = "Value"; Value = "100n"; VariantName = "[No Variations]"
Add component (AddParameter): Name = "Voltage"; Value = "25V"; VariantName = "[No Variations]"
Added Component: Designator=C49(C_0603)
Add component (AddParameter): Name = "Casing"; Value = "0603"; VariantName = "[No Variations]"
Add component (AddParameter): Name = "Dielectric"; Value = "X7R"; VariantName = "[No Variations]"
Add component (AddParameter): Name = "Technology"; Value = "Ceramic"; VariantName = "[No Variations]"
Add component (AddParameter): Name = "Tolerance"; Value = "10%"; VariantName = "[No Variations]"
Add component (AddParameter): Name = "Value"; Value = "100n"; VariantName = "[No Variations]"
Add component (AddParameter): Name = "Voltage"; Value = "25V"; VariantName = "[No Variations]"
Added Pin To Net: NetName=GND Pin=C47-1
Added Pin To Net: NetName=3V5 Pin=C47-2
Added Pin To Net: NetName=GND Pin=C48-1
Added Pin To Net: NetName=3V5 Pin=C48-2
Added Pin To Net: NetName=GND Pin=C49-1
Added Pin To Net: NetName=3V5 Pin=C49-2
Added Pin To Net: NetName=EXTERNAL_TXD0 Pin=D21-1
Added Pin To Net: NetName=EXTERNAL_RXD0 Pin=D21-3
Added Pin To Net: NetName=EXTERNAL_I2C_SDA Pin=D21-4
Added Pin To Net: NetName=EXTERNAL_I2C_SCL Pin=D21-6
Added Pin To Net: NetName=CHIP_PU Pin=D22-1
Added Pin To Net: NetName=IO0 Pin=D22-3
Added Member To Class: ClassName=U_MCU Member=Component C48 100n 25V
Added Member To Class: ClassName=U_MCU Member=Component C49 100n 25V
Added Member To Class: ClassName=U_MCU Member=Component C50 100n 25V
