Change Component Designator: Old Designator=C? New Designator=C39
Change Component Designator: Old Designator=C? New Designator=C40
Change Component Designator: Old Designator=C? New Designator=C41
Change Component Designator: Old Designator=C_BULK_PWM? New Designator=C_BULK_PWM1
Change Component Designator: Old Designator=D? New Designator=D11
Change Component Designator: Old Designator=D? New Designator=D12
Change Component Designator: Old Designator=D? New Designator=D13
Change Component Designator: Old Designator=D? New Designator=D14
Change Component Designator: Old Designator=D? New Designator=D15
Change Component Designator: Old Designator=D? New Designator=D16
Change Component Designator: Old Designator=D? New Designator=D17
Change Component Designator: Old Designator=D? New Designator=D18
Change Component Designator: Old Designator=D? New Designator=D19
Change Component Designator: Old Designator=D? New Designator=D20
Change Component Designator: Old Designator=J_PWM_GND? New Designator=J_PWM_GND1
Change Component Designator: Old Designator=J_PWM_S? New Designator=J_PWM_S1
Change Component Designator: Old Designator=J_PWM_VSUP? New Designator=J_PWM_VSUP1
Change Component Designator: Old Designator=PWM_? New Designator=PWM_1
Change Component Designator: Old Designator=PWM_? New Designator=PWM_2
Change Component Designator: Old Designator=PWM_? New Designator=PWM_3
Change Component Designator: Old Designator=PWM_REG? New Designator=PWM_REG1
Change Component Designator: Old Designator=R? New Designator=R29
Change Component Designator: Old Designator=R? New Designator=R30
Change Component Designator: Old Designator=R? New Designator=R31
Change Component Designator: Old Designator=R? New Designator=R32
Change Component Designator: Old Designator=R? New Designator=R33
Change Component Designator: Old Designator=R? New Designator=R34
Change Component Designator: Old Designator=R? New Designator=R35
Change Component Designator: Old Designator=R? New Designator=R36
Change Component Designator: Old Designator=R? New Designator=R37
Change Component Designator: Old Designator=U? New Designator=U10
