Replace Part C1 C_10uF_25V in C:\Users\krolp\Documents\runIT\_HARDWARE\USBPD.SchDoc with C_10uF_25V from Common.SchLib
Replace Part C4 C_100nF_10V in C:\Users\krolp\Documents\runIT\_HARDWARE\USBPD.SchDoc with C_100nF_10V from Common.SchLib
Replace Part C5 C_100nF_25V in C:\Users\krolp\Documents\runIT\_HARDWARE\USBPD.SchDoc with C_100nF_25V from Common.SchLib
Replace Part C? C_1uF_10V in C:\Users\krolp\Documents\runIT\_HARDWARE\USBPD.SchDoc with C_1uF_10V from Common.SchLib
Replace Part C? C_10uF_25V in C:\Users\krolp\Documents\runIT\_HARDWARE\USBPD.SchDoc with C_10uF_25V from Common.SchLib
Replace Part D1 TVS_22V in C:\Users\krolp\Documents\runIT\_HARDWARE\USBPD.SchDoc with TVS_22V from Common.SchLib
Replace Part D2 TVS_22V in C:\Users\krolp\Documents\runIT\_HARDWARE\USBPD.SchDoc with TVS_22V from Common.SchLib
Replace Part D3 LED_0603 in C:\Users\krolp\Documents\runIT\_HARDWARE\USBPD.SchDoc with LED_0603 from Common.SchLib
Replace Part F1 PTC 5A FUSE in C:\Users\krolp\Documents\runIT\_HARDWARE\USBPD.SchDoc with PTC 5A FUSE from PowerLib.SchLib
Replace Part J1 USB4105-GF-A-120. in C:\Users\krolp\Documents\runIT\_HARDWARE\USBPD.SchDoc with USB4105-GF-A-120. from PowerLib.SchLib
Replace Part Q1 NMOS_DMG7430LFG in C:\Users\krolp\Documents\runIT\_HARDWARE\USBPD.SchDoc with NMOS_DMG7430LFG from PowerLib.SchLib
Replace Part Q2 NMOS_DMG7430LFG in C:\Users\krolp\Documents\runIT\_HARDWARE\USBPD.SchDoc with NMOS_DMG7430LFG from PowerLib.SchLib
Replace Part R1 R_5k1 in C:\Users\krolp\Documents\runIT\_HARDWARE\USBPD.SchDoc with R_5k1 from Common.SchLib
Replace Part R2 R_5k1 in C:\Users\krolp\Documents\runIT\_HARDWARE\USBPD.SchDoc with R_5k1 from Common.SchLib
Replace Part R3 R_5mR in C:\Users\krolp\Documents\runIT\_HARDWARE\USBPD.SchDoc with R_5mR from PowerLib.SchLib
Replace Part R5 R_5k1 in C:\Users\krolp\Documents\runIT\_HARDWARE\USBPD.SchDoc with R_5k1 from Common.SchLib
Replace Part R6 R_NTC_10k_25C in C:\Users\krolp\Documents\runIT\_HARDWARE\USBPD.SchDoc with R_NTC_10k_25C from PowerLib.SchLib
Replace Part R7 R_5k1 in C:\Users\krolp\Documents\runIT\_HARDWARE\USBPD.SchDoc with R_5k1 from Common.SchLib
Replace Part R8 R_5k1 in C:\Users\krolp\Documents\runIT\_HARDWARE\USBPD.SchDoc with R_5k1 from Common.SchLib
Replace Part R9 R_10k in C:\Users\krolp\Documents\runIT\_HARDWARE\USBPD.SchDoc with R_10k from Common.SchLib
Replace Part U1 AP33772SDKZ-13 in C:\Users\krolp\Documents\runIT\_HARDWARE\USBPD.SchDoc with AP33772SDKZ-13 from PowerLib.SchLib
Replace Part U2 TPD2E2U06DCKR in C:\Users\krolp\Documents\runIT\_HARDWARE\USBPD.SchDoc with TPD2E2U06DCKR from PowerLib.SchLib
Replace Part U? TPD2E2U06DCKR in C:\Users\krolp\Documents\runIT\_HARDWARE\USBPD.SchDoc with TPD2E2U06DCKR from PowerLib.SchLib
