Change Component Designator: Old Designator=C39 New Designator=C?
Change Component Designator: Old Designator=C40 New Designator=C?
Change Component Designator: Old Designator=C41 New Designator=C?
Change Component Designator: Old Designator=C42 New Designator=C?
Change Component Designator: Old Designator=C43 New Designator=C?
Change Component Designator: Old Designator=C44 New Designator=C?
Change Component Designator: Old Designator=D17 New Designator=D?
Change Component Designator: Old Designator=D18 New Designator=D?
Change Component Designator: Old Designator=D19 New Designator=D?
Change Component Designator: Old Designator=J_EXT_I2C New Designator=J_EXT_I?
Change Component Designator: Old Designator=J_MISC New Designator=J_MISC?
Change Component Designator: Old Designator=J_SPI New Designator=J_SPI?
Change Component Designator: Old Designator=J_UART New Designator=J_UART?
Change Component Designator: Old Designator=R41 New Designator=R?
Change Component Designator: Old Designator=R42 New Designator=R?
Change Component Designator: Old Designator=R43 New Designator=R?
Change Component Designator: Old Designator=SW_EN New Designator=SW_EN?
Change Component Designator: Old Designator=SW_IO0 New Designator=SW_IO?
Change Component Designator: Old Designator=U11 New Designator=U?
Change Component Designator: Old Designator=U11 New Designator=U?
Change Component Designator: Old Designator=U11 New Designator=U?
