Added Component: Designator=C2(C_0805)
Add component (AddParameter): Name = "Casing"; Value = "0805"; VariantName = "[No Variations]"
Add component (AddParameter): Name = "Dielectric"; Value = "X5R"; VariantName = "[No Variations]"
Add component (AddParameter): Name = "Technology"; Value = "Ceramic"; VariantName = "[No Variations]"
Add component (AddParameter): Name = "Tolerance"; Value = "10%"; VariantName = "[No Variations]"
Add component (AddParameter): Name = "Value"; Value = "10u"; VariantName = "[No Variations]"
Add component (AddParameter): Name = "Voltage"; Value = "25V"; VariantName = "[No Variations]"
Added Component: Designator=C4(C_0603)
Add component (AddParameter): Name = "Casing"; Value = "0603"; VariantName = "[No Variations]"
Add component (AddParameter): Name = "Dielectric"; Value = "X7R"; VariantName = "[No Variations]"
Add component (AddParameter): Name = "Technology"; Value = "Ceramic"; VariantName = "[No Variations]"
Add component (AddParameter): Name = "Tolerance"; Value = "10%"; VariantName = "[No Variations]"
Add component (AddParameter): Name = "Value"; Value = "100n"; VariantName = "[No Variations]"
Add component (AddParameter): Name = "Voltage"; Value = "10V"; VariantName = "[No Variations]"
Added Component: Designator=F1(RUEF500)
Added Component: Designator=R3()
Add component: Footprint Not Found R_0603
Add component: Footprint Not Found R_0603
Add component: Footprint Not Found R_0603
Add component: Footprint Not Found R_0603
Add component: Footprint Not Found R_0603
Add component: Footprint Not Found R_0603
Add component: Footprint Not Found R_0603
Add component: Footprint Not Found R_0603
Add component: Footprint Not Found W-QFN4040-24_Type_A1_DIO
Add component: Footprint Not Found DCK0003A-IPC_A
Add component: Footprint Not Found DCK0003A-IPC_A
Added Pin To Net: NetName=GND Pin=C2-1
Added Pin To Net: NetName=VUSB Pin=C2-2
Added Pin To Net: NetName=GND Pin=C4-1
Added Pin To Net: NetName=V18 Pin=C4-2
Add Pin To Net: Unknown Pin: Pin D5-1
Add Pin To Net: Unknown Pin: Pin D5-2
Added Pin To Net: NetName=VBUS Pin=F1-1
Added Pin To Net: NetName=VBUS_PROT Pin=F1-2
Add Pin To Net: Unknown Pin: Pin R3-1
Add Pin To Net: Unknown Pin: Pin R3-2
Add Pin To Net: Unknown Pin: Pin R50-1
Add Pin To Net: Unknown Pin: Pin R50-2
Add Pin To Net: Unknown Pin: Pin R51-1
Add Pin To Net: Unknown Pin: Pin R51-2
Add Pin To Net: Unknown Pin: Pin R52-1
Add Pin To Net: Unknown Pin: Pin R52-2
Add Pin To Net: Unknown Pin: Pin R53-1
Add Pin To Net: Unknown Pin: Pin R53-2
Add Pin To Net: Unknown Pin: Pin R62-1
Add Pin To Net: Unknown Pin: Pin R62-2
Add Pin To Net: Unknown Pin: Pin R63-1
Add Pin To Net: Unknown Pin: Pin R63-2
Add Pin To Net: Unknown Pin: Pin R64-1
Add Pin To Net: Unknown Pin: Pin R64-2
Add Pin To Net: Unknown Pin: Pin R65-1
Add Pin To Net: Unknown Pin: Pin R65-2
Add Pin To Net: Unknown Pin: Pin U1-1
Add Pin To Net: Unknown Pin: Pin U1-3
Add Pin To Net: Unknown Pin: Pin U1-4
Add Pin To Net: Unknown Pin: Pin U1-5
Add Pin To Net: Unknown Pin: Pin U1-8
Add Pin To Net: Unknown Pin: Pin U1-9
Add Pin To Net: Unknown Pin: Pin U1-12
Add Pin To Net: Unknown Pin: Pin U1-13
Add Pin To Net: Unknown Pin: Pin U1-15
Add Pin To Net: Unknown Pin: Pin U1-16
Add Pin To Net: Unknown Pin: Pin U1-17
Add Pin To Net: Unknown Pin: Pin U1-20
Add Pin To Net: Unknown Pin: Pin U1-22
Add Pin To Net: Unknown Pin: Pin U1-23
Add Pin To Net: Unknown Pin: Pin U1-24
Add Pin To Net: Unknown Pin: Pin U1-25
Add Pin To Net: Unknown Pin: Pin U2-1
Add Pin To Net: Unknown Pin: Pin U2-2
Add Pin To Net: Unknown Pin: Pin U2-3
Add Pin To Net: Unknown Pin: Pin U3-1
Add Pin To Net: Unknown Pin: Pin U3-2
Add Pin To Net: Unknown Pin: Pin U3-3
Added Member To Class: ClassName=U_USBPD Member=Component C2 10u 25V
Added Member To Class: ClassName=U_USBPD Member=Component C4 100n 10V
Added Member To Class: ClassName=U_USBPD Member=Component F1 RUEF500
Add Class Member: Failed to add class member : Component R3 CRF0805-FZ-R005ELF
Add Class Member: Failed to add class member : Component R50 51k
Add Class Member: Failed to add class member : Component R51 51k
Add Class Member: Failed to add class member : Component R52 51k
Add Class Member: Failed to add class member : Component R53 51k
Add Class Member: Failed to add class member : Component R62 51k
Add Class Member: Failed to add class member : Component R63 51k
Add Class Member: Failed to add class member : Component R64 51k
Add Class Member: Failed to add class member : Component R65 51k
Add Class Member: Failed to add class member : Component U1 AP33772SDKZ-13
Add Class Member: Failed to add class member : Component U2 TPD2E2U06DCKR
Add Class Member: Failed to add class member : Component U3 TPD2E2U06DCKR
