Removed Member From Class: ClassName=Reg Member=C65A
Removed Member From Class: ClassName=Reg5 Member=C65B
Removed Member From Class: ClassName=DRV1 Member=C66A
Removed Member From Class: ClassName=DRV2 Member=C66B
Removed Member From Class: ClassName=U_PowerAssembly Member=D24
Change Component Designator: OldDesignator=C11A NewDesignator=C12A
Change Component Designator: OldDesignator=C11B NewDesignator=C12B
Change Component Designator: OldDesignator=C12A NewDesignator=C13A
Change Component Designator: OldDesignator=C12B NewDesignator=C13B
Change Component Designator: OldDesignator=C13A NewDesignator=C14A
Change Component Designator: OldDesignator=C13B NewDesignator=C14B
Change Component Designator: OldDesignator=C14A NewDesignator=C15A
Change Component Designator: OldDesignator=C14B NewDesignator=C15B
Change Component Designator: OldDesignator=C15A NewDesignator=C16A
Change Component Designator: OldDesignator=C15B NewDesignator=C16B
Change Component Designator: OldDesignator=C16A NewDesignator=C17A
Change Component Designator: OldDesignator=C16B NewDesignator=C17B
Change Component Designator: OldDesignator=C17A NewDesignator=C18A
Change Component Designator: OldDesignator=C17B NewDesignator=C18B
Change Component Designator: OldDesignator=C18 NewDesignator=C19
Change Component Designator: OldDesignator=C19 NewDesignator=C20
Change Component Designator: OldDesignator=C20 NewDesignator=C21
Change Component Designator: OldDesignator=C21 NewDesignator=C22
Change Component Designator: OldDesignator=C22 NewDesignator=C23
Change Component Designator: OldDesignator=C23 NewDesignator=C24
Change Component Designator: OldDesignator=C24 NewDesignator=C25
Change Component Designator: OldDesignator=C25 NewDesignator=C26
Change Component Designator: OldDesignator=C26 NewDesignator=C27
Change Component Designator: OldDesignator=C27 NewDesignator=C28
Change Component Designator: OldDesignator=C28 NewDesignator=C29
Change Component Designator: OldDesignator=C29 NewDesignator=C30
Change Component Designator: OldDesignator=C30 NewDesignator=C31
Change Component Designator: OldDesignator=C31A NewDesignator=C32A
Change Component Designator: OldDesignator=C31B NewDesignator=C32B
Change Component Designator: OldDesignator=C32A NewDesignator=C33A
Change Component Designator: OldDesignator=C32B NewDesignator=C33B
Change Component Designator: OldDesignator=C33A NewDesignator=C34A
Change Component Designator: OldDesignator=C33B NewDesignator=C34B
Change Component Designator: OldDesignator=C34A NewDesignator=C35A
Change Component Designator: OldDesignator=C34B NewDesignator=C35B
Change Component Designator: OldDesignator=C35A NewDesignator=C37A
Change Component Designator: OldDesignator=C35B NewDesignator=C37B
Change Component Designator: OldDesignator=C36A NewDesignator=C38A
Change Component Designator: OldDesignator=C36B NewDesignator=C38B
Change Component Designator: OldDesignator=C37 NewDesignator=C39
Change Component Designator: OldDesignator=C38 NewDesignator=C60
Change Component Designator: OldDesignator=C39 NewDesignator=C42
Change Component Designator: OldDesignator=C40 NewDesignator=C43
Change Component Designator: OldDesignator=C41 NewDesignator=C44
Change Component Designator: OldDesignator=C42 NewDesignator=C45
Change Component Designator: OldDesignator=C43 NewDesignator=C46
Change Component Designator: OldDesignator=C44 NewDesignator=C47
Change Component Designator: OldDesignator=C45 NewDesignator=C48
Change Component Designator: OldDesignator=C46 NewDesignator=C49
Change Component Designator: OldDesignator=C47A NewDesignator=C50A
Change Component Designator: OldDesignator=C47B NewDesignator=C50B
Change Component Designator: OldDesignator=C48A NewDesignator=C51A
Change Component Designator: OldDesignator=C48B NewDesignator=C51B
Change Component Designator: OldDesignator=C49A NewDesignator=C52A
Change Component Designator: OldDesignator=C49B NewDesignator=C52B
Change Component Designator: OldDesignator=C50A NewDesignator=C53A
Change Component Designator: OldDesignator=C50B NewDesignator=C53B
Change Component Designator: OldDesignator=C51A NewDesignator=C54A
Change Component Designator: OldDesignator=C51B NewDesignator=C54B
Change Component Designator: OldDesignator=C52A NewDesignator=C55A
Change Component Designator: OldDesignator=C52B NewDesignator=C55B
Change Component Designator: OldDesignator=C53 NewDesignator=C56
Change Component Designator: OldDesignator=C54 NewDesignator=C57
Change Component Designator: OldDesignator=C55 NewDesignator=C58
Change Component Designator: OldDesignator=C56 NewDesignator=C59
Change Component Designator: OldDesignator=C57 NewDesignator=C62
Change Component Designator: OldDesignator=C58 NewDesignator=C63
Change Component Designator: OldDesignator=C59 NewDesignator=C64
Change Component Designator: OldDesignator=C60 NewDesignator=C65
Change Component Designator: OldDesignator=C61 NewDesignator=C66
Change Component Designator: OldDesignator=C62 NewDesignator=C61
Change Component Designator: OldDesignator=C63 NewDesignator=C40
Change Component Designator: OldDesignator=C64 NewDesignator=C41
Change Component Designator: OldDesignator=C65A NewDesignator=C11A
Change Component Designator: OldDesignator=C65B NewDesignator=C11B
Change Component Designator: OldDesignator=C66A NewDesignator=C36A
Change Component Designator: OldDesignator=C66B NewDesignator=C36B
Change Component Designator: OldDesignator=C_BULK_PWM NewDesignator=C_BULK_PWM1
Change Component Designator: OldDesignator=D6 NewDesignator=D7
Change Component Designator: OldDesignator=D7 NewDesignator=D18
Change Component Designator: OldDesignator=D8 NewDesignator=D17
Change Component Designator: OldDesignator=D9 NewDesignator=D16
Change Component Designator: OldDesignator=D10 NewDesignator=D15
Change Component Designator: OldDesignator=D11 NewDesignator=D14
Change Component Designator: OldDesignator=D12 NewDesignator=D13
Change Component Designator: OldDesignator=D13 NewDesignator=D12
Change Component Designator: OldDesignator=D14 NewDesignator=D11
Change Component Designator: OldDesignator=D15 NewDesignator=D19
Change Component Designator: OldDesignator=D16 NewDesignator=D20
Change Component Designator: OldDesignator=D17 NewDesignator=D21
Change Component Designator: OldDesignator=D18 NewDesignator=D22
Change Component Designator: OldDesignator=D19 NewDesignator=D23
Change Component Designator: OldDesignator=D20 NewDesignator=D24
Change Component Designator: OldDesignator=D21 NewDesignator=D25
Change Component Designator: OldDesignator=D22 NewDesignator=D26
Change Component Designator: OldDesignator=D23 NewDesignator=D27
Change Component Designator: OldDesignator=D24 NewDesignator=D6
Change Component Designator: OldDesignator=D25 NewDesignator=D8
Change Component Designator: OldDesignator=D26 NewDesignator=D9
Change Component Designator: OldDesignator=D27 NewDesignator=D10
Change Component Designator: OldDesignator=EN_VREG5 NewDesignator=EN_VREG2
Change Component Designator: OldDesignator=EN_VREG NewDesignator=EN_VREG1
Change Component Designator: OldDesignator=F_3V3 NewDesignator=F_1
Change Component Designator: OldDesignator=F_ST NewDesignator=F_ST1
Change Component Designator: OldDesignator=F_USB NewDesignator=F_USB1
Change Component Designator: OldDesignator=F_XT NewDesignator=F_XT1
Change Component Designator: OldDesignator=J_3V3 NewDesignator=J_1
Change Component Designator: OldDesignator=J_EXT_I2C NewDesignator=J_EXT_I1
Change Component Designator: OldDesignator=J_IN_1_2 NewDesignator=J_IN_1
Change Component Designator: OldDesignator=J_IN_2_3 NewDesignator=J_IN_2
Change Component Designator: OldDesignator=J_IN_4_5 NewDesignator=J_IN_3
Change Component Designator: OldDesignator=J_IN_6_7 NewDesignator=J_IN_4
Change Component Designator: OldDesignator=J_MISC NewDesignator=J_MISC1
Change Component Designator: OldDesignator=J_PWM_GND NewDesignator=J_PWM_GND1
Change Component Designator: OldDesignator=J_PWM_S NewDesignator=J_PWM_S1
Change Component Designator: OldDesignator=J_PWM_VSUP NewDesignator=J_PWM_VSUP1
Change Component Designator: OldDesignator=J_SPI NewDesignator=J_SPI1
Change Component Designator: OldDesignator=J_SUP NewDesignator=J_SUP1
Change Component Designator: OldDesignator=J_UART NewDesignator=J_UART1
Change Component Designator: OldDesignator=J_VREG5 NewDesignator=J_VREG1
Change Component Designator: OldDesignator=J_VREG NewDesignator=J_VREG2
Change Component Designator: OldDesignator=JP7 NewDesignator=JP3
Change Component Designator: OldDesignator=JP8 NewDesignator=JP4
Change Component Designator: OldDesignator=JP9 NewDesignator=JP7
Change Component Designator: OldDesignator=JP18A NewDesignator=JP5A
Change Component Designator: OldDesignator=JP18B NewDesignator=JP5B
Change Component Designator: OldDesignator=JP19A NewDesignator=JP6A
Change Component Designator: OldDesignator=JP19B NewDesignator=JP6B
Change Component Designator: OldDesignator=L3 NewDesignator=L2
Change Component Designator: OldDesignator=L4 NewDesignator=L3
Change Component Designator: OldDesignator=L_3V5 NewDesignator=L_1
Change Component Designator: OldDesignator=OUT_3V3 NewDesignator=OUT_1
Change Component Designator: OldDesignator=OUT_AA NewDesignator=OUT_A1A
Change Component Designator: OldDesignator=OUT_AB NewDesignator=OUT_A1B
Change Component Designator: OldDesignator=OUT_BA NewDesignator=OUT_B1A
Change Component Designator: OldDesignator=OUT_BB NewDesignator=OUT_B1B
Change Component Designator: OldDesignator=OUT_PD NewDesignator=OUT_PD1
Change Component Designator: OldDesignator=PWM_3V5 NewDesignator=PWM_1
Change Component Designator: OldDesignator=PWM_60h NewDesignator=PWM_3
Change Component Designator: OldDesignator=PWM_70h NewDesignator=PWM_2
Change Component Designator: OldDesignator=PWM_REG5 NewDesignator=PWM_REG1
Change Component Designator: OldDesignator=R1A NewDesignator=R8A
Change Component Designator: OldDesignator=R1B NewDesignator=R8B
Change Component Designator: OldDesignator=R2A NewDesignator=R9A
Change Component Designator: OldDesignator=R2B NewDesignator=R9B
Change Component Designator: OldDesignator=R4 NewDesignator=R1
Change Component Designator: OldDesignator=R5 NewDesignator=R2
Change Component Designator: OldDesignator=R6 NewDesignator=R3
Change Component Designator: OldDesignator=R7 NewDesignator=R4
Change Component Designator: OldDesignator=R8 NewDesignator=R5
Change Component Designator: OldDesignator=R9 NewDesignator=R6
Change Component Designator: OldDesignator=R11A NewDesignator=R7A
Change Component Designator: OldDesignator=R11B NewDesignator=R7B
Change Component Designator: OldDesignator=R12 NewDesignator=R10
Change Component Designator: OldDesignator=R13 NewDesignator=R11
Change Component Designator: OldDesignator=R14 NewDesignator=R12
Change Component Designator: OldDesignator=R15 NewDesignator=R13
Change Component Designator: OldDesignator=R17 NewDesignator=R14
Change Component Designator: OldDesignator=R18 NewDesignator=R15
Change Component Designator: OldDesignator=R19 NewDesignator=R16
Change Component Designator: OldDesignator=R20 NewDesignator=R17
Change Component Designator: OldDesignator=R21 NewDesignator=R18
Change Component Designator: OldDesignator=R22 NewDesignator=R19
Change Component Designator: OldDesignator=R23 NewDesignator=R20
Change Component Designator: OldDesignator=R24 NewDesignator=R21
Change Component Designator: OldDesignator=R25 NewDesignator=R22
Change Component Designator: OldDesignator=R26 NewDesignator=R23
Change Component Designator: OldDesignator=R27A NewDesignator=R24A
Change Component Designator: OldDesignator=R27B NewDesignator=R24B
Change Component Designator: OldDesignator=R28A NewDesignator=R25A
Change Component Designator: OldDesignator=R28B NewDesignator=R25B
Change Component Designator: OldDesignator=R29A NewDesignator=R26A
Change Component Designator: OldDesignator=R29B NewDesignator=R26B
Change Component Designator: OldDesignator=R30A NewDesignator=R27A
Change Component Designator: OldDesignator=R30B NewDesignator=R27B
Change Component Designator: OldDesignator=R31A NewDesignator=R28A
Change Component Designator: OldDesignator=R31B NewDesignator=R28B
Change Component Designator: OldDesignator=R32 NewDesignator=R29
Change Component Designator: OldDesignator=R33 NewDesignator=R30
Change Component Designator: OldDesignator=R34 NewDesignator=R31
Change Component Designator: OldDesignator=R35 NewDesignator=R32
Change Component Designator: OldDesignator=R36 NewDesignator=R33
Change Component Designator: OldDesignator=R37 NewDesignator=R34
Change Component Designator: OldDesignator=R38 NewDesignator=R35
Change Component Designator: OldDesignator=R39 NewDesignator=R36
Change Component Designator: OldDesignator=R40 NewDesignator=R37
Change Component Designator: OldDesignator=R41 NewDesignator=R38
Change Component Designator: OldDesignator=R42 NewDesignator=R39
Change Component Designator: OldDesignator=R43 NewDesignator=R40
Change Component Designator: OldDesignator=R44 NewDesignator=R41
Change Component Designator: OldDesignator=R45 NewDesignator=R42
Change Component Designator: OldDesignator=R46 NewDesignator=R43
Change Component Designator: OldDesignator=R47 NewDesignator=R44
Change Component Designator: OldDesignator=R47A NewDesignator=R45A
Change Component Designator: OldDesignator=R47B NewDesignator=R45B
Change Component Designator: OldDesignator=R48A NewDesignator=R46A
Change Component Designator: OldDesignator=R48B NewDesignator=R46B
Change Component Designator: OldDesignator=R50 NewDesignator=R47
Change Component Designator: OldDesignator=R51 NewDesignator=R48
Change Component Designator: OldDesignator=R52 NewDesignator=R49
Change Component Designator: OldDesignator=R53 NewDesignator=R50
Change Component Designator: OldDesignator=R54 NewDesignator=R51
Change Component Designator: OldDesignator=R55 NewDesignator=R52
Change Component Designator: OldDesignator=R56 NewDesignator=R53
Change Component Designator: OldDesignator=R57 NewDesignator=R54
Change Component Designator: OldDesignator=R58 NewDesignator=R55
Change Component Designator: OldDesignator=R59 NewDesignator=R56
Change Component Designator: OldDesignator=R60 NewDesignator=R57
Change Component Designator: OldDesignator=R61 NewDesignator=R58
Change Component Designator: OldDesignator=R62 NewDesignator=R59
Change Component Designator: OldDesignator=R63 NewDesignator=R60
Change Component Designator: OldDesignator=R64 NewDesignator=R61
Change Component Designator: OldDesignator=R65 NewDesignator=R62
Change Component Designator: OldDesignator=R66 NewDesignator=R63
Change Component Designator: OldDesignator=R_CC2 NewDesignator=R_CC1
Change Component Designator: OldDesignator=R_S1 NewDesignator=R_S2
Change Component Designator: OldDesignator=R_S2A NewDesignator=R_S1A
Change Component Designator: OldDesignator=R_S2B NewDesignator=R_S1B
Change Component Designator: OldDesignator=R_SUSB NewDesignator=R_SUSB1
Change Component Designator: OldDesignator=SW_EN NewDesignator=SW_EN1
Change Component Designator: OldDesignator=SW_IO0 NewDesignator=SW_IO1
Change Component Designator: OldDesignator=U2 NewDesignator=U3
Change Component Designator: OldDesignator=U3 NewDesignator=U2
Change Net Name : Old Net Name=NetC26_2 New Net Name=NetC27_2
Change Net Name : Old Net Name=NetC28_2 New Net Name=NetC29_2
Change Net Name : Old Net Name=NetC48A_2 New Net Name=NetC51A_2
Change Net Name : Old Net Name=NetC48B_2 New Net Name=NetC51B_2
Change Net Name : Old Net Name=NetC51A_2 New Net Name=NetC54A_2
Change Net Name : Old Net Name=NetC51B_2 New Net Name=NetC54B_2
Change Net Name : Old Net Name=NetC65A_1 New Net Name=NetC11A_1
Change Net Name : Old Net Name=NetC65A_2 New Net Name=NetC11A_2
Change Net Name : Old Net Name=NetC65B_1 New Net Name=NetC11B_1
Change Net Name : Old Net Name=NetC65B_2 New Net Name=NetC11B_2
Change Net Name : Old Net Name=NetD18_6 New Net Name=NetD22_6
Change Net Name : Old Net Name=NetJ_MISC_1 New Net Name=NetJ_MISC1_1
Change Net Name : Old Net Name=NetJ_MISC_2 New Net Name=NetJ_MISC1_2
Change Net Name : Old Net Name=NetJ_MISC_3 New Net Name=NetJ_MISC1_3
Change Net Name : Old Net Name=NetJ_MISC_4 New Net Name=NetJ_MISC1_4
Change Net Name : Old Net Name=NetR5_1 New Net Name=NetR2_1
Change Net Name : Old Net Name=NetR20_2 New Net Name=NetR17_2
Change Net Name : Old Net Name=NetR21_2 New Net Name=NetR18_2
Change Net Name : Old Net Name=NetR25_2 New Net Name=NetR22_2
Change Net Name : Old Net Name=NetR26_2 New Net Name=NetR23_2
Change Net Name : Old Net Name=NetR44_2 New Net Name=NetR41_2
Change Net Name : Old Net Name=NetR45_2 New Net Name=NetR42_2
Change Net Name : Old Net Name=NetSW_EN_1 New Net Name=NetSW_EN1_1
Change Net Name : Old Net Name=NetSW_EN_4 New Net Name=NetSW_EN1_4
Change Net Name : Old Net Name=NetSW_IO0_1 New Net Name=NetSW_IO1_1
Change Net Name : Old Net Name=NetSW_IO0_4 New Net Name=NetSW_IO1_4
Added Member To Class: ClassName=Reg Member=Component C18A (C18) 4u7 16V
Added Member To Class: ClassName=Reg5 Member=Component C18B (C18) 4u7 16V
Added Member To Class: ClassName=DRV1 Member=Component C38A (C38) 1uF_10V
Added Member To Class: ClassName=DRV2 Member=Component C38B (C38) 1uF_10V
Added Member To Class: ClassName=U_PowerAssembly Member=Component D7 MSMP20A-M3/89A
Added Member To Class: ClassName=U_USBPD Member=Component Q1 DMG7430LFG
Added Member To Class: ClassName=U_USBPD Member=Component Q2 DMG7430LFG
