Removed Member From Class: ClassName=U_DCDCreg5 Member=C6_25V
Removed Member From Class: ClassName=U_DCDCreg Member=C7_25V
Removed Member From Class: ClassName=U_DCDCreg Member=C8 25V
Removed Member From Class: ClassName=U_DCDCreg Member=C9_25V
Remove Class Member: Failed to remove class member
Removed Member From Class: ClassName=U_DCDCreg5 Member=C11 25V
Removed Member From Class: ClassName=U_DCDCreg Member=C12_25V
Removed Member From Class: ClassName=U_DCDCreg Member=C13_25V
Removed Member From Class: ClassName=U_DCDCreg Member=C14_25V
Removed Member From Class: ClassName=U_DCDCreg5 Member=C15_25V
Removed Member From Class: ClassName=U_DCDCreg Member=C17
Removed Member From Class: ClassName=U_DCDCreg Member=C*1
Removed Member From Class: ClassName=U_DCDCreg Member=C*2
Removed Member From Class: ClassName=U_DCDCreg Member=L1
Removed Member From Class: ClassName=U_DCDCreg Member=R*1
Removed Member From Class: ClassName=U_DCDCreg Member=R*2
Removed Member From Class: ClassName=U_DCDCreg Member=U4_R5
Removed Member From Class: ClassName=DCDCreg Member=U_DCDCreg5
Removed Member From Class: ClassName=DCDCreg Member=U_DCDCreg
Removed Member From Class: ClassName=DRVPowerOutputs Member=U_PowerIO_1
Removed Member From Class: ClassName=DRVPowerOutputs Member=U_PowerIO_2
Change Component Designator: OldDesignator=C6_25V NewDesignator=C6A
Change Component Designator: OldDesignator=C6_25V NewDesignator=C6B
Change Component Designator: OldDesignator=C7_25V NewDesignator=C7A
Change Component Designator: OldDesignator=C7_25V NewDesignator=C7B
Change Component Designator: OldDesignator=C8 25V NewDesignator=C8A
Change Component Designator: OldDesignator=C8 25V NewDesignator=C8B
Change Component Designator: OldDesignator=C9_25V NewDesignator=C9A
Change Component Designator: OldDesignator=C9_25V NewDesignator=C9B
Change Component Designator: OldDesignator=C10_25v NewDesignator=C10A
Change Component Designator: OldDesignator=C10_25V NewDesignator=C10B
Change Component Designator: OldDesignator=C11 25V NewDesignator=C11B
Change Component Designator: OldDesignator=C11 25V NewDesignator=C16A
Change Component Designator: OldDesignator=C11_25V NewDesignator=C11A
Change Component Designator: OldDesignator=C12_25V NewDesignator=C12A
Change Component Designator: OldDesignator=C12_25V NewDesignator=C12B
Change Component Designator: OldDesignator=C13_25V NewDesignator=C13A
Change Component Designator: OldDesignator=C13_25V NewDesignator=C13B
Change Component Designator: OldDesignator=C14 25V NewDesignator=C14A
Change Component Designator: OldDesignator=C14_25V NewDesignator=C14B
Change Component Designator: OldDesignator=C15_25V NewDesignator=C15A
Change Component Designator: OldDesignator=C15_25V NewDesignator=C15B
Change Component Designator: OldDesignator=C16 25V NewDesignator=C16B
Change Component Designator: OldDesignator=C17 NewDesignator=C17A
Change Component Designator: OldDesignator=C17 NewDesignator=C17B
Change Component Designator: OldDesignator=C31_U_PowerIO_1 NewDesignator=C31A
Change Component Designator: OldDesignator=C31_U_PowerIO_2 NewDesignator=C31B
Change Component Designator: OldDesignator=C32_U_PowerIO_1 NewDesignator=C32A
Change Component Designator: OldDesignator=C32_U_PowerIO_2 NewDesignator=C32B
Change Component Designator: OldDesignator=C33_U_PowerIO_1 NewDesignator=C33A
Change Component Designator: OldDesignator=C33_U_PowerIO_2 NewDesignator=C33B
Change Component Designator: OldDesignator=C34_U_PowerIO_1 NewDesignator=C34A
Change Component Designator: OldDesignator=C34_U_PowerIO_2 NewDesignator=C34B
Change Component Designator: OldDesignator=C35_U_PowerIO_1 NewDesignator=C35A
Change Component Designator: OldDesignator=C35_U_PowerIO_2 NewDesignator=C35B
Change Component Designator: OldDesignator=C36_U_PowerIO_1 NewDesignator=C36A
Change Component Designator: OldDesignator=C36_U_PowerIO_2 NewDesignator=C36B
Change Component Designator: OldDesignator=C47_U_MuxVM_1 NewDesignator=C47A
Change Component Designator: OldDesignator=C47_U_MuxVM_2 NewDesignator=C47B
Change Component Designator: OldDesignator=C48_U_MuxVM_1 NewDesignator=C48A
Change Component Designator: OldDesignator=C48_U_MuxVM_2 NewDesignator=C48B
Change Component Designator: OldDesignator=C49_U_MuxVM_1 NewDesignator=C49A
Change Component Designator: OldDesignator=C49_U_MuxVM_2 NewDesignator=C49B
Change Component Designator: OldDesignator=C50_U_MuxVM_1 NewDesignator=C50A
Change Component Designator: OldDesignator=C50_U_MuxVM_2 NewDesignator=C50B
Change Component Designator: OldDesignator=C51_U_MuxVM_1 NewDesignator=C51A
Change Component Designator: OldDesignator=C51_U_MuxVM_2 NewDesignator=C51B
Change Component Designator: OldDesignator=C52_U_MuxVM_1 NewDesignator=C52A
Change Component Designator: OldDesignator=C52_U_MuxVM_2 NewDesignator=C52B
Change Component Designator: OldDesignator=C65_U_DCDCreg5 NewDesignator=C65B
Change Component Designator: OldDesignator=C65_U_DCDCreg NewDesignator=C65A
Change Component Designator: OldDesignator=C*1 NewDesignator=C*1A
Change Component Designator: OldDesignator=C*1 NewDesignator=C*1B
Change Component Designator: OldDesignator=C*2 NewDesignator=C*2A
Change Component Designator: OldDesignator=C*2 NewDesignator=C*2B
Change Component Designator: OldDesignator=FB1_U_PowerIO_1 NewDesignator=FB1A
Change Component Designator: OldDesignator=FB1_U_PowerIO_2 NewDesignator=FB1B
Change Component Designator: OldDesignator=FB2_U_PowerIO_1 NewDesignator=FB2A
Change Component Designator: OldDesignator=FB2_U_PowerIO_2 NewDesignator=FB2B
Change Component Designator: OldDesignator=FB3_U_PowerIO_1 NewDesignator=FB3A
Change Component Designator: OldDesignator=FB3_U_PowerIO_2 NewDesignator=FB3B
Change Component Designator: OldDesignator=FB4_U_PowerIO_1 NewDesignator=FB4A
Change Component Designator: OldDesignator=FB4_U_PowerIO_2 NewDesignator=FB4B
Change Component Designator: OldDesignator=JP1_U_PowerIO_1 NewDesignator=JP1A
Change Component Designator: OldDesignator=JP1_U_PowerIO_2 NewDesignator=JP1B
Change Component Designator: OldDesignator=JP2_U_PowerIO_1 NewDesignator=JP2A
Change Component Designator: OldDesignator=JP2_U_PowerIO_2 NewDesignator=JP2B
Change Component Designator: OldDesignator=JP18_U_MuxVM_1 NewDesignator=JP18A
Change Component Designator: OldDesignator=JP18_U_MuxVM_2 NewDesignator=JP18B
Change Component Designator: OldDesignator=JP19_U_MuxVM_1 NewDesignator=JP19A
Change Component Designator: OldDesignator=JP19_U_MuxVM_2 NewDesignator=JP19B
Change Component Designator: OldDesignator=L1 NewDesignator=L1A
Change Component Designator: OldDesignator=L1 NewDesignator=L1B
Change Component Designator: OldDesignator=OUT_A_U_PowerIO_1 NewDesignator=OUT_AA
Change Component Designator: OldDesignator=OUT_A_U_PowerIO_2 NewDesignator=OUT_AB
Change Component Designator: OldDesignator=OUT_B_U_PowerIO_1 NewDesignator=OUT_BA
Change Component Designator: OldDesignator=OUT_B_U_PowerIO_2 NewDesignator=OUT_BB
Change Component Designator: OldDesignator=R1_U_DCDCreg5 NewDesignator=R1B
Change Component Designator: OldDesignator=R1_U_DCDCreg NewDesignator=R1A
Change Component Designator: OldDesignator=R2_U_DCDCreg5 NewDesignator=R2B
Change Component Designator: OldDesignator=R2_U_DCDCreg NewDesignator=R2A
Change Component Designator: OldDesignator=R11_R5 NewDesignator=R11B
Change Component Designator: OldDesignator=R11_R NewDesignator=R11A
Change Component Designator: OldDesignator=R27_U_PowerIO_1 NewDesignator=R27A
Change Component Designator: OldDesignator=R27_U_PowerIO_2 NewDesignator=R27B
Change Component Designator: OldDesignator=R28_U_PowerIO_1 NewDesignator=R28A
Change Component Designator: OldDesignator=R28_U_PowerIO_2 NewDesignator=R28B
Change Component Designator: OldDesignator=R29_U_PowerIO_1 NewDesignator=R29A
Change Component Designator: OldDesignator=R29_U_PowerIO_2 NewDesignator=R29B
Change Component Designator: OldDesignator=R30_U_PowerIO_1 NewDesignator=R30A
Change Component Designator: OldDesignator=R30_U_PowerIO_2 NewDesignator=R30B
Change Component Designator: OldDesignator=R31_U_PowerIO_1 NewDesignator=R31A
Change Component Designator: OldDesignator=R31_U_PowerIO_2 NewDesignator=R31B
Change Component Designator: OldDesignator=R47_U_MuxVM_1 NewDesignator=R47A
Change Component Designator: OldDesignator=R47_U_MuxVM_2 NewDesignator=R47B
Change Component Designator: OldDesignator=R48_U_MuxVM_1 NewDesignator=R48A
Change Component Designator: OldDesignator=R48_U_MuxVM_2 NewDesignator=R48B
Change Component Designator: OldDesignator=R*1 NewDesignator=R*1A
Change Component Designator: OldDesignator=R*1 NewDesignator=R*1B
Change Component Designator: OldDesignator=R*2 NewDesignator=R*2A
Change Component Designator: OldDesignator=R*2 NewDesignator=R*2B
Change Component Designator: OldDesignator=R_S2_U_DCDCreg5 NewDesignator=R_S2B
Change Component Designator: OldDesignator=R_S2_U_DCDCreg NewDesignator=R_S2A
Change Component Designator: OldDesignator=U4 NewDesignator=U4A
Change Component Designator: OldDesignator=U4_R5 NewDesignator=U4B
Change Component Designator: OldDesignator=U9_U_PowerIO_1 NewDesignator=U9A
Change Component Designator: OldDesignator=U9_U_PowerIO_2 NewDesignator=U9B
Change Component Designator: OldDesignator=U13_U_MuxVM_1 NewDesignator=U13A
Change Component Designator: OldDesignator=U13_U_MuxVM_2 NewDesignator=U13B
Change Component Designator: OldDesignator=U14_U_MuxVM_1 NewDesignator=U14A
Change Component Designator: OldDesignator=U14_U_MuxVM_2 NewDesignator=U14B
Change Component Designator: OldDesignator=VREG5 NewDesignator=EN_VREG5
Change Component Description : Designator=U6 Old Description=2.7-V to 23-V, 28-mâ„ New Description=2.7-V to 23-V, 28-mâ„|, 5.5-A eFuse with integrated reverse polarity protection 10-VQFN-HR -40 to 125
Change Component Description : Designator=U7 Old Description=2.7-V to 23-V, 28-mâ„ New Description=2.7-V to 23-V, 28-mâ„|, 5.5-A eFuse with integrated reverse polarity protection 10-VQFN-HR -40 to 125
Change Component Kind : Designator=JP1B Old Kind=Standard New Kind=Jumper
Change Component Kind : Designator=JP2B Old Kind=Standard New Kind=Jumper
Added Component: Designator=C66A(0603_CAP)
Add component (AddParameter): Name = "Casing"; Value = "0603"; VariantName = "[No Variations]"
Add component (AddParameter): Name = "Dielectrtic"; Value = "X7R"; VariantName = "[No Variations]"
Add component (AddParameter): Name = "Tolerance"; Value = "5%"; VariantName = "[No Variations]"
Add component (AddParameter): Name = "Value"; Value = "10nF"; VariantName = "[No Variations]"
Add component (AddParameter): Name = "Voltage"; Value = "25V"; VariantName = "[No Variations]"
Added Component: Designator=C66B(0603_CAP)
Add component (AddParameter): Name = "Casing"; Value = "0603"; VariantName = "[No Variations]"
Add component (AddParameter): Name = "Dielectrtic"; Value = "X7R"; VariantName = "[No Variations]"
Add component (AddParameter): Name = "Tolerance"; Value = "5%"; VariantName = "[No Variations]"
Add component (AddParameter): Name = "Value"; Value = "10nF"; VariantName = "[No Variations]"
Add component (AddParameter): Name = "Voltage"; Value = "25V"; VariantName = "[No Variations]"
Added Pin To Net: NetName=DVR_1_VM Pin=C66A-1
Added Pin To Net: NetName=GND Pin=C66A-2
Added Pin To Net: NetName=DVR_2_VM Pin=C66B-1
Added Pin To Net: NetName=GND Pin=C66B-2
Change Net Name : Old Net Name=BOOT1_U_DCDCreg5 New Net Name=BOOT1B
Change Net Name : Old Net Name=BOOT1_U_DCDCreg New Net Name=BOOT1A
Change Net Name : Old Net Name=BOOT2_U_DCDCreg5 New Net Name=BOOT2B
Change Net Name : Old Net Name=BOOT2_U_DCDCreg New Net Name=BOOT2A
Change Net Name : Old Net Name=C_COMP_U_DCDCreg5 New Net Name=C_COMPB
Change Net Name : Old Net Name=C_COMP_U_DCDCreg New Net Name=C_COMPA
Change Net Name : Old Net Name=C_DVDD_U_PowerIO_1 New Net Name=C_DVDDA
Change Net Name : Old Net Name=C_DVDD_U_PowerIO_2 New Net Name=C_DVDDB
Change Net Name : Old Net Name=C_DVDT_A_U_MuxVM_1 New Net Name=C_DVDT_AA
Change Net Name : Old Net Name=C_DVDT_A_U_MuxVM_2 New Net Name=C_DVDT_AB
Change Net Name : Old Net Name=C_DVDT_B_U_MuxVM_1 New Net Name=C_DVDT_BA
Change Net Name : Old Net Name=C_DVDT_B_U_MuxVM_2 New Net Name=C_DVDT_BB
Change Net Name : Old Net Name=COMP_U_DCDCreg5 New Net Name=COMPB
Change Net Name : Old Net Name=COMP_U_DCDCreg New Net Name=COMPA
Change Net Name : Old Net Name=CPH_U_PowerIO_1 New Net Name=CPHA
Change Net Name : Old Net Name=CPH_U_PowerIO_2 New Net Name=CPHB
Change Net Name : Old Net Name=CPL_U_PowerIO_1 New Net Name=CPLA
Change Net Name : Old Net Name=CPL_U_PowerIO_2 New Net Name=CPLB
Change Net Name : Old Net Name=DRV_MODE_U_PowerIO_1 New Net Name=DRV_MODEA
Change Net Name : Old Net Name=DRV_MODE_U_PowerIO_2 New Net Name=DRV_MODEB
Change Net Name : Old Net Name=EN_U_DCDCreg5 New Net Name=ENB
Change Net Name : Old Net Name=EN_U_DCDCreg New Net Name=ENA
Change Net Name : Old Net Name=INT_VCC_U_DCDCreg5 New Net Name=INT_VCCB
Change Net Name : Old Net Name=INT_VCC_U_DCDCreg New Net Name=INT_VCCA
Change Net Name : Old Net Name=IPROPI1_U_PowerIO_2 New Net Name=IPROPI1B
Change Net Name : Old Net Name=IPROPI2_U_PowerIO_2 New Net Name=IPROPI2B
Change Net Name : Old Net Name=IPROPI3_U_PowerIO_2 New Net Name=IPROPI3B
Change Net Name : Old Net Name=IPROPI4_U_PowerIO_2 New Net Name=IPROPI4B
Change Net Name : Old Net Name=NetC48_U_MuxVM_1_2 New Net Name=NetC48A_2
Change Net Name : Old Net Name=NetC48_U_MuxVM_2_2 New Net Name=NetC48B_2
Change Net Name : Old Net Name=NetC51_U_MuxVM_1_2 New Net Name=NetC51A_2
Change Net Name : Old Net Name=NetC51_U_MuxVM_2_2 New Net Name=NetC51B_2
Change Net Name : Old Net Name=NetC65_U_DCDCreg5_1 New Net Name=NetC65B_1
Change Net Name : Old Net Name=NetC65_U_DCDCreg5_2 New Net Name=NetC65B_2
Change Net Name : Old Net Name=NetC65_U_DCDCreg_1 New Net Name=NetC65A_1
Change Net Name : Old Net Name=NetC65_U_DCDCreg_2 New Net Name=NetC65A_2
Change Net Name : Old Net Name=NetR*2_U_DCDCreg5_2 New Net Name=NetR*2B_2
Change Net Name : Old Net Name=NetR*2_U_DCDCreg_2 New Net Name=NetR*2A_2
Change Net Name : Old Net Name=NetU4_U_DCDCreg5_16 New Net Name=NetU4B_16
Change Net Name : Old Net Name=NetU4_U_DCDCreg_16 New Net Name=NetU4A_16
Change Net Name : Old Net Name=NetU13_U_MuxVM_1_3 New Net Name=NetU13A_3
Change Net Name : Old Net Name=NetU13_U_MuxVM_2_3 New Net Name=NetU13B_3
Change Net Name : Old Net Name=NetU14_U_MuxVM_1_3 New Net Name=NetU14A_3
Change Net Name : Old Net Name=NetU14_U_MuxVM_2_3 New Net Name=NetU14B_3
Change Net Name : Old Net Name=OUT1_PROT_U_PowerIO_1 New Net Name=OUT1_PROTA
Change Net Name : Old Net Name=OUT1_PROT_U_PowerIO_2 New Net Name=OUT1_PROTB
Change Net Name : Old Net Name=OUT1_U_PowerIO_1 New Net Name=OUT1A
Change Net Name : Old Net Name=OUT1_U_PowerIO_2 New Net Name=OUT1B
Change Net Name : Old Net Name=OUT2_PROT_U_PowerIO_1 New Net Name=OUT2_PROTA
Change Net Name : Old Net Name=OUT2_PROT_U_PowerIO_2 New Net Name=OUT2_PROTB
Change Net Name : Old Net Name=OUT2_U_PowerIO_1 New Net Name=OUT2A
Change Net Name : Old Net Name=OUT2_U_PowerIO_2 New Net Name=OUT2B
Change Net Name : Old Net Name=OUT3_PROT_U_PowerIO_1 New Net Name=OUT3_PROTA
Change Net Name : Old Net Name=OUT3_PROT_U_PowerIO_2 New Net Name=OUT3_PROTB
Change Net Name : Old Net Name=OUT3_U_PowerIO_1 New Net Name=OUT3A
Change Net Name : Old Net Name=OUT3_U_PowerIO_2 New Net Name=OUT3B
Change Net Name : Old Net Name=OUT4_PROT_U_PowerIO_1 New Net Name=OUT4_PROTA
Change Net Name : Old Net Name=OUT4_PROT_U_PowerIO_2 New Net Name=OUT4_PROTB
Change Net Name : Old Net Name=OUT4_U_PowerIO_1 New Net Name=OUT4A
Change Net Name : Old Net Name=OUT4_U_PowerIO_2 New Net Name=OUT4B
Change Net Name : Old Net Name=R_LMA_IMON_U_MuxVM_1 New Net Name=R_LMA_IMONA
Change Net Name : Old Net Name=R_LMA_IMON_U_MuxVM_2 New Net Name=R_LMA_IMONB
Change Net Name : Old Net Name=R_LMB_IMON_U_MuxVM_1 New Net Name=R_LMB_IMONA
Change Net Name : Old Net Name=R_LMB_IMON_U_MuxVM_2 New Net Name=R_LMB_IMONB
Change Net Name : Old Net Name=SW1_U_DCDCreg5 New Net Name=SW1B
Change Net Name : Old Net Name=SW1_U_DCDCreg New Net Name=SW1A
Change Net Name : Old Net Name=SW2_U_DCDCreg5 New Net Name=SW2B
Change Net Name : Old Net Name=SW2_U_DCDCreg New Net Name=SW2A
Change Net Name : Old Net Name=VCP_U_PowerIO_1 New Net Name=VCPA
Change Net Name : Old Net Name=VCP_U_PowerIO_2 New Net Name=VCPB
Change Net Name : Old Net Name=VSUP_U_DCDCreg5 New Net Name=VSUPB
Change Net Name : Old Net Name=VSUP_U_DCDCreg New Net Name=VSUPA
Change Class Name : Old Net Name=U_DCDCreg5 New Net Name=Reg5
Change Class Name : Old Net Name=U_DCDCreg New Net Name=Reg
Change Class Name : Old Net Name=U_PowerIO_1 New Net Name=Q1
Change Class Name : Old Net Name=U_PowerIO_2 New Net Name=Q2
Added Member To Class: ClassName=Reg5 Member=Component C6B (C6) 100n 25V
Added Member To Class: ClassName=Reg Member=Component C7A (C7) 100n 25V
Added Member To Class: ClassName=Reg Member=Component C8A (C8) A768EB107M1ELAS036
Added Member To Class: ClassName=Reg Member=Component C9A (C9) 10u 25V
Added Member To Class: ClassName=Reg5 Member=Component C10B (C10) 1uF 25V
Added Member To Class: ClassName=Reg5 Member=Component C11B (C11) A768EB107M1ELAS036
Added Member To Class: ClassName=Reg Member=Component C12A (C12) 1uF 25V
Added Member To Class: ClassName=Reg Member=Component C13A (C13) 22u 25V
Added Member To Class: ClassName=Reg5 Member=Component C13B (C13) 22u 25V
Added Member To Class: ClassName=Reg5 Member=Component C15B (C15) 22u 25V
Added Member To Class: ClassName=Reg Member=Component C16A (C16) A768EB107M1ELAS036
Added Member To Class: ClassName=Reg Member=Component C17A (C17) 4u7 16V
Added Member To Class: ClassName=Q1 Member=Component C66A (C66) 10nF 25V
Added Member To Class: ClassName=Q2 Member=Component C66B (C66) 10nF 25V
Added Member To Class: ClassName=Reg Member=Component C*1A (C*1) 120pF 10V
Added Member To Class: ClassName=Reg Member=Component C*2A (C*2) 4u7 16V
Added Member To Class: ClassName=Q2 Member=Component JP2B (JP2) JUMPER
Added Member To Class: ClassName=Reg Member=Component L1A (L1) SRP1265A-4R7M
Added Member To Class: ClassName=Reg Member=Component R*1A (R*1) 27k4
Added Member To Class: ClassName=Reg Member=Component R*2A (R*2) 48k7
Added Member To Class: ClassName=DRVPowerOutputs Member=Q1 (DRVPowerOutputs.SchDoc)
Added Member To Class: ClassName=DRVPowerOutputs Member=Q2 (DRVPowerOutputs.SchDoc)
Added Member To Class: ClassName=DCDCreg Member=Reg5 (DCDCreg.SchDoc)
Added Member To Class: ClassName=DCDCreg Member=Reg (DCDCreg.SchDoc)
