Change Component Designator: Old Designator=C? New Designator=C25
Change Component Designator: Old Designator=C? New Designator=C26
Change Component Designator: Old Designator=C? New Designator=C27
Change Component Designator: Old Designator=C? New Designator=C28
Change Component Designator: Old Designator=C? New Designator=C29
Change Component Designator: Old Designator=C? New Designator=C30
Change Component Designator: Old Designator=C? New Designator=C31
Change Component Designator: Old Designator=D? New Designator=D5
Change Component Designator: Old Designator=D? New Designator=D6
Change Component Designator: Old Designator=D? New Designator=D7
Change Component Designator: Old Designator=D? New Designator=D8
Change Component Designator: Old Designator=D? New Designator=D9
Change Component Designator: Old Designator=D? New Designator=D10
Change Component Designator: Old Designator=EN_VREG? New Designator=EN_VREG1
Change Component Designator: Old Designator=EN_VREG? New Designator=EN_VREG2
Change Component Designator: Old Designator=F_? New Designator=F_1
Change Component Designator: Old Designator=F_ST? New Designator=F_ST1
Change Component Designator: Old Designator=F_XT? New Designator=F_XT1
Change Component Designator: Old Designator=J_? New Designator=J_1
Change Component Designator: Old Designator=J_EXT_? New Designator=J_EXT_1
Change Component Designator: Old Designator=J_EXT_? New Designator=J_EXT_2
Change Component Designator: Old Designator=J_SUP? New Designator=J_SUP1
Change Component Designator: Old Designator=J_VREG? New Designator=J_VREG1
Change Component Designator: Old Designator=J_VREG? New Designator=J_VREG2
Change Component Designator: Old Designator=OUT_? New Designator=OUT_1
Change Component Designator: Old Designator=R? New Designator=R14
Change Component Designator: Old Designator=R? New Designator=R15
Change Component Designator: Old Designator=R? New Designator=R16
Change Component Designator: Old Designator=R? New Designator=R17
Change Component Designator: Old Designator=R? New Designator=R18
Change Component Designator: Old Designator=R? New Designator=R19
Change Component Designator: Old Designator=R? New Designator=R20
Change Component Designator: Old Designator=R? New Designator=R21
Change Component Designator: Old Designator=R? New Designator=R22
Change Component Designator: Old Designator=R? New Designator=R23
Change Component Designator: Old Designator=R_S? New Designator=R_S2
Change Component Designator: Old Designator=U? New Designator=U6
Change Component Designator: Old Designator=U? New Designator=U7
Change Component Designator: Old Designator=U? New Designator=U8
