Change Component Designator: Old Designator=C37 New Designator=C?
Change Component Designator: Old Designator=C63 New Designator=C?
Change Component Designator: Old Designator=C64 New Designator=C?
Change Component Designator: Old Designator=C_BULK_PWM New Designator=C_BULK_PWM?
Change Component Designator: Old Designator=D7 New Designator=D?
Change Component Designator: Old Designator=D8 New Designator=D?
Change Component Designator: Old Designator=D9 New Designator=D?
Change Component Designator: Old Designator=D10 New Designator=D?
Change Component Designator: Old Designator=D11 New Designator=D?
Change Component Designator: Old Designator=D12 New Designator=D?
Change Component Designator: Old Designator=D13 New Designator=D?
Change Component Designator: Old Designator=D14 New Designator=D?
Change Component Designator: Old Designator=D15 New Designator=D?
Change Component Designator: Old Designator=D16 New Designator=D?
Change Component Designator: Old Designator=J_PWM_GND New Designator=J_PWM_GND?
Change Component Designator: Old Designator=J_PWM_S New Designator=J_PWM_S?
Change Component Designator: Old Designator=J_PWM_VSUP New Designator=J_PWM_VSUP?
Change Component Designator: Old Designator=PWM_3V5 New Designator=PWM_?
Change Component Designator: Old Designator=PWM_60h New Designator=PWM_?
Change Component Designator: Old Designator=PWM_70h New Designator=PWM_?
Change Component Designator: Old Designator=PWM_REG5 New Designator=PWM_REG?
Change Component Designator: Old Designator=R32 New Designator=R?
Change Component Designator: Old Designator=R33 New Designator=R?
Change Component Designator: Old Designator=R34 New Designator=R?
Change Component Designator: Old Designator=R35 New Designator=R?
Change Component Designator: Old Designator=R36 New Designator=R?
Change Component Designator: Old Designator=R37 New Designator=R?
Change Component Designator: Old Designator=R38 New Designator=R?
Change Component Designator: Old Designator=R39 New Designator=R?
Change Component Designator: Old Designator=R40 New Designator=R?
Change Component Designator: Old Designator=U10 New Designator=U?
